<html>
<body>
<pre>
<h1>µVision Build Log</h1>
<h2>Tool Versions:</h2>
IDE-Version: ¦ÌVision V5.14.0.0
Copyright (C) 2015 ARM Ltd and ARM Germany GmbH. All rights reserved.
License Information: 123 Windows, HP Inc., LIC=ZB4HL-0UGQ3-30BNC-77U3B-DSA4R-Q9YXR
 
Tool Versions:
Toolchain:       MDK-ARM Standard  Version: 5.14.0.0
Toolchain Path:  D:\Keil_v5\ARM\ARMCC\Bin
C Compiler:      Armcc.exe V5.05 update 1 (build 106)
Assembler:       Armasm.exe V5.05 update 1 (build 106)
Linker/Locator:  ArmLink.exe V5.05 update 1 (build 106)
Library Manager: ArmAr.exe V5.05 update 1 (build 106)
Hex Converter:   FromElf.exe V5.05 update 1 (build 106)
CPU DLL:         SARMCM3.DLL V5.14.0.0
Dialog DLL:      DCM.DLL V1.13.1.0
Target DLL:      Segger\JL2CM3.dll V2.99.13.0
Dialog DLL:      TCM.DLL V1.14.4.0
 
<h2>Project:</h2>
F:\grow\git\liaoning2017\software\MDK-ARM\demo.uvprojx
Project File Date:  10/01/2017

<h2>Output:</h2>
Build target 'ACTION'
compiling main.c...
..\Action_User\main.c(56): warning:  #1-D: last line of file ends without a newline
  }
..\Action_User\main.c: 1 warning, 0 errors
compiling task.c...
compiling sweep.c...
compiling avoid.c...
compiling camera.c...
compiling shoot.c...
compiling fix.c...
compiling circle.c...
compiling pid.c...
compiling collect.c...
compiling test.c...
compiling debug.c...
compiling stm32f4xx_it.c...
compiling timer.c...
compiling motor.c...
compiling tools.c...
compiling condition.c...
linking...
Program Size: Code=25736 RO-data=1440 RW-data=428 ZI-data=18500  
FromELF: creating hex file...
".\SZW_STM32F407\demo.axf" - 0 Error(s), 1 Warning(s).

<h2>Collection of Component include folders:</h2>
  F:\grow\git\liaoning2017\software\MDK-ARM\RTE
  D:\Keil_v5\ARM\PACK\Keil\STM32F4xx_DFP\2.11.0

<h2>Collection of Component Files used:</h2>
</pre>
</body>
</html>
