<html>
<body>
<pre>
<h1>µVision Build Log</h1>
<h2>Tool Versions:</h2>
IDE-Version: ¦ÌVision V5.21.1.0
Copyright (C) 2016 ARM Ltd and ARM Germany GmbH. All rights reserved.
License Information: yang yangxiu, NEU, LIC=0VR9U-SYYDW-77IRP-MUNWS-YTS5Z-GJ3WM
 
Tool Versions:
Toolchain:       MDK-ARM Professional  Version: 5.21a
Toolchain Path:  D:\program files\mdk521a\ARM\ARMCC\Bin
C Compiler:      Armcc.exe V5.06 update 3 (build 300)
Assembler:       Armasm.exe V5.06 update 3 (build 300)
Linker/Locator:  ArmLink.exe V5.06 update 3 (build 300)
Library Manager: ArmAr.exe V5.06 update 3 (build 300)
Hex Converter:   FromElf.exe V5.06 update 3 (build 300)
CPU DLL:         SARMCM3.DLL V5.21a
Dialog DLL:      DCM.DLL V1.13.8.0
Target DLL:      Segger\JL2CM3.dll V2.99.23.0
Dialog DLL:      TCM.DLL V1.14.14.0
 
<h2>Project:</h2>
C:\Users\yangxiu\Desktop\LIAONING\qiaocub\software\MDK-ARM\demo.uvprojx
Project File Date:  10/12/2017

<h2>Output:</h2>
*** Using Compiler 'V5.06 update 3 (build 300)', folder: 'D:\program files\mdk521a\ARM\ARMCC\Bin'
Build target 'ACTION'
compiling task.c...
..\Action_User\task.c(103): warning:  #177-D: variable "checktime" was declared but never referenced
  	static int checktime=0;
..\Action_User\task.c: 1 warning, 0 errors
linking...
Program Size: Code=33412 RO-data=1636 RW-data=520 ZI-data=18648  
FromELF: creating hex file...
".\SZW_STM32F407\demo.axf" - 0 Error(s), 1 Warning(s).

<h2>Collection of Component include folders:</h2>
  C:\Users\yangxiu\Desktop\LIAONING\qiaocub\software\MDK-ARM\RTE
  D:\program files\mdk521a\ARM\PACK\Keil\STM32F4xx_DFP\2.11.0\Drivers\CMSIS\Device\ST\STM32F4xx\Include

<h2>Collection of Component Files used:</h2>
Build Time Elapsed:  00:00:02
</pre>
</body>
</html>
