Component: ARM Compiler 5.06 update 3 (build 300) Tool: armlink [4d35c9]

==============================================================================

Section Cross References

    main.o(.ARM.exidx) refers to main.o(.rev16_text) for __asm___6_main_c_gRobot____REV16
    main.o(.ARM.exidx) refers to main.o(.revsh_text) for __asm___6_main_c_gRobot____REVSH
    main.o(.ARM.exidx) refers to main.o(.rrx_text) for __asm___6_main_c_gRobot____RRX
    main.o(i.main) refers to task.o(i.robotInit) for robotInit
    main.o(i.main) refers to usart.o(i.USART_OUT) for USART_OUT
    main.o(i.main) refers to stm32f4xx_gpio.o(i.GPIO_ResetBits) for GPIO_ResetBits
    main.o(i.main) refers to sweep.o(i.LaserStart) for LaserStart
    main.o(i.main) refers to stm32f4xx_gpio.o(i.GPIO_ReadInputDataBit) for GPIO_ReadInputDataBit
    main.o(i.main) refers to fix.o(i.getLeftAdc) for getLeftAdc
    main.o(i.main) refers to fix.o(i.getRightAdc) for getRightAdc
    main.o(i.main) refers to tools.o(i.MotorRead) for MotorRead
    main.o(i.main) refers to avoid.o(i.AbnormityJudge) for AbnormityJudge
    main.o(i.main) refers to avoid.o(i.AbnormityHandle) for AbnormityHandle
    main.o(i.main) refers to sweep.o(i.Run) for Run
    main.o(i.main) refers to avoid.o(i.Pointparking2) for Pointparking2
    main.o(i.main) refers to fix.o(i.FixTask) for FixTask
    main.o(i.main) refers to shoot.o(i.fireTask) for fireTask
    main.o(i.main) refers to sweep.o(i.Out2In) for Out2In
    main.o(i.main) refers to timer.o(i.getTimeFlag) for getTimeFlag
    main.o(i.main) refers to main.o(.bss) for gRobot
    main.o(i.main) refers to stm32f4xx_it.o(.data) for Yangle
    main.o(i.main) refers to main.o(.data) for openTime
    main.o(.ARM.exidx) refers to main.o(i.main) for i.main
    main.o(.ARM.exidx) refers to unwind_pr0.o(.text) for __aeabi_unwind_cpp_pr0
    task.o(.ARM.exidx) refers to task.o(.rev16_text) for __asm___6_task_c_HardWare____REV16
    task.o(.ARM.exidx) refers to task.o(.revsh_text) for __asm___6_task_c_HardWare____REVSH
    task.o(.ARM.exidx) refers to task.o(.rrx_text) for __asm___6_task_c_HardWare____RRX
    task.o(i.DisDriveGyro) refers to timer.o(i.Delay_ms) for Delay_ms
    task.o(i.DisDriveGyro) refers to stm32f4xx_usart.o(i.USART_SendData) for USART_SendData
    task.o(i.DisDriveGyro) refers to stm32f4xx_it.o(i.IsSendOK) for IsSendOK
    task.o(i.DisDriveGyro) refers to stm32f4xx_it.o(i.SetOKFlagZero) for SetOKFlagZero
    task.o(i.HardWare) refers to timer.o(i.TIM_Init) for TIM_Init
    task.o(i.HardWare) refers to can.o(i.CAN_Config) for CAN_Config
    task.o(i.HardWare) refers to adc.o(i.Adc_Init) for Adc_Init
    task.o(i.HardWare) refers to gpio.o(i.BeepInit) for BeepInit
    task.o(i.HardWare) refers to gpio.o(i.PhotoelectricityInit) for PhotoelectricityInit
    task.o(i.HardWare) refers to gpio.o(i.TravelSwitch_Init) for TravelSwitch_Init
    task.o(i.HardWare) refers to gpio.o(i.PullLevel) for PullLevel
    task.o(i.HardWare) refers to usart.o(i.ShootUSART1_Init) for ShootUSART1_Init
    task.o(i.HardWare) refers to usart.o(i.CameraUSART2_Init) for CameraUSART2_Init
    task.o(i.HardWare) refers to usart.o(i.PostionUSART3_Init) for PostionUSART3_Init
    task.o(i.HardWare) refers to dma.o(i.UART5DMAInit) for UART5DMAInit
    task.o(i.driveGyro) refers to timer.o(i.Delay_ms) for Delay_ms
    task.o(i.driveGyro) refers to stm32f4xx_usart.o(i.USART_SendData) for USART_SendData
    task.o(i.driveGyro) refers to stm32f4xx_it.o(i.IsSendOK) for IsSendOK
    task.o(i.driveGyro) refers to stm32f4xx_it.o(i.SetOKFlagZero) for SetOKFlagZero
    task.o(i.elmoInit) refers to elmo.o(i.elmo_Init) for elmo_Init
    task.o(i.elmoInit) refers to elmo.o(i.elmo_Disable) for elmo_Disable
    task.o(i.elmoInit) refers to elmo.o(i.Vel_cfg) for Vel_cfg
    task.o(i.robotInit) refers to misc.o(i.NVIC_PriorityGroupConfig) for NVIC_PriorityGroupConfig
    task.o(i.robotInit) refers to task.o(i.HardWare) for HardWare
    task.o(i.robotInit) refers to task.o(i.elmoInit) for elmoInit
    task.o(i.robotInit) refers to task.o(i.variableInit) for variableInit
    task.o(i.robotInit) refers to stm32f4xx_gpio.o(i.GPIO_ResetBits) for GPIO_ResetBits
    task.o(i.robotInit) refers to motor.o(i.ShootCtr) for ShootCtr
    task.o(i.robotInit) refers to elmo.o(i.Vel_cfg) for Vel_cfg
    task.o(i.robotInit) refers to motor.o(i.CollectBallVelCtr) for CollectBallVelCtr
    task.o(i.robotInit) refers to main.o(.bss) for gRobot
    task.o(i.variableInit) refers to main.o(.bss) for gRobot
    task.o(.ARM.exidx) refers to task.o(i.HardWare) for i.HardWare
    task.o(.ARM.exidx) refers to unwind_pr0.o(.text) for __aeabi_unwind_cpp_pr0
    task.o(.ARM.exidx) refers to task.o(i.elmoInit) for i.elmoInit
    task.o(.ARM.exidx) refers to unwind_pr0.o(.text) for __aeabi_unwind_cpp_pr0
    task.o(.ARM.exidx) refers to task.o(i.variableInit) for i.variableInit
    task.o(.ARM.exidx) refers to task.o(i.robotInit) for i.robotInit
[...]
    __rt_lib_shutdown_return                 0x08000263   Thumb Code     0  libshutdown2.o(.ARM.Collect$$libshutdown$$00000010)
    __rt_lib_shutdown_signal_1               0x08000263   Thumb Code     0  libshutdown2.o(.ARM.Collect$$libshutdown$$0000000A)
    __rt_lib_shutdown_stdio_1                0x08000263   Thumb Code     0  libshutdown2.o(.ARM.Collect$$libshutdown$$00000004)
    __rt_lib_shutdown_user_alloc_1           0x08000263   Thumb Code     0  libshutdown2.o(.ARM.Collect$$libshutdown$$0000000C)
    __rt_entry                               0x08000265   Thumb Code     0  __rtentry.o(.ARM.Collect$$rtentry$$00000000)
    __rt_entry_presh_1                       0x08000265   Thumb Code     0  __rtentry2.o(.ARM.Collect$$rtentry$$00000002)
    __rt_entry_sh                            0x08000265   Thumb Code     0  __rtentry4.o(.ARM.Collect$$rtentry$$00000004)
    __rt_entry_li                            0x0800026b   Thumb Code     0  __rtentry2.o(.ARM.Collect$$rtentry$$0000000A)
    __rt_entry_postsh_1                      0x0800026b   Thumb Code     0  __rtentry2.o(.ARM.Collect$$rtentry$$00000009)
    __rt_entry_main                          0x0800026f   Thumb Code     0  __rtentry2.o(.ARM.Collect$$rtentry$$0000000D)
    __rt_entry_postli_1                      0x0800026f   Thumb Code     0  __rtentry2.o(.ARM.Collect$$rtentry$$0000000C)
    __rt_exit                                0x08000277   Thumb Code     0  rtexit.o(.ARM.Collect$$rtexit$$00000000)
    __rt_exit_ls                             0x08000279   Thumb Code     0  rtexit2.o(.ARM.Collect$$rtexit$$00000003)
    __rt_exit_prels_1                        0x08000279   Thumb Code     0  rtexit2.o(.ARM.Collect$$rtexit$$00000002)
    __rt_exit_exit                           0x0800027d   Thumb Code     0  rtexit2.o(.ARM.Collect$$rtexit$$00000004)
    Reset_Handler                            0x08000285   Thumb Code     8  startup_stm32f4xx.o(.text)
    PendSV_Handler                           0x0800029b   Thumb Code     2  startup_stm32f4xx.o(.text)
    SysTick_Handler                          0x0800029d   Thumb Code     2  startup_stm32f4xx.o(.text)
    ADC_IRQHandler                           0x0800029f   Thumb Code     0  startup_stm32f4xx.o(.text)
    CAN1_RX1_IRQHandler                      0x0800029f   Thumb Code     0  startup_stm32f4xx.o(.text)
    CAN1_SCE_IRQHandler                      0x0800029f   Thumb Code     0  startup_stm32f4xx.o(.text)
    CAN1_TX_IRQHandler                       0x0800029f   Thumb Code     0  startup_stm32f4xx.o(.text)
    CAN2_RX1_IRQHandler                      0x0800029f   Thumb Code     0  startup_stm32f4xx.o(.text)
    CAN2_SCE_IRQHandler                      0x0800029f   Thumb Code     0  startup_stm32f4xx.o(.text)
    CAN2_TX_IRQHandler                       0x0800029f   Thumb Code     0  startup_stm32f4xx.o(.text)
    CRYP_IRQHandler                          0x0800029f   Thumb Code     0  startup_stm32f4xx.o(.text)
    DCMI_IRQHandler                          0x0800029f   Thumb Code     0  startup_stm32f4xx.o(.text)
    DMA1_Stream0_IRQHandler                  0x0800029f   Thumb Code     0  startup_stm32f4xx.o(.text)
    DMA1_Stream1_IRQHandler                  0x0800029f   Thumb Code     0  startup_stm32f4xx.o(.text)
    DMA1_Stream2_IRQHandler                  0x0800029f   Thumb Code     0  startup_stm32f4xx.o(.text)
    DMA1_Stream3_IRQHandler                  0x0800029f   Thumb Code     0  startup_stm32f4xx.o(.text)
    DMA1_Stream4_IRQHandler                  0x0800029f   Thumb Code     0  startup_stm32f4xx.o(.text)
    DMA1_Stream5_IRQHandler                  0x0800029f   Thumb Code     0  startup_stm32f4xx.o(.text)
    DMA1_Stream6_IRQHandler                  0x0800029f   Thumb Code     0  startup_stm32f4xx.o(.text)
    DMA2_Stream0_IRQHandler                  0x0800029f   Thumb Code     0  startup_stm32f4xx.o(.text)
    DMA2_Stream1_IRQHandler                  0x0800029f   Thumb Code     0  startup_stm32f4xx.o(.text)
    DMA2_Stream2_IRQHandler                  0x0800029f   Thumb Code     0  startup_stm32f4xx.o(.text)
    DMA2_Stream3_IRQHandler                  0x0800029f   Thumb Code     0  startup_stm32f4xx.o(.text)
    DMA2_Stream4_IRQHandler                  0x0800029f   Thumb Code     0  startup_stm32f4xx.o(.text)
    DMA2_Stream5_IRQHandler                  0x0800029f   Thumb Code     0  startup_stm32f4xx.o(.text)
    DMA2_Stream6_IRQHandler                  0x0800029f   Thumb Code     0  startup_stm32f4xx.o(.text)
    DMA2_Stream7_IRQHandler                  0x0800029f   Thumb Code     0  startup_stm32f4xx.o(.text)
    ETH_IRQHandler                           0x0800029f   Thumb Code     0  startup_stm32f4xx.o(.text)
    ETH_WKUP_IRQHandler                      0x0800029f   Thumb Code     0  startup_stm32f4xx.o(.text)
    EXTI0_IRQHandler                         0x0800029f   Thumb Code     0  startup_stm32f4xx.o(.text)
    EXTI15_10_IRQHandler                     0x0800029f   Thumb Code     0  startup_stm32f4xx.o(.text)
    EXTI1_IRQHandler                         0x0800029f   Thumb Code     0  startup_stm32f4xx.o(.text)
    EXTI2_IRQHandler                         0x0800029f   Thumb Code     0  startup_stm32f4xx.o(.text)
    EXTI3_IRQHandler                         0x0800029f   Thumb Code     0  startup_stm32f4xx.o(.text)
    EXTI4_IRQHandler                         0x0800029f   Thumb Code     0  startup_stm32f4xx.o(.text)
    EXTI9_5_IRQHandler                       0x0800029f   Thumb Code     0  startup_stm32f4xx.o(.text)
    FLASH_IRQHandler                         0x0800029f   Thumb Code     0  startup_stm32f4xx.o(.text)
    FPU_IRQHandler                           0x0800029f   Thumb Code     0  startup_stm32f4xx.o(.text)
    FSMC_IRQHandler                          0x0800029f   Thumb Code     0  startup_stm32f4xx.o(.text)
    HASH_RNG_IRQHandler                      0x0800029f   Thumb Code     0  startup_stm32f4xx.o(.text)
    I2C1_ER_IRQHandler                       0x0800029f   Thumb Code     0  startup_stm32f4xx.o(.text)
    I2C1_EV_IRQHandler                       0x0800029f   Thumb Code     0  startup_stm32f4xx.o(.text)
    I2C2_ER_IRQHandler                       0x0800029f   Thumb Code     0  startup_stm32f4xx.o(.text)
    I2C2_EV_IRQHandler                       0x0800029f   Thumb Code     0  startup_stm32f4xx.o(.text)
    I2C3_ER_IRQHandler                       0x0800029f   Thumb Code     0  startup_stm32f4xx.o(.text)
    I2C3_EV_IRQHandler                       0x0800029f   Thumb Code     0  startup_stm32f4xx.o(.text)
    OTG_FS_IRQHandler                        0x0800029f   Thumb Code     0  startup_stm32f4xx.o(.text)
    OTG_FS_WKUP_IRQHandler                   0x0800029f   Thumb Code     0  startup_stm32f4xx.o(.text)
    OTG_HS_EP1_IN_IRQHandler                 0x0800029f   Thumb Code     0  startup_stm32f4xx.o(.text)
    OTG_HS_EP1_OUT_IRQHandler                0x0800029f   Thumb Code     0  startup_stm32f4xx.o(.text)
    OTG_HS_IRQHandler                        0x0800029f   Thumb Code     0  startup_stm32f4xx.o(.text)
    OTG_HS_WKUP_IRQHandler                   0x0800029f   Thumb Code     0  startup_stm32f4xx.o(.text)
    PVD_IRQHandler                           0x0800029f   Thumb Code     0  startup_stm32f4xx.o(.text)
    RCC_IRQHandler                           0x0800029f   Thumb Code     0  startup_stm32f4xx.o(.text)
    RTC_Alarm_IRQHandler                     0x0800029f   Thumb Code     0  startup_stm32f4xx.o(.text)
    RTC_WKUP_IRQHandler                      0x0800029f   Thumb Code     0  startup_stm32f4xx.o(.text)
    SDIO_IRQHandler                          0x0800029f   Thumb Code     0  startup_stm32f4xx.o(.text)
    SPI1_IRQHandler                          0x0800029f   Thumb Code     0  startup_stm32f4xx.o(.text)
    SPI2_IRQHandler                          0x0800029f   Thumb Code     0  startup_stm32f4xx.o(.text)
    SPI3_IRQHandler                          0x0800029f   Thumb Code     0  startup_stm32f4xx.o(.text)
    TAMP_STAMP_IRQHandler                    0x0800029f   Thumb Code     0  startup_stm32f4xx.o(.text)
    TIM1_BRK_TIM9_IRQHandler                 0x0800029f   Thumb Code     0  startup_stm32f4xx.o(.text)
    TIM1_CC_IRQHandler                       0x0800029f   Thumb Code     0  startup_stm32f4xx.o(.text)
    TIM1_TRG_COM_TIM11_IRQHandler            0x0800029f   Thumb Code     0  startup_stm32f4xx.o(.text)
    TIM6_DAC_IRQHandler                      0x0800029f   Thumb Code     0  startup_stm32f4xx.o(.text)
    TIM7_IRQHandler                          0x0800029f   Thumb Code     0  startup_stm32f4xx.o(.text)
    TIM8_BRK_TIM12_IRQHandler                0x0800029f   Thumb Code     0  startup_stm32f4xx.o(.text)
    TIM8_CC_IRQHandler                       0x0800029f   Thumb Code     0  startup_stm32f4xx.o(.text)
    TIM8_TRG_COM_TIM14_IRQHandler            0x0800029f   Thumb Code     0  startup_stm32f4xx.o(.text)
    UART4_IRQHandler                         0x0800029f   Thumb Code     0  startup_stm32f4xx.o(.text)
    USART6_IRQHandler                        0x0800029f   Thumb Code     0  startup_stm32f4xx.o(.text)
    WWDG_IRQHandler                          0x0800029f   Thumb Code     0  startup_stm32f4xx.o(.text)
    __user_initial_stackheap                 0x080002a1   Thumb Code     0  startup_stm32f4xx.o(.text)
    __aeabi_memcpy4                          0x080002c5   Thumb Code     0  rt_memcpy_w.o(.text)
    __aeabi_memcpy8                          0x080002c5   Thumb Code     0  rt_memcpy_w.o(.text)
    __rt_memcpy_w                            0x080002c5   Thumb Code   100  rt_memcpy_w.o(.text)
    _memcpy_lastbytes_aligned                0x0800030d   Thumb Code     0  rt_memcpy_w.o(.text)
    __aeabi_memclr4                          0x08000329   Thumb Code     0  rt_memclr_w.o(.text)
    __aeabi_memclr8                          0x08000329   Thumb Code     0  rt_memclr_w.o(.text)
    __rt_memclr_w                            0x08000329   Thumb Code    78  rt_memclr_w.o(.text)
    _memset_w                                0x0800032d   Thumb Code     0  rt_memclr_w.o(.text)
    __use_two_region_memory                  0x08000377   Thumb Code     2  heapauxi.o(.text)
    __rt_heap_escrow                         0x08000379   Thumb Code     2  heapauxi.o(.text)
    __rt_heap_expand                         0x0800037b   Thumb Code     2  heapauxi.o(.text)
    __read_errno                             0x0800037d   Thumb Code    10  _rserrno.o(.text)
    __set_errno                              0x08000387   Thumb Code    12  _rserrno.o(.text)
    __strtod_int                             0x080003d1   Thumb Code    90  strtod.o(.text)
    __user_libspace                          0x08000439   Thumb Code     8  libspace.o(.text)
    __user_perproc_libspace                  0x08000439   Thumb Code     0  libspace.o(.text)
    __user_perthread_libspace                0x08000439   Thumb Code     0  libspace.o(.text)
    __rt_locale                              0x08000441   Thumb Code     8  rt_locale_intlibspace.o(.text)
    __aeabi_errno_addr                       0x08000449   Thumb Code     8  rt_errno_addr_intlibspace.o(.text)
    __errno$intlibspace                      0x08000449   Thumb Code     0  rt_errno_addr_intlibspace.o(.text)
    __rt_errno_addr$intlibspace              0x08000449   Thumb Code     0  rt_errno_addr_intlibspace.o(.text)
    isspace                                  0x08000451   Thumb Code    18  isspace.o(.text)
    _sgetc                                   0x08000463   Thumb Code    30  _sgetc.o(.text)
    _sbackspace                              0x08000481   Thumb Code    34  _sgetc.o(.text)
    _btod_etento                             0x080004a5   Thumb Code   216  bigflt0.o(.text)
    __I$use$semihosting                      0x08000581   Thumb Code     0  use_no_semi.o(.text)
    __use_no_semihosting_swi                 0x08000581   Thumb Code     2  use_no_semi.o(.text)
    __semihosting_library_function           0x08000583   Thumb Code     0  indicate_semi.o(.text)
    __user_setup_stackheap                   0x08000583   Thumb Code    74  sys_stackheap_outer.o(.text)
    __rt_ctype_table                         0x080005cd   Thumb Code    16  rt_ctype_table.o(.text)
    _scanf_really_real                       0x080007d9   Thumb Code   668  scanf_fp.o(.text)
    exit                                     0x08000a81   Thumb Code    18  exit.o(.text)
    strcmp                                   0x08000a95   Thumb Code   128  strcmpv7m.o(.text)
    _sys_exit                                0x08000b15   Thumb Code     8  sys_exit.o(.text)
    _scanf_really_hex_real                   0x08000b21   Thumb Code   786  scanf_hexfp.o(.text)
    _scanf_really_infnan                     0x08000e41   Thumb Code   292  scanf_infnan.o(.text)
    __aeabi_llsl                             0x08000f75   Thumb Code     0  llshl.o(.text)
    _ll_shift_l                              0x08000f75   Thumb Code    38  llshl.o(.text)
    _chval                                   0x08000f9b   Thumb Code    28  _chval.o(.text)
    __btod_div_common                        0x08000fb7   Thumb Code   696  btod.o(CL$$btod_div_common)
    _e2d                                     0x080012f1   Thumb Code    80  btod.o(CL$$btod_e2d)
    _e2e                                     0x08001345   Thumb Code   198  btod.o(CL$$btod_e2e)
    _btod_ediv                               0x0800140b   Thumb Code    40  btod.o(CL$$btod_ediv)
    _btod_edivd                              0x08001433   Thumb Code    40  btod.o(CL$$btod_edivd)
    _btod_emul                               0x0800145b   Thumb Code    40  btod.o(CL$$btod_emul)
    _btod_emuld                              0x08001483   Thumb Code    40  btod.o(CL$$btod_emuld)
    __btod_mult_common                       0x080014ab   Thumb Code   580  btod.o(CL$$btod_mult_common)
    ADC_Cmd                                  0x080016ef   Thumb Code    22  stm32f4xx_adc.o(i.ADC_Cmd)
    ADC_CommonInit                           0x08001705   Thumb Code    34  stm32f4xx_adc.o(i.ADC_CommonInit)
    ADC_GetConversionValue                   0x08001735   Thumb Code     8  stm32f4xx_adc.o(i.ADC_GetConversionValue)
    ADC_GetFlagStatus                        0x0800173d   Thumb Code    18  stm32f4xx_adc.o(i.ADC_GetFlagStatus)
    ADC_Init                                 0x08001751   Thumb Code    74  stm32f4xx_adc.o(i.ADC_Init)
    ADC_RegularChannelConfig                 0x080017a5   Thumb Code   184  stm32f4xx_adc.o(i.ADC_RegularChannelConfig)
    ADC_SoftwareStartConv                    0x0800185d   Thumb Code    10  stm32f4xx_adc.o(i.ADC_SoftwareStartConv)
    AbnormityHandle                          0x08001869   Thumb Code    82  avoid.o(i.AbnormityHandle)
    AbnormityJudge                           0x080018c1   Thumb Code   136  avoid.o(i.AbnormityJudge)
    Adc_Init                                 0x08001999   Thumb Code   126  adc.o(i.Adc_Init)
    AgainstWall                              0x08001a21   Thumb Code   260  sweep.o(i.AgainstWall)
    AgainstWallPidControl                    0x08001b45   Thumb Code    76  pid.o(i.AgainstWallPidControl)
    AnglePidControl                          0x08001ba9   Thumb Code    62  pid.o(i.AnglePidControl)
    AngleRoute                               0x08001bf9   Thumb Code   110  sweep.o(i.AngleRoute)
    AntiCircle                               0x08001c7d   Thumb Code    86  sweep.o(i.AntiCircle)
    AntiClockWise                            0x08001ce1   Thumb Code   130  sweep.o(i.AntiClockWise)
    AntiSquare                               0x08001d75   Thumb Code   426  sweep.o(i.AntiSquare)
    AntiSquare2                              0x08001f55   Thumb Code   416  sweep.o(i.AntiSquare2)
    AntiSquare3                              0x08002135   Thumb Code   416  sweep.o(i.AntiSquare3)
    AntiSquare4                              0x08002315   Thumb Code   416  sweep.o(i.AntiSquare4)
    AvoidCar                                 0x080024f5   Thumb Code   124  avoid.o(i.AvoidCar)
    BackCar                                  0x0800258d   Thumb Code   186  avoid.o(i.BackCar)
    BackCarIn                                0x08002665   Thumb Code   902  avoid.o(i.BackCarIn)
    BackCarOut                               0x08002a69   Thumb Code   888  avoid.o(i.BackCarOut)
    BeepInit                                 0x08002e59   Thumb Code    56  gpio.o(i.BeepInit)
    BusFault_Handler                         0x08002e95   Thumb Code     4  stm32f4xx_it.o(i.BusFault_Handler)
    CAN1_RX0_IRQHandler                      0x08002e99   Thumb Code   256  stm32f4xx_it.o(i.CAN1_RX0_IRQHandler)
    CAN2_RX0_IRQHandler                      0x08002fcd   Thumb Code   188  stm32f4xx_it.o(i.CAN2_RX0_IRQHandler)
    CAN_ClearFlag                            0x080030b5   Thumb Code    52  stm32f4xx_can.o(i.CAN_ClearFlag)
    CAN_Config                               0x080030ed   Thumb Code   940  can.o(i.CAN_Config)
    CAN_DeInit                               0x0800349d   Thumb Code    50  stm32f4xx_can.o(i.CAN_DeInit)
    CAN_FilterInit                           0x080034d5   Thumb Code   258  stm32f4xx_can.o(i.CAN_FilterInit)
    CAN_ITConfig                             0x080035dd   Thumb Code    18  stm32f4xx_can.o(i.CAN_ITConfig)
    CAN_Init                                 0x080035ef   Thumb Code   276  stm32f4xx_can.o(i.CAN_Init)
    CAN_MessagePending                       0x08003703   Thumb Code    30  stm32f4xx_can.o(i.CAN_MessagePending)
    CAN_Receive                              0x08003721   Thumb Code   240  stm32f4xx_can.o(i.CAN_Receive)
    CAN_RxMsg                                0x08003811   Thumb Code    72  can.o(i.CAN_RxMsg)
    CAN_Transmit                             0x08003859   Thumb Code   294  stm32f4xx_can.o(i.CAN_Transmit)
    CAN_TransmitStatus                       0x08003981   Thumb Code   138  stm32f4xx_can.o(i.CAN_TransmitStatus)
    CAN_TxMsg                                0x08003a21   Thumb Code    88  can.o(i.CAN_TxMsg)
    CWalkJudge                               0x08003a79   Thumb Code    42  avoid.o(i.CWalkJudge)
    CameraUSART2_Init                        0x08003aa9   Thumb Code   172  usart.o(i.CameraUSART2_Init)
    CarPointTrans                            0x08003b5d   Thumb Code   584  avoid.o(i.CarPointTrans)
    ChangeBoard                              0x08003dc1   Thumb Code   194  sweep.o(i.ChangeBoard)
    CheckAgainstWall                         0x08003eb9   Thumb Code   964  sweep.o(i.CheckAgainstWall)
    CheckIntersect                           0x080042f1   Thumb Code   606  avoid.o(i.CheckIntersect)
    CheckStraddle                            0x08004595   Thumb Code   500  avoid.o(i.CheckStraddle)
    Circle                                   0x08004789   Thumb Code    86  sweep.o(i.Circle)
    CircleAnglePidControl                    0x080047ed   Thumb Code    62  circle.o(i.CircleAnglePidControl)
    CircleTransition                         0x0800483d   Thumb Code     8  avoid.o(i.CircleTransition)
    ClockWise                                0x08004845   Thumb Code   130  sweep.o(i.ClockWise)
    CollectBallVelCtr                        0x080048d9   Thumb Code    42  motor.o(i.CollectBallVelCtr)
    CollectBallVelTrans                      0x08004909   Thumb Code    14  motor.o(i.CollectBallVelTrans)
    CommitFix                                0x0800491d   Thumb Code    60  fix.o(i.CommitFix)
    CornerIn                                 0x0800495d   Thumb Code   334  avoid.o(i.CornerIn)
    CornerOut                                0x08004ad9   Thumb Code   336  avoid.o(i.CornerOut)
    DMA1_Stream7_IRQHandler                  0x08004c55   Thumb Code    30  dma.o(i.DMA1_Stream7_IRQHandler)
    DMA_ClearITPendingBit                    0x08004c7d   Thumb Code    38  stm32f4xx_dma.o(i.DMA_ClearITPendingBit)
    DMA_Cmd                                  0x08004cb1   Thumb Code    22  stm32f4xx_dma.o(i.DMA_Cmd)
    DMA_DeInit                               0x08004cc9   Thumb Code   324  stm32f4xx_dma.o(i.DMA_DeInit)
    DMA_GetCmdStatus                         0x08004e21   Thumb Code    20  stm32f4xx_dma.o(i.DMA_GetCmdStatus)
    DMA_GetITStatus                          0x08004e35   Thumb Code    82  stm32f4xx_dma.o(i.DMA_GetITStatus)
    DMA_ITConfig                             0x08004e99   Thumb Code    58  stm32f4xx_dma.o(i.DMA_ITConfig)
    DMA_Init                                 0x08004ed5   Thumb Code    82  stm32f4xx_dma.o(i.DMA_Init)
    DebugMon_Handler                         0x08004f2d   Thumb Code     2  stm32f4xx_it.o(i.DebugMon_Handler)
    Dis                                      0x08004f31   Thumb Code   140  tools.o(i.Dis)
    FixErr                                   0x08004fc5   Thumb Code    64  avoid.o(i.FixErr)
    FixHandle                                0x08005011   Thumb Code    14  avoid.o(i.FixHandle)
    FixJudge                                 0x08005025   Thumb Code     2  avoid.o(i.FixJudge)
    FixTask                                  0x08005029   Thumb Code   970  fix.o(i.FixTask)
    GPIO_Init                                0x08005461   Thumb Code   144  stm32f4xx_gpio.o(i.GPIO_Init)
    GPIO_PinAFConfig                         0x080054f1   Thumb Code    70  stm32f4xx_gpio.o(i.GPIO_PinAFConfig)
    GPIO_ReadInputDataBit                    0x08005537   Thumb Code    18  stm32f4xx_gpio.o(i.GPIO_ReadInputDataBit)
    GPIO_ResetBits                           0x08005549   Thumb Code     4  stm32f4xx_gpio.o(i.GPIO_ResetBits)
    GPIO_SetBits                             0x0800554d   Thumb Code     4  stm32f4xx_gpio.o(i.GPIO_SetBits)
    Get_Adc                                  0x08005551   Thumb Code    44  adc.o(i.Get_Adc)
    Get_Adc_Average                          0x08005581   Thumb Code    40  adc.o(i.Get_Adc_Average)
    Go2NextWall                              0x080055a9   Thumb Code   102  fix.o(i.Go2NextWall)
    HardFault_Handler                        0x08005629   Thumb Code     4  stm32f4xx_it.o(i.HardFault_Handler)
    HardWare                                 0x0800562d   Thumb Code   150  task.o(i.HardWare)
    In2Out                                   0x080056d9   Thumb Code    34  sweep.o(i.In2Out)
    In2Out2                                  0x08005701   Thumb Code   324  sweep.o(i.In2Out2)
    In2Out3                                  0x08005861   Thumb Code   324  sweep.o(i.In2Out3)
    JudgeStick                               0x080059c1   Thumb Code   482  avoid.o(i.JudgeStick)
    LaserJudge                               0x08005bf5   Thumb Code   354  avoid.o(i.LaserJudge)
    LaserStart                               0x08005ddd   Thumb Code   408  sweep.o(i.LaserStart)
    Launcher                                 0x08005f8d   Thumb Code   578  shoot.o(i.Launcher)
    Line                                     0x08006235   Thumb Code   686  pid.o(i.Line)
    Max                                      0x080064f9   Thumb Code    44  tools.o(i.Max)
    MemManage_Handler                        0x08006525   Thumb Code     4  stm32f4xx_it.o(i.MemManage_Handler)
    Min                                      0x08006529   Thumb Code    44  tools.o(i.Min)
    MotorRead                                0x08006555   Thumb Code    44  tools.o(i.MotorRead)
    NMI_Handler                              0x08006589   Thumb Code     4  stm32f4xx_it.o(i.NMI_Handler)
    NVIC_Init                                0x0800658d   Thumb Code   106  misc.o(i.NVIC_Init)
    NVIC_PriorityGroupConfig                 0x08006605   Thumb Code    10  misc.o(i.NVIC_PriorityGroupConfig)
    NiShiZhenCircleBiHuan                    0x08006619   Thumb Code   976  circle.o(i.NiShiZhenCircleBiHuan)
    Out2In                                   0x08006a59   Thumb Code   242  sweep.o(i.Out2In)
    ParkingHandle                            0x08006b5d   Thumb Code    66  avoid.o(i.ParkingHandle)
    ParkingJudge                             0x08006bb9   Thumb Code    42  avoid.o(i.ParkingJudge)
    PhotoelectricityInit                     0x08006be9   Thumb Code    44  gpio.o(i.PhotoelectricityInit)
    Pointparking2                            0x08006c19   Thumb Code   484  avoid.o(i.Pointparking2)
    PosCrl                                   0x08006e1d   Thumb Code   240  elmo.o(i.PosCrl)
    PostionUSART3_Init                       0x08006f21   Thumb Code   176  usart.o(i.PostionUSART3_Init)
    PullLevel                                0x08006fd9   Thumb Code    56  gpio.o(i.PullLevel)
    Pulse2Vel                                0x08007015   Thumb Code    34  tools.o(i.Pulse2Vel)
    PushBall                                 0x08007045   Thumb Code    18  motor.o(i.PushBall)
    PushBallReset                            0x0800705d   Thumb Code    16  motor.o(i.PushBallReset)
    RCC_AHB1PeriphClockCmd                   0x08007071   Thumb Code    26  stm32f4xx_rcc.o(i.RCC_AHB1PeriphClockCmd)
    RCC_APB1PeriphClockCmd                   0x08007091   Thumb Code    26  stm32f4xx_rcc.o(i.RCC_APB1PeriphClockCmd)
    RCC_APB1PeriphResetCmd                   0x080070b1   Thumb Code    26  stm32f4xx_rcc.o(i.RCC_APB1PeriphResetCmd)
    RCC_APB2PeriphClockCmd                   0x080070d1   Thumb Code    26  stm32f4xx_rcc.o(i.RCC_APB2PeriphClockCmd)
    RCC_APB2PeriphResetCmd                   0x080070f1   Thumb Code    26  stm32f4xx_rcc.o(i.RCC_APB2PeriphResetCmd)
    RCC_GetClocksFreq                        0x08007111   Thumb Code   214  stm32f4xx_rcc.o(i.RCC_GetClocksFreq)
    ReadActualPos                            0x080071f9   Thumb Code   158  elmo.o(i.ReadActualPos)
    Run                                      0x080072ad   Thumb Code    56  sweep.o(i.Run)
    SVC_Handler                              0x080072e9   Thumb Code     2  stm32f4xx_it.o(i.SVC_Handler)
    ShootCtr                                 0x080073d9   Thumb Code    86  motor.o(i.ShootCtr)
    ShootHandle                              0x08007435   Thumb Code   252  avoid.o(i.ShootHandle)
    ShootJudge                               0x08007555   Thumb Code   104  avoid.o(i.ShootJudge)
    ShootUSART1_Init                         0x080075d9   Thumb Code   174  usart.o(i.ShootUSART1_Init)
    ShunShiZhenCircleBiHuan                  0x08007691   Thumb Code   970  circle.o(i.ShunShiZhenCircleBiHuan)
    Square                                   0x08007acd   Thumb Code   426  sweep.o(i.Square)
    Square2                                  0x08007cad   Thumb Code   416  sweep.o(i.Square2)
    Square3                                  0x08007e8d   Thumb Code   416  sweep.o(i.Square3)
    Square4                                  0x0800806d   Thumb Code   416  sweep.o(i.Square4)
    SweepHandle                              0x0800824d   Thumb Code    66  avoid.o(i.SweepHandle)
    SweepJudge                               0x080082a9   Thumb Code    42  avoid.o(i.SweepJudge)
    SystemInit                               0x080082d9   Thumb Code    88  system_stm32f4xx.o(i.SystemInit)
    TIM1_UP_TIM10_IRQHandler                 0x08008341   Thumb Code    24  timer.o(i.TIM1_UP_TIM10_IRQHandler)
    TIM2_IRQHandler                          0x0800835d   Thumb Code    70  timer.o(i.TIM2_IRQHandler)
    TIM3_IRQHandler                          0x080083b1   Thumb Code   222  timer.o(i.TIM3_IRQHandler)
    TIM4_IRQHandler                          0x080084ad   Thumb Code    34  timer.o(i.TIM4_IRQHandler)
    TIM5_IRQHandler                          0x080084d9   Thumb Code    24  timer.o(i.TIM5_IRQHandler)
    TIM8_UP_TIM13_IRQHandler                 0x080084f5   Thumb Code    24  timer.o(i.TIM8_UP_TIM13_IRQHandler)
    TIM_ClearITPendingBit                    0x08008511   Thumb Code     6  stm32f4xx_tim.o(i.TIM_ClearITPendingBit)
    TIM_Cmd                                  0x08008517   Thumb Code    24  stm32f4xx_tim.o(i.TIM_Cmd)
    TIM_GetITStatus                          0x0800852f   Thumb Code    34  stm32f4xx_tim.o(i.TIM_GetITStatus)
    TIM_ITConfig                             0x08008551   Thumb Code    18  stm32f4xx_tim.o(i.TIM_ITConfig)
    TIM_Init                                 0x08008565   Thumb Code   440  timer.o(i.TIM_Init)
    TIM_TimeBaseInit                         0x08008729   Thumb Code   104  stm32f4xx_tim.o(i.TIM_TimeBaseInit)
    TravelSwitch_Init                        0x080087ad   Thumb Code    92  gpio.o(i.TravelSwitch_Init)
    UART5DMAInit                             0x08008811   Thumb Code   158  dma.o(i.UART5DMAInit)
    UART5_IRQHandler                         0x080088bd   Thumb Code   748  stm32f4xx_it.o(i.UART5_IRQHandler)
    UART5_Init                               0x08008bd1   Thumb Code   196  dma.o(i.UART5_Init)
    USART1_IRQHandler                        0x08008ca1   Thumb Code   228  stm32f4xx_it.o(i.USART1_IRQHandler)
    USART2_IRQHandler                        0x08008d9d   Thumb Code   212  stm32f4xx_it.o(i.USART2_IRQHandler)
    USART3_IRQHandler                        0x08008e8d   Thumb Code   448  stm32f4xx_it.o(i.USART3_IRQHandler)
    USART_ClearFlag                          0x08009085   Thumb Code    18  stm32f4xx_usart.o(i.USART_ClearFlag)
    USART_ClearITPendingBit                  0x08009097   Thumb Code    30  stm32f4xx_usart.o(i.USART_ClearITPendingBit)
    USART_Cmd                                0x080090b5   Thumb Code    24  stm32f4xx_usart.o(i.USART_Cmd)
    USART_DMACmd                             0x080090cd   Thumb Code    18  stm32f4xx_usart.o(i.USART_DMACmd)
    USART_DeInit                             0x080090e1   Thumb Code   156  stm32f4xx_usart.o(i.USART_DeInit)
    USART_GetFlagStatus                      0x08009195   Thumb Code    26  stm32f4xx_usart.o(i.USART_GetFlagStatus)
    USART_GetITStatus                        0x080091af   Thumb Code    84  stm32f4xx_usart.o(i.USART_GetITStatus)
    USART_ITConfig                           0x08009203   Thumb Code    74  stm32f4xx_usart.o(i.USART_ITConfig)
    USART_Init                               0x0800924d   Thumb Code   204  stm32f4xx_usart.o(i.USART_Init)
    USART_OUT                                0x08009321   Thumb Code   262  usart.o(i.USART_OUT)
    USART_ReceiveData                        0x08009427   Thumb Code    10  stm32f4xx_usart.o(i.USART_ReceiveData)
    USART_SendData                           0x08009431   Thumb Code    44  stm32f4xx_usart.o(i.USART_SendData)
    UsageFault_Handler                       0x0800945d   Thumb Code     4  stm32f4xx_it.o(i.UsageFault_Handler)
    Vchange                                  0x08009461   Thumb Code    82  sweep.o(i.Vchange)
    VelCrl                                   0x080094d1   Thumb Code   220  elmo.o(i.VelCrl)
    Vel_cfg                                  0x080095c1   Thumb Code   234  elmo.o(i.Vel_cfg)
    WalkHandle                               0x080096c5   Thumb Code    66  avoid.o(i.WalkHandle)
    WalkOne                                  0x08009721   Thumb Code   118  sweep.o(i.WalkOne)
    YawAngleCtr                              0x080097c1   Thumb Code    44  motor.o(i.YawAngleCtr)
    YawTransform                             0x080097f1   Thumb Code    22  motor.o(i.YawTransform)
    Ygoal                                    0x0800980d   Thumb Code   314  sweep.o(i.Ygoal)
    __ARM_fpclassify                         0x0800995d   Thumb Code    48  fpclassify.o(i.__ARM_fpclassify)
    __ARM_fpclassifyf                        0x0800998d   Thumb Code    38  fpclassifyf.o(i.__ARM_fpclassifyf)
    __hardfp_atan                            0x080099b9   Thumb Code   622  atan.o(i.__hardfp_atan)
    __hardfp_atan2                           0x08009c91   Thumb Code   432  atan2.o(i.__hardfp_atan2)
    __hardfp_atanf                           0x08009e81   Thumb Code   296  atanf.o(i.__hardfp_atanf)
    __hardfp_atof                            0x08009fe1   Thumb Code    44  atof.o(i.__hardfp_atof)
    __hardfp_cos                             0x0800a019   Thumb Code   180  cos.o(i.__hardfp_cos)
    __hardfp_cosf                            0x0800a0e1   Thumb Code   280  cosf.o(i.__hardfp_cosf)
    __hardfp_fabs                            0x0800a231   Thumb Code    20  fabs.o(i.__hardfp_fabs)
    __hardfp_ldexp                           0x0800a249   Thumb Code   200  ldexp.o(i.__hardfp_ldexp)
    __hardfp_pow                             0x0800a319   Thumb Code  3072  pow.o(i.__hardfp_pow)
    __hardfp_sin                             0x0800af69   Thumb Code   180  sin.o(i.__hardfp_sin)
    __hardfp_sinf                            0x0800b031   Thumb Code   344  sinf.o(i.__hardfp_sinf)
    __hardfp_sqrt                            0x0800b1c1   Thumb Code   122  sqrt.o(i.__hardfp_sqrt)
    __ieee754_rem_pio2                       0x0800b241   Thumb Code   938  rred.o(i.__ieee754_rem_pio2)
    __kernel_cos                             0x0800b679   Thumb Code   322  cos_i.o(i.__kernel_cos)
    __kernel_poly                            0x0800b7e9   Thumb Code   248  poly.o(i.__kernel_poly)
    __kernel_sin                             0x0800b8e1   Thumb Code   280  sin_i.o(i.__kernel_sin)
    __mathlib_dbl_divzero                    0x0800ba11   Thumb Code    28  dunder.o(i.__mathlib_dbl_divzero)
    __mathlib_dbl_infnan                     0x0800ba41   Thumb Code    20  dunder.o(i.__mathlib_dbl_infnan)
    __mathlib_dbl_infnan2                    0x0800ba55   Thumb Code    20  dunder.o(i.__mathlib_dbl_infnan2)
    __mathlib_dbl_invalid                    0x0800ba69   Thumb Code    24  dunder.o(i.__mathlib_dbl_invalid)
    __mathlib_dbl_overflow                   0x0800ba89   Thumb Code    24  dunder.o(i.__mathlib_dbl_overflow)
    __mathlib_dbl_underflow                  0x0800baa9   Thumb Code    24  dunder.o(i.__mathlib_dbl_underflow)
    __mathlib_flt_infnan                     0x0800bac9   Thumb Code     6  funder.o(i.__mathlib_flt_infnan)
    __mathlib_flt_invalid                    0x0800bad1   Thumb Code    10  funder.o(i.__mathlib_flt_invalid)
    __mathlib_flt_underflow                  0x0800bae1   Thumb Code    10  funder.o(i.__mathlib_flt_underflow)
    __mathlib_narrow                         0x0800baf1   Thumb Code   166  narrow.o(i.__mathlib_narrow)
    __mathlib_rredf2                         0x0800bba9   Thumb Code   316  rredf.o(i.__mathlib_rredf2)
    __support_ldexp                          0x0800bcfd   Thumb Code    20  ldexp.o(i.__support_ldexp)
    _is_digit                                0x0800bd11   Thumb Code    14  __printf_wp.o(i._is_digit)
    angleErrorCount                          0x0800bd21   Thumb Code    94  pid.o(i.angleErrorCount)
    atan                                     0x0800bd91   Thumb Code    16  atan.o(i.atan)
    circleChange                             0x0800bda1   Thumb Code   502  condition.o(i.circleChange)
    distancePidControl                       0x0800bfa5   Thumb Code    62  pid.o(i.distancePidControl)
    elmoInit                                 0x0800bff5   Thumb Code    54  task.o(i.elmoInit)
    elmo_Disable                             0x0800c031   Thumb Code   212  elmo.o(i.elmo_Disable)
    elmo_Init                                0x0800c119   Thumb Code    26  elmo.o(i.elmo_Init)
    fabs                                     0x0800c139   Thumb Code    24  fabs.o(i.fabs)
    fireTask                                 0x0800c151   Thumb Code  1316  shoot.o(i.fireTask)
    fixPosFirst                              0x0800c691   Thumb Code   818  fix.o(i.fixPosFirst)
    fixPosSec                                0x0800ca09   Thumb Code   132  fix.o(i.fixPosSec)
    frexp                                    0x0800cac1   Thumb Code   118  frexp.o(i.frexp)
    getAimBorder                             0x0800cb4d   Thumb Code   168  fix.o(i.getAimBorder)
    getAngle                                 0x0800cc11   Thumb Code   130  fix.o(i.getAngle)
    getBallColor                             0x0800cca9   Thumb Code     6  tools.o(i.getBallColor)
    getFixPara                               0x0800ccb5   Thumb Code   134  fix.o(i.getFixPara)
    getLeftAdc                               0x0800cd55   Thumb Code    32  fix.o(i.getLeftAdc)
    getRightAdc                              0x0800cd7d   Thumb Code    32  fix.o(i.getRightAdc)
    getTimeFlag                              0x0800cda5   Thumb Code    20  timer.o(i.getTimeFlag)
    getXpos                                  0x0800cdbd   Thumb Code   224  fix.o(i.getXpos)
    getYpos                                  0x0800ceb5   Thumb Code   224  fix.o(i.getYpos)
    getxRem                                  0x0800cfad   Thumb Code     8  tools.o(i.getxRem)
    getyRem                                  0x0800cfb9   Thumb Code     8  tools.o(i.getyRem)
    itoa                                     0x0800cfc5   Thumb Code    96  usart.o(i.itoa)
    main                                     0x0800d029   Thumb Code   522  main.o(i.main)
    maoCountBall                             0x0800d2b9   Thumb Code   206  collect.o(i.maoCountBall)
    onceDistancePidControl                   0x0800d3a9   Thumb Code    76  pid.o(i.onceDistancePidControl)
    robotInit                                0x0800d40d   Thumb Code    74  task.o(i.robotInit)
    setAngle                                 0x0800d46d   Thumb Code     8  fix.o(i.setAngle)
    setBallColor                             0x0800d479   Thumb Code     6  tools.o(i.setBallColor)
    setErr                                   0x0800d485   Thumb Code    48  fix.o(i.setErr)
    setErrSingle                             0x0800d4b5   Thumb Code    18  fix.o(i.setErrSingle)
    setErrX                                  0x0800d4d1   Thumb Code   214  fix.o(i.setErrX)
    setErrY                                  0x0800d5c1   Thumb Code   214  fix.o(i.setErrY)
    setF_ball                                0x0800d6b1   Thumb Code     6  tools.o(i.setF_ball)
    setXpos                                  0x0800d6bd   Thumb Code     8  fix.o(i.setXpos)
    setYpos                                  0x0800d6c9   Thumb Code     8  fix.o(i.setYpos)
    setxRem                                  0x0800d6d5   Thumb Code     8  tools.o(i.setxRem)
    setyRem                                  0x0800d6e1   Thumb Code     8  tools.o(i.setyRem)
    shootVelTrans                            0x0800d6ed   Thumb Code    30  motor.o(i.shootVelTrans)
    spacingPidControl                        0x0800d711   Thumb Code    76  pid.o(i.spacingPidControl)
    sqrt                                     0x0800d775   Thumb Code   110  sqrt.o(i.sqrt)
    variableInit                             0x0800d7e5   Thumb Code    36  task.o(i.variableInit)
    _get_lc_numeric                          0x0800d811   Thumb Code    44  lc_numeric_c.o(locale$$code)
    _get_lc_ctype                            0x0800d83d   Thumb Code    44  lc_ctype_c.o(locale$$code)
    __aeabi_dneg                             0x0800d869   Thumb Code     0  basic.o(x$fpl$basic)
    _dneg                                    0x0800d869   Thumb Code     6  basic.o(x$fpl$basic)
    __aeabi_fneg                             0x0800d86f   Thumb Code     0  basic.o(x$fpl$basic)
    _fneg                                    0x0800d86f   Thumb Code     6  basic.o(x$fpl$basic)
    _dabs                                    0x0800d875   Thumb Code     6  basic.o(x$fpl$basic)
    _fabs                                    0x0800d87b   Thumb Code     6  basic.o(x$fpl$basic)
    __aeabi_d2f                              0x0800d881   Thumb Code     0  d2f.o(x$fpl$d2f)
    _d2f                                     0x0800d881   Thumb Code    98  d2f.o(x$fpl$d2f)
    __aeabi_dadd                             0x0800d8e5   Thumb Code     0  daddsub_clz.o(x$fpl$dadd)
    _dadd                                    0x0800d8e5   Thumb Code   332  daddsub_clz.o(x$fpl$dadd)
    __fpl_dcheck_NaN1                        0x0800da35   Thumb Code    10  dcheck1.o(x$fpl$dcheck1)
    __fpl_dcmp_Inf                           0x0800da45   Thumb Code    24  dcmpi.o(x$fpl$dcmpinf)
    __aeabi_ddiv                             0x0800da5d   Thumb Code     0  ddiv.o(x$fpl$ddiv)
    _ddiv                                    0x0800da5d   Thumb Code   552  ddiv.o(x$fpl$ddiv)
    __aeabi_cdcmpeq                          0x0800dd0d   Thumb Code     0  deqf.o(x$fpl$deqf)
    _dcmpeq                                  0x0800dd0d   Thumb Code   120  deqf.o(x$fpl$deqf)
    __aeabi_d2iz                             0x0800dd85   Thumb Code     0  dfix.o(x$fpl$dfix)
    _dfix                                    0x0800dd85   Thumb Code    94  dfix.o(x$fpl$dfix)
    __aeabi_i2d                              0x0800dde3   Thumb Code     0  dflt_clz.o(x$fpl$dflt)
    _dflt                                    0x0800dde3   Thumb Code    46  dflt_clz.o(x$fpl$dflt)
    __aeabi_ui2d                             0x0800de11   Thumb Code     0  dflt_clz.o(x$fpl$dfltu)
    _dfltu                                   0x0800de11   Thumb Code    38  dflt_clz.o(x$fpl$dfltu)
    __aeabi_cdcmple                          0x0800de39   Thumb Code     0  dleqf.o(x$fpl$dleqf)
    _dcmple                                  0x0800de39   Thumb Code   120  dleqf.o(x$fpl$dleqf)
    __fpl_dcmple_InfNaN                      0x0800de9b   Thumb Code     0  dleqf.o(x$fpl$dleqf)
    __aeabi_dmul                             0x0800deb1   Thumb Code     0  dmul.o(x$fpl$dmul)
    _dmul                                    0x0800deb1   Thumb Code   332  dmul.o(x$fpl$dmul)
    __fpl_dnaninf                            0x0800e005   Thumb Code   156  dnaninf.o(x$fpl$dnaninf)
    __fpl_dretinf                            0x0800e0a1   Thumb Code    12  dretinf.o(x$fpl$dretinf)
    __aeabi_cdrcmple                         0x0800e0ad   Thumb Code     0  drleqf.o(x$fpl$drleqf)
    _drcmple                                 0x0800e0ad   Thumb Code   108  drleqf.o(x$fpl$drleqf)
    __aeabi_drsub                            0x0800e119   Thumb Code     0  daddsub_clz.o(x$fpl$drsb)
    _drsb                                    0x0800e119   Thumb Code    22  daddsub_clz.o(x$fpl$drsb)
    _dsqrt                                   0x0800e131   Thumb Code   404  dsqrt_umaal.o(x$fpl$dsqrt)
    __aeabi_dsub                             0x0800e2c9   Thumb Code     0  daddsub_clz.o(x$fpl$dsub)
    _dsub                                    0x0800e2c9   Thumb Code   464  daddsub_clz.o(x$fpl$dsub)
    __aeabi_f2d                              0x0800e49d   Thumb Code     0  f2d.o(x$fpl$f2d)
    _f2d                                     0x0800e49d   Thumb Code    86  f2d.o(x$fpl$f2d)
    __fpl_fnaninf                            0x0800e4f3   Thumb Code   140  fnaninf.o(x$fpl$fnaninf)
    _fp_init                                 0x0800e57f   Thumb Code    10  fpinit.o(x$fpl$fpinit)
    __fplib_config_fpu_vfp                   0x0800e587   Thumb Code     0  fpinit.o(x$fpl$fpinit)
    __fplib_config_pureend_doubles           0x0800e587   Thumb Code     0  fpinit.o(x$fpl$fpinit)
    __fpl_fretinf                            0x0800e589   Thumb Code    10  fretinf.o(x$fpl$fretinf)
    __fpl_return_NaN                         0x0800e593   Thumb Code   100  retnan.o(x$fpl$retnan)
    __ARM_scalbn                             0x0800e5f7   Thumb Code    92  scalbn.o(x$fpl$scalbn)
    _scanf_real                              0x0800e653   Thumb Code     4  scanf1.o(x$fpl$scanf1)
    _scanf_hex_real                          0x0800e657   Thumb Code     4  scanf2.o(x$fpl$scanf2)
    _scanf_infnan                            0x0800e65b   Thumb Code     4  scanf2.o(x$fpl$scanf2)
    __fpl_cmpreturn                          0x0800e65f   Thumb Code    48  trapv.o(x$fpl$trapveneer)
    __I$use$fp                               0x0800e68e   Number         0  usenofp.o(x$fpl$usenofp)
    __mathlib_zero                           0x0800e8f0   Data           8  qnan.o(.constdata)
    Region$$Table$$Base                      0x0800ea9c   Number         0  anon$$obj.o(Region$$Table)
    Region$$Table$$Limit                     0x0800eabc   Number         0  anon$$obj.o(Region$$Table)
    __aeabi_HUGE_VAL                         0x0800eabc   Data           0  fpconst.o(c$$dinf)
    __aeabi_HUGE_VALL                        0x0800eabc   Data           0  fpconst.o(c$$dinf)
    __aeabi_INFINITY                         0x0800eabc   Data           0  fpconst.o(c$$dinf)
    __dInf                                   0x0800eabc   Data           0  fpconst.o(c$$dinf)
    __huge_val                               0x0800eabc   Data           0  fpconst.o(c$$dinf)
    __ctype                                  0x0800eaed   Data           0  lc_ctype_c.o(locale$$data)
    boardPointIn                             0x20000080   Data          32  avoid.o(.data)
    boardPointOut                            0x200000a0   Data          32  avoid.o(.data)
    Yxpos                                    0x20000448   Data           4  stm32f4xx_it.o(.data)
    Yypos                                    0x2000044c   Data           4  stm32f4xx_it.o(.data)
    Yangle                                   0x20000450   Data           4  stm32f4xx_it.o(.data)
    c                                        0x20000460   Data           4  stm32f4xx_it.o(.data)
    testMode                                 0x20000464   Data           4  stm32f4xx_it.o(.data)
    avel                                     0x20000468   Data           4  stm32f4xx_it.o(.data)
    Ball_counter                             0x20000470   Data           4  stm32f4xx_it.o(.data)
    Ballf                                    0x20000474   Data           4  stm32f4xx_it.o(.data)
    tmp                                      0x20000478   Data           1  stm32f4xx_it.o(.data)
    t_FindBall                               0x200004d8   Data           4  timer.o(.data)
    gRobot                                   0x20000530   Data         464  main.o(.bss)
    __libspace_start                         0x200007dc   Data          96  libspace.o(.bss)
    __temporary_stack_top$libspace           0x2000083c   Data           0  libspace.o(.bss)



==============================================================================

Memory Map of the image

  Image Entry point : 0x08000189

  Load Region LR_IROM1 (Base: 0x08000000, Size: 0x0000f120, Max: 0x00100000, ABSOLUTE, COMPRESSED[0x0000ec74])

    Execution Region ER_IROM1 (Base: 0x08000000, Size: 0x0000ebf0, Max: 0x00100000, ABSOLUTE)

    Base Addr    Size         Type   Attr      Idx    E Section Name        Object

    0x08000000   0x00000188   Data   RO         7928    RESET               startup_stm32f4xx.o
    0x08000188   0x00000008   Code   RO         8037  * !!!main             c_w.l(__main.o)
    0x08000190   0x00000034   Code   RO         8685    !!!scatter          c_w.l(__scatter.o)
    0x080001c4   0x0000005a   Code   RO         8683    !!dczerorl2         c_w.l(__dczerorl2.o)
    0x0800021e   0x00000002   PAD
    0x08000220   0x0000001c   Code   RO         8687    !!handler_zi        c_w.l(__scatter_zi.o)
    0x0800023c   0x00000002   Code   RO         8562    .ARM.Collect$$libinit$$00000000  c_w.l(libinit.o)
    0x0800023e   0x00000004   Code   RO         8292    .ARM.Collect$$libinit$$00000001  c_w.l(libinit2.o)
    0x08000242   0x00000000   Code   RO         8295    .ARM.Collect$$libinit$$00000004  c_w.l(libinit2.o)
    0x08000242   0x00000000   Code   RO         8298    .ARM.Collect$$libinit$$0000000A  c_w.l(libinit2.o)
    0x08000242   0x00000000   Code   RO         8300    .ARM.Collect$$libinit$$0000000C  c_w.l(libinit2.o)
    0x08000242   0x00000000   Code   RO         8302    .ARM.Collect$$libinit$$0000000E  c_w.l(libinit2.o)
    0x08000242   0x00000006   Code   RO         8303    .ARM.Collect$$libinit$$0000000F  c_w.l(libinit2.o)
    0x08000248   0x00000000   Code   RO         8305    .ARM.Collect$$libinit$$00000011  c_w.l(libinit2.o)
    0x08000248   0x0000000c   Code   RO         8306    .ARM.Collect$$libinit$$00000012  c_w.l(libinit2.o)
    0x08000254   0x00000000   Code   RO         8307    .ARM.Collect$$libinit$$00000013  c_w.l(libinit2.o)
    0x08000254   0x00000000   Code   RO         8309    .ARM.Collect$$libinit$$00000015  c_w.l(libinit2.o)
    0x08000254   0x0000000a   Code   RO         8310    .ARM.Collect$$libinit$$00000016  c_w.l(libinit2.o)
    0x0800025e   0x00000000   Code   RO         8311    .ARM.Collect$$libinit$$00000017  c_w.l(libinit2.o)
    0x0800025e   0x00000000   Code   RO         8313    .ARM.Collect$$libinit$$00000019  c_w.l(libinit2.o)
    0x0800025e   0x00000000   Code   RO         8315    .ARM.Collect$$libinit$$0000001B  c_w.l(libinit2.o)
    0x0800025e   0x00000000   Code   RO         8317    .ARM.Collect$$libinit$$0000001D  c_w.l(libinit2.o)
    0x0800025e   0x00000000   Code   RO         8319    .ARM.Collect$$libinit$$0000001F  c_w.l(libinit2.o)
    0x0800025e   0x00000000   Code   RO         8321    .ARM.Collect$$libinit$$00000021  c_w.l(libinit2.o)
    0x0800025e   0x00000000   Code   RO         8323    .ARM.Collect$$libinit$$00000023  c_w.l(libinit2.o)
    0x0800025e   0x00000000   Code   RO         8325    .ARM.Collect$$libinit$$00000025  c_w.l(libinit2.o)
    0x0800025e   0x00000000   Code   RO         8329    .ARM.Collect$$libinit$$0000002C  c_w.l(libinit2.o)
    0x0800025e   0x00000000   Code   RO         8331    .ARM.Collect$$libinit$$0000002E  c_w.l(libinit2.o)
    0x0800025e   0x00000000   Code   RO         8333    .ARM.Collect$$libinit$$00000030  c_w.l(libinit2.o)
    0x0800025e   0x00000000   Code   RO         8335    .ARM.Collect$$libinit$$00000032  c_w.l(libinit2.o)
    0x0800025e   0x00000002   Code   RO         8336    .ARM.Collect$$libinit$$00000033  c_w.l(libinit2.o)
    0x08000260   0x00000002   Code   RO         8664    .ARM.Collect$$libshutdown$$00000000  c_w.l(libshutdown.o)
    0x08000262   0x00000000   Code   RO         8585    .ARM.Collect$$libshutdown$$00000002  c_w.l(libshutdown2.o)
    0x08000262   0x00000000   Code   RO         8587    .ARM.Collect$$libshutdown$$00000004  c_w.l(libshutdown2.o)
    0x08000262   0x00000000   Code   RO         8590    .ARM.Collect$$libshutdown$$00000007  c_w.l(libshutdown2.o)
    0x08000262   0x00000000   Code   RO         8593    .ARM.Collect$$libshutdown$$0000000A  c_w.l(libshutdown2.o)
    0x08000262   0x00000000   Code   RO         8595    .ARM.Collect$$libshutdown$$0000000C  c_w.l(libshutdown2.o)
    0x08000262   0x00000000   Code   RO         8598    .ARM.Collect$$libshutdown$$0000000F  c_w.l(libshutdown2.o)
    0x08000262   0x00000002   Code   RO         8599    .ARM.Collect$$libshutdown$$00000010  c_w.l(libshutdown2.o)
    0x08000264   0x00000000   Code   RO         8251    .ARM.Collect$$rtentry$$00000000  c_w.l(__rtentry.o)
    0x08000264   0x00000000   Code   RO         8433    .ARM.Collect$$rtentry$$00000002  c_w.l(__rtentry2.o)
    0x08000264   0x00000006   Code   RO         8445    .ARM.Collect$$rtentry$$00000004  c_w.l(__rtentry4.o)
    0x0800026a   0x00000000   Code   RO         8435    .ARM.Collect$$rtentry$$00000009  c_w.l(__rtentry2.o)
    0x0800026a   0x00000004   Code   RO         8436    .ARM.Collect$$rtentry$$0000000A  c_w.l(__rtentry2.o)
    0x0800026e   0x00000000   Code   RO         8438    .ARM.Collect$$rtentry$$0000000C  c_w.l(__rtentry2.o)
    0x0800026e   0x00000008   Code   RO         8439    .ARM.Collect$$rtentry$$0000000D  c_w.l(__rtentry2.o)
    0x08000276   0x00000002   Code   RO         8567    .ARM.Collect$$rtexit$$00000000  c_w.l(rtexit.o)
    0x08000278   0x00000000   Code   RO         8622    .ARM.Collect$$rtexit$$00000002  c_w.l(rtexit2.o)
    0x08000278   0x00000004   Code   RO         8623    .ARM.Collect$$rtexit$$00000003  c_w.l(rtexit2.o)
    0x0800027c   0x00000006   Code   RO         8624    .ARM.Collect$$rtexit$$00000004  c_w.l(rtexit2.o)
    0x08000282   0x00000002   PAD
    0x08000284   0x00000040   Code   RO         7929    .text               startup_stm32f4xx.o
    0x080002c4   0x00000064   Code   RO         8031    .text               c_w.l(rt_memcpy_w.o)
    0x08000328   0x0000004e   Code   RO         8033    .text               c_w.l(rt_memclr_w.o)
    0x08000376   0x00000006   Code   RO         8035    .text               c_w.l(heapauxi.o)
    0x0800037c   0x00000016   Code   RO         8277    .text               c_w.l(_rserrno.o)
    0x08000392   0x00000002   PAD
    0x08000394   0x000000a4   Code   RO         8288    .text               c_w.l(strtod.o)
    0x08000438   0x00000008   Code   RO         8429    .text               c_w.l(libspace.o)
    0x08000440   0x00000008   Code   RO         8450    .text               c_w.l(rt_locale_intlibspace.o)
    0x08000448   0x00000008   Code   RO         8455    .text               c_w.l(rt_errno_addr_intlibspace.o)
    0x08000450   0x00000012   Code   RO         8467    .text               c_w.l(isspace.o)
    0x08000462   0x00000040   Code   RO         8473    .text               c_w.l(_sgetc.o)
    0x080004a2   0x00000002   PAD
    0x080004a4   0x000000dc   Code   RO         8475    .text               c_w.l(bigflt0.o)
    0x08000580   0x00000002   Code   RO         8527    .text               c_w.l(use_no_semi.o)
    0x08000582   0x00000000   Code   RO         8529    .text               c_w.l(indicate_semi.o)
    0x08000582   0x0000004a   Code   RO         8530    .text               c_w.l(sys_stackheap_outer.o)
    0x080005cc   0x00000010   Code   RO         8532    .text               c_w.l(rt_ctype_table.o)
    0x080005dc   0x000004a4   Code   RO         8538    .text               c_w.l(scanf_fp.o)
    0x08000a80   0x00000012   Code   RO         8540    .text               c_w.l(exit.o)
    0x08000a92   0x00000002   PAD
    0x08000a94   0x00000080   Code   RO         8551    .text               c_w.l(strcmpv7m.o)
    0x08000b14   0x0000000c   Code   RO         8565    .text               c_w.l(sys_exit.o)
    0x08000b20   0x00000320   Code   RO         8628    .text               c_w.l(scanf_hexfp.o)
    0x08000e40   0x00000134   Code   RO         8630    .text               c_w.l(scanf_infnan.o)
    0x08000f74   0x00000026   Code   RO         8644    .text               c_w.l(llshl.o)
    0x08000f9a   0x0000001c   Code   RO         8646    .text               c_w.l(_chval.o)
    0x08000fb6   0x00000338   Code   RO         8488    CL$$btod_div_common  c_w.l(btod.o)
    0x080012ee   0x00000002   PAD
    0x080012f0   0x00000054   Code   RO         8486    CL$$btod_e2d        c_w.l(btod.o)
    0x08001344   0x000000c6   Code   RO         8485    CL$$btod_e2e        c_w.l(btod.o)
    0x0800140a   0x00000028   Code   RO         8482    CL$$btod_ediv       c_w.l(btod.o)
    0x08001432   0x00000028   Code   RO         8484    CL$$btod_edivd      c_w.l(btod.o)
    0x0800145a   0x00000028   Code   RO         8481    CL$$btod_emul       c_w.l(btod.o)
    0x08001482   0x00000028   Code   RO         8483    CL$$btod_emuld      c_w.l(btod.o)
    0x080014aa   0x00000244   Code   RO         8487    CL$$btod_mult_common  c_w.l(btod.o)
    0x080016ee   0x00000016   Code   RO         3078    i.ADC_Cmd           stm32f4xx_adc.o
    0x08001704   0x00000030   Code   RO         3079    i.ADC_CommonInit    stm32f4xx_adc.o
    0x08001734   0x00000008   Code   RO         3090    i.ADC_GetConversionValue  stm32f4xx_adc.o
    0x0800173c   0x00000012   Code   RO         3091    i.ADC_GetFlagStatus  stm32f4xx_adc.o
    0x0800174e   0x00000002   PAD
    0x08001750   0x00000054   Code   RO         3098    i.ADC_Init          stm32f4xx_adc.o
    0x080017a4   0x000000b8   Code   RO         3103    i.ADC_RegularChannelConfig  stm32f4xx_adc.o
    0x0800185c   0x0000000a   Code   RO         3105    i.ADC_SoftwareStartConv  stm32f4xx_adc.o
    0x08001866   0x00000002   PAD
    0x08001868   0x00000058   Code   RO          465    i.AbnormityHandle   avoid.o
    0x080018c0   0x000000d8   Code   RO          466    i.AbnormityJudge    avoid.o
    0x08001998   0x00000088   Code   RO         1884    i.Adc_Init          adc.o
    0x08001a20   0x00000124   Code   RO          237    i.AgainstWall       sweep.o
    0x08001b44   0x00000064   Code   RO         1250    i.AgainstWallPidControl  pid.o
    0x08001ba8   0x00000050   Code   RO         1251    i.AnglePidControl   pid.o
    0x08001bf8   0x00000084   Code   RO          238    i.AngleRoute        sweep.o
    0x08001c7c   0x00000064   Code   RO          239    i.AntiCircle        sweep.o
    0x08001ce0   0x00000094   Code   RO          240    i.AntiClockWise     sweep.o
    0x08001d74   0x000001e0   Code   RO          241    i.AntiSquare        sweep.o
    0x08001f54   0x000001e0   Code   RO          242    i.AntiSquare2       sweep.o
    0x08002134   0x000001e0   Code   RO          243    i.AntiSquare3       sweep.o
    0x08002314   0x000001e0   Code   RO          244    i.AntiSquare4       sweep.o
    0x080024f4   0x00000098   Code   RO          468    i.AvoidCar          avoid.o
    0x0800258c   0x000000d8   Code   RO          469    i.BackCar           avoid.o
    0x08002664   0x00000404   Code   RO          470    i.BackCarIn         avoid.o
    0x08002a68   0x000003f0   Code   RO          471    i.BackCarOut        avoid.o
    0x08002e58   0x0000003c   Code   RO         1926    i.BeepInit          gpio.o
    0x08002e94   0x00000004   Code   RO         1535    i.BusFault_Handler  stm32f4xx_it.o
    0x08002e98   0x00000134   Code   RO         1536    i.CAN1_RX0_IRQHandler  stm32f4xx_it.o
    0x08002fcc   0x000000e8   Code   RO         1537    i.CAN2_RX0_IRQHandler  stm32f4xx_it.o
    0x080030b4   0x00000038   Code   RO         3360    i.CAN_ClearFlag     stm32f4xx_can.o
    0x080030ec   0x000003b0   Code   RO         1490    i.CAN_Config        can.o
    0x0800349c   0x00000038   Code   RO         3363    i.CAN_DeInit        stm32f4xx_can.o
    0x080034d4   0x00000108   Code   RO         3365    i.CAN_FilterInit    stm32f4xx_can.o
    0x080035dc   0x00000012   Code   RO         3371    i.CAN_ITConfig      stm32f4xx_can.o
    0x080035ee   0x00000114   Code   RO         3372    i.CAN_Init          stm32f4xx_can.o
    0x08003702   0x0000001e   Code   RO         3373    i.CAN_MessagePending  stm32f4xx_can.o
    0x08003720   0x000000f0   Code   RO         3375    i.CAN_Receive       stm32f4xx_can.o
    0x08003810   0x00000048   Code   RO         1491    i.CAN_RxMsg         can.o
    0x08003858   0x00000126   Code   RO         3380    i.CAN_Transmit      stm32f4xx_can.o
    0x0800397e   0x00000002   PAD
    0x08003980   0x000000a0   Code   RO         3381    i.CAN_TransmitStatus  stm32f4xx_can.o
    0x08003a20   0x00000058   Code   RO         1492    i.CAN_TxMsg         can.o
    0x08003a78   0x00000030   Code   RO          472    i.CWalkJudge        avoid.o
    0x08003aa8   0x000000b4   Code   RO         1989    i.CameraUSART2_Init  usart.o
    0x08003b5c   0x00000264   Code   RO          473    i.CarPointTrans     avoid.o
    0x08003dc0   0x000000f8   Code   RO          245    i.ChangeBoard       sweep.o
    0x08003eb8   0x00000438   Code   RO          246    i.CheckAgainstWall  sweep.o
    0x080042f0   0x000002a4   Code   RO          475    i.CheckIntersect    avoid.o
    0x08004594   0x000001f4   Code   RO          476    i.CheckStraddle     avoid.o
    0x08004788   0x00000064   Code   RO          247    i.Circle            sweep.o
    0x080047ec   0x00000050   Code   RO         1044    i.CircleAnglePidControl  circle.o
    0x0800483c   0x00000008   Code   RO          477    i.CircleTransition  avoid.o
    0x08004844   0x00000094   Code   RO          248    i.ClockWise         sweep.o
    0x080048d8   0x00000030   Code   RO         2080    i.CollectBallVelCtr  motor.o
    0x08004908   0x00000014   Code   RO         2081    i.CollectBallVelTrans  motor.o
    0x0800491c   0x00000040   Code   RO          885    i.CommitFix         fix.o
    0x0800495c   0x0000017c   Code   RO          478    i.CornerIn          avoid.o
    0x08004ad8   0x0000017c   Code   RO          479    i.CornerOut         avoid.o
    0x08004c54   0x00000028   Code   RO         1153    i.DMA1_Stream7_IRQHandler  dma.o
    0x08004c7c   0x00000034   Code   RO         4207    i.DMA_ClearITPendingBit  stm32f4xx_dma.o
    0x08004cb0   0x00000016   Code   RO         4208    i.DMA_Cmd           stm32f4xx_dma.o
    0x08004cc6   0x00000002   PAD
    0x08004cc8   0x00000158   Code   RO         4209    i.DMA_DeInit        stm32f4xx_dma.o
    0x08004e20   0x00000014   Code   RO         4213    i.DMA_GetCmdStatus  stm32f4xx_dma.o
    0x08004e34   0x00000064   Code   RO         4218    i.DMA_GetITStatus   stm32f4xx_dma.o
    0x08004e98   0x0000003a   Code   RO         4219    i.DMA_ITConfig      stm32f4xx_dma.o
    0x08004ed2   0x00000002   PAD
    0x08004ed4   0x00000058   Code   RO         4220    i.DMA_Init          stm32f4xx_dma.o
    0x08004f2c   0x00000002   Code   RO         1538    i.DebugMon_Handler  stm32f4xx_it.o
    0x08004f2e   0x00000002   PAD
    0x08004f30   0x00000094   Code   RO         2159    i.Dis               tools.o
    0x08004fc4   0x0000004c   Code   RO          480    i.FixErr            avoid.o
    0x08005010   0x00000014   Code   RO          481    i.FixHandle         avoid.o
    0x08005024   0x00000002   Code   RO          482    i.FixJudge          avoid.o
    0x08005026   0x00000002   PAD
    0x08005028   0x00000438   Code   RO          886    i.FixTask           fix.o
    0x08005460   0x00000090   Code   RO         4829    i.GPIO_Init         stm32f4xx_gpio.o
    0x080054f0   0x00000046   Code   RO         4830    i.GPIO_PinAFConfig  stm32f4xx_gpio.o
    0x08005536   0x00000012   Code   RO         4833    i.GPIO_ReadInputDataBit  stm32f4xx_gpio.o
    0x08005548   0x00000004   Code   RO         4836    i.GPIO_ResetBits    stm32f4xx_gpio.o
    0x0800554c   0x00000004   Code   RO         4837    i.GPIO_SetBits      stm32f4xx_gpio.o
    0x08005550   0x00000030   Code   RO         1885    i.Get_Adc           adc.o
    0x08005580   0x00000028   Code   RO         1886    i.Get_Adc_Average   adc.o
    0x080055a8   0x00000080   Code   RO          887    i.Go2NextWall       fix.o
    0x08005628   0x00000004   Code   RO         1539    i.HardFault_Handler  stm32f4xx_it.o
    0x0800562c   0x000000ac   Code   RO          173    i.HardWare          task.o
    0x080056d8   0x00000028   Code   RO          249    i.In2Out            sweep.o
    0x08005700   0x00000160   Code   RO          250    i.In2Out2           sweep.o
    0x08005860   0x00000160   Code   RO          251    i.In2Out3           sweep.o
    0x080059c0   0x00000234   Code   RO          483    i.JudgeStick        avoid.o
    0x08005bf4   0x000001e8   Code   RO          484    i.LaserJudge        avoid.o
    0x08005ddc   0x000001b0   Code   RO          252    i.LaserStart        sweep.o
    0x08005f8c   0x000002a8   Code   RO          832    i.Launcher          shoot.o
    0x08006234   0x000002c4   Code   RO         1252    i.Line              pid.o
    0x080064f8   0x0000002c   Code   RO         2163    i.Max               tools.o
    0x08006524   0x00000004   Code   RO         1541    i.MemManage_Handler  stm32f4xx_it.o
    0x08006528   0x0000002c   Code   RO         2164    i.Min               tools.o
    0x08006554   0x00000034   Code   RO         2165    i.MotorRead         tools.o
    0x08006588   0x00000004   Code   RO         1542    i.NMI_Handler       stm32f4xx_it.o
    0x0800658c   0x00000078   Code   RO         3016    i.NVIC_Init         misc.o
    0x08006604   0x00000014   Code   RO         3017    i.NVIC_PriorityGroupConfig  misc.o
    0x08006618   0x00000440   Code   RO         1051    i.NiShiZhenCircleBiHuan  circle.o
    0x08006a58   0x00000104   Code   RO          254    i.Out2In            sweep.o
    0x08006b5c   0x0000005c   Code   RO          486    i.ParkingHandle     avoid.o
    0x08006bb8   0x00000030   Code   RO          487    i.ParkingJudge      avoid.o
    0x08006be8   0x00000030   Code   RO         1929    i.PhotoelectricityInit  gpio.o
    0x08006c18   0x00000204   Code   RO          490    i.Pointparking2     avoid.o
    0x08006e1c   0x00000104   Code   RO         1785    i.PosCrl            elmo.o
    0x08006f20   0x000000b8   Code   RO         1990    i.PostionUSART3_Init  usart.o
    0x08006fd8   0x0000003c   Code   RO         1930    i.PullLevel         gpio.o
    0x08007014   0x00000030   Code   RO         2166    i.Pulse2Vel         tools.o
    0x08007044   0x00000018   Code   RO         2082    i.PushBall          motor.o
    0x0800705c   0x00000014   Code   RO         2083    i.PushBallReset     motor.o
    0x08007070   0x00000020   Code   RO         5589    i.RCC_AHB1PeriphClockCmd  stm32f4xx_rcc.o
    0x08007090   0x00000020   Code   RO         5598    i.RCC_APB1PeriphClockCmd  stm32f4xx_rcc.o
    0x080070b0   0x00000020   Code   RO         5600    i.RCC_APB1PeriphResetCmd  stm32f4xx_rcc.o
    0x080070d0   0x00000020   Code   RO         5601    i.RCC_APB2PeriphClockCmd  stm32f4xx_rcc.o
    0x080070f0   0x00000020   Code   RO         5603    i.RCC_APB2PeriphResetCmd  stm32f4xx_rcc.o
    0x08007110   0x000000e8   Code   RO         5610    i.RCC_GetClocksFreq  stm32f4xx_rcc.o
    0x080071f8   0x000000b4   Code   RO         1788    i.ReadActualPos     elmo.o
    0x080072ac   0x0000003c   Code   RO          256    i.Run               sweep.o
    0x080072e8   0x00000002   Code   RO         1543    i.SVC_Handler       stm32f4xx_it.o
    0x080072ea   0x00000002   PAD
    0x080072ec   0x000000ec   Code   RO         7885    i.SetSysClock       system_stm32f4xx.o
    0x080073d8   0x0000005c   Code   RO         2084    i.ShootCtr          motor.o
    0x08007434   0x00000120   Code   RO          492    i.ShootHandle       avoid.o
    0x08007554   0x00000084   Code   RO          493    i.ShootJudge        avoid.o
    0x080075d8   0x000000b8   Code   RO         1991    i.ShootUSART1_Init  usart.o
    0x08007690   0x0000043c   Code   RO         1052    i.ShunShiZhenCircleBiHuan  circle.o
    0x08007acc   0x000001e0   Code   RO          257    i.Square            sweep.o
    0x08007cac   0x000001e0   Code   RO          258    i.Square2           sweep.o
    0x08007e8c   0x000001e0   Code   RO          259    i.Square3           sweep.o
    0x0800806c   0x000001e0   Code   RO          260    i.Square4           sweep.o
    0x0800824c   0x0000005c   Code   RO          497    i.SweepHandle       avoid.o
    0x080082a8   0x00000030   Code   RO          498    i.SweepJudge        avoid.o
    0x080082d8   0x00000068   Code   RO         7887    i.SystemInit        system_stm32f4xx.o
    0x08008340   0x0000001c   Code   RO         1685    i.TIM1_UP_TIM10_IRQHandler  timer.o
    0x0800835c   0x00000054   Code   RO         1686    i.TIM2_IRQHandler   timer.o
    0x080083b0   0x000000fc   Code   RO         1687    i.TIM3_IRQHandler   timer.o
    0x080084ac   0x0000002c   Code   RO         1688    i.TIM4_IRQHandler   timer.o
    0x080084d8   0x0000001c   Code   RO         1689    i.TIM5_IRQHandler   timer.o
    0x080084f4   0x0000001c   Code   RO         1690    i.TIM8_UP_TIM13_IRQHandler  timer.o
    0x08008510   0x00000006   Code   RO         6931    i.TIM_ClearITPendingBit  stm32f4xx_tim.o
    0x08008516   0x00000018   Code   RO         6936    i.TIM_Cmd           stm32f4xx_tim.o
    0x0800852e   0x00000022   Code   RO         6957    i.TIM_GetITStatus   stm32f4xx_tim.o
    0x08008550   0x00000012   Code   RO         6961    i.TIM_ITConfig      stm32f4xx_tim.o
    0x08008562   0x00000002   PAD
    0x08008564   0x000001c4   Code   RO         1691    i.TIM_Init          timer.o
    0x08008728   0x00000084   Code   RO         7008    i.TIM_TimeBaseInit  stm32f4xx_tim.o
    0x080087ac   0x00000064   Code   RO         1931    i.TravelSwitch_Init  gpio.o
    0x08008810   0x000000ac   Code   RO         1154    i.UART5DMAInit      dma.o
    0x080088bc   0x00000314   Code   RO         1545    i.UART5_IRQHandler  stm32f4xx_it.o
    0x08008bd0   0x000000d0   Code   RO         1155    i.UART5_Init        dma.o
    0x08008ca0   0x000000fc   Code   RO         1546    i.USART1_IRQHandler  stm32f4xx_it.o
    0x08008d9c   0x000000f0   Code   RO         1547    i.USART2_IRQHandler  stm32f4xx_it.o
    0x08008e8c   0x000001f8   Code   RO         1548    i.USART3_IRQHandler  stm32f4xx_it.o
    0x08009084   0x00000012   Code   RO         7581    i.USART_ClearFlag   stm32f4xx_usart.o
    0x08009096   0x0000001e   Code   RO         7582    i.USART_ClearITPendingBit  stm32f4xx_usart.o
    0x080090b4   0x00000018   Code   RO         7585    i.USART_Cmd         stm32f4xx_usart.o
    0x080090cc   0x00000012   Code   RO         7586    i.USART_DMACmd      stm32f4xx_usart.o
    0x080090de   0x00000002   PAD
    0x080090e0   0x000000b4   Code   RO         7587    i.USART_DeInit      stm32f4xx_usart.o
    0x08009194   0x0000001a   Code   RO         7588    i.USART_GetFlagStatus  stm32f4xx_usart.o
    0x080091ae   0x00000054   Code   RO         7589    i.USART_GetITStatus  stm32f4xx_usart.o
    0x08009202   0x0000004a   Code   RO         7591    i.USART_ITConfig    stm32f4xx_usart.o
    0x0800924c   0x000000d4   Code   RO         7592    i.USART_Init        stm32f4xx_usart.o
    0x08009320   0x00000106   Code   RO         1995    i.USART_OUT         usart.o
    0x08009426   0x0000000a   Code   RO         7599    i.USART_ReceiveData  stm32f4xx_usart.o
    0x08009430   0x0000002c   Code   RO         7602    i.USART_SendData    stm32f4xx_usart.o
    0x0800945c   0x00000004   Code   RO         1549    i.UsageFault_Handler  stm32f4xx_it.o
    0x08009460   0x00000070   Code   RO          261    i.Vchange           sweep.o
    0x080094d0   0x000000f0   Code   RO         1791    i.VelCrl            elmo.o
    0x080095c0   0x00000104   Code   RO         1792    i.Vel_cfg           elmo.o
    0x080096c4   0x0000005c   Code   RO          502    i.WalkHandle        avoid.o
    0x08009720   0x000000a0   Code   RO          262    i.WalkOne           sweep.o
    0x080097c0   0x00000030   Code   RO         2085    i.YawAngleCtr       motor.o
    0x080097f0   0x0000001c   Code   RO         2086    i.YawTransform      motor.o
    0x0800980c   0x00000150   Code   RO          264    i.Ygoal             sweep.o
    0x0800995c   0x00000030   Code   RO         8374    i.__ARM_fpclassify  m_wm.l(fpclassify.o)
    0x0800998c   0x00000026   Code   RO         8376    i.__ARM_fpclassifyf  m_wm.l(fpclassifyf.o)
    0x080099b2   0x00000006   PAD
    0x080099b8   0x000002d8   Code   RO         8089    i.__hardfp_atan     m_wm.l(atan.o)
    0x08009c90   0x000001f0   Code   RO         8103    i.__hardfp_atan2    m_wm.l(atan2.o)
    0x08009e80   0x00000160   Code   RO         8127    i.__hardfp_atanf    m_wm.l(atanf.o)
    0x08009fe0   0x00000038   Code   RO         8139    i.__hardfp_atof     m_wm.l(atof.o)
    0x0800a018   0x000000c8   Code   RO         8145    i.__hardfp_cos      m_wm.l(cos.o)
    0x0800a0e0   0x00000150   Code   RO         8157    i.__hardfp_cosf     m_wm.l(cosf.o)
    0x0800a230   0x00000014   Code   RO         8169    i.__hardfp_fabs     m_wm.l(fabs.o)
    0x0800a244   0x00000004   PAD
    0x0800a248   0x000000d0   Code   RO         8665    i.__hardfp_ldexp    m_wm.l(ldexp.o)
    0x0800a318   0x00000c50   Code   RO         8175    i.__hardfp_pow      m_wm.l(pow.o)
    0x0800af68   0x000000c8   Code   RO         8189    i.__hardfp_sin      m_wm.l(sin.o)
    0x0800b030   0x00000190   Code   RO         8201    i.__hardfp_sinf     m_wm.l(sinf.o)
    0x0800b1c0   0x0000007a   Code   RO         8213    i.__hardfp_sqrt     m_wm.l(sqrt.o)
    0x0800b23a   0x00000006   PAD
    0x0800b240   0x00000438   Code   RO         8395    i.__ieee754_rem_pio2  m_wm.l(rred.o)
    0x0800b678   0x00000170   Code   RO         8357    i.__kernel_cos      m_wm.l(cos_i.o)
    0x0800b7e8   0x000000f8   Code   RO         8392    i.__kernel_poly     m_wm.l(poly.o)
    0x0800b8e0   0x00000130   Code   RO         8403    i.__kernel_sin      m_wm.l(sin_i.o)
    0x0800ba10   0x00000030   Code   RO         8360    i.__mathlib_dbl_divzero  m_wm.l(dunder.o)
    0x0800ba40   0x00000014   Code   RO         8361    i.__mathlib_dbl_infnan  m_wm.l(dunder.o)
    0x0800ba54   0x00000014   Code   RO         8362    i.__mathlib_dbl_infnan2  m_wm.l(dunder.o)
    0x0800ba68   0x00000020   Code   RO         8363    i.__mathlib_dbl_invalid  m_wm.l(dunder.o)
    0x0800ba88   0x00000020   Code   RO         8364    i.__mathlib_dbl_overflow  m_wm.l(dunder.o)
    0x0800baa8   0x00000020   Code   RO         8366    i.__mathlib_dbl_underflow  m_wm.l(dunder.o)
    0x0800bac8   0x00000006   Code   RO         8379    i.__mathlib_flt_infnan  m_wm.l(funder.o)
    0x0800bace   0x00000002   PAD
    0x0800bad0   0x00000010   Code   RO         8381    i.__mathlib_flt_invalid  m_wm.l(funder.o)
    0x0800bae0   0x00000010   Code   RO         8384    i.__mathlib_flt_underflow  m_wm.l(funder.o)
    0x0800baf0   0x000000b8   Code   RO         8612    i.__mathlib_narrow  m_wm.l(narrow.o)
    0x0800bba8   0x00000154   Code   RO         8400    i.__mathlib_rredf2  m_wm.l(rredf.o)
    0x0800bcfc   0x00000014   Code   RO         8667    i.__support_ldexp   m_wm.l(ldexp.o)
    0x0800bd10   0x0000000e   Code   RO         8015    i._is_digit         c_w.l(__printf_wp.o)
    0x0800bd1e   0x00000002   PAD
    0x0800bd20   0x00000070   Code   RO         1255    i.angleErrorCount   pid.o
    0x0800bd90   0x00000010   Code   RO         8091    i.atan              m_wm.l(atan.o)
    0x0800bda0   0x00000204   Code   RO         2395    i.circleChange      condition.o
    0x0800bfa4   0x00000050   Code   RO         1256    i.distancePidControl  pid.o
    0x0800bff4   0x0000003c   Code   RO          175    i.elmoInit          task.o
    0x0800c030   0x000000e8   Code   RO         1793    i.elmo_Disable      elmo.o
    0x0800c118   0x00000020   Code   RO         1795    i.elmo_Init         elmo.o
    0x0800c138   0x00000018   Code   RO         8171    i.fabs              m_wm.l(fabs.o)
    0x0800c150   0x00000540   Code   RO          833    i.fireTask          shoot.o
    0x0800c690   0x00000378   Code   RO          888    i.fixPosFirst       fix.o
    0x0800ca08   0x000000b4   Code   RO          889    i.fixPosSec         fix.o
    0x0800cabc   0x00000004   PAD
    0x0800cac0   0x0000008c   Code   RO         8640    i.frexp             m_wm.l(frexp.o)
    0x0800cb4c   0x000000c4   Code   RO          890    i.getAimBorder      fix.o
    0x0800cc10   0x00000098   Code   RO          891    i.getAngle          fix.o
    0x0800cca8   0x0000000c   Code   RO         2174    i.getBallColor      tools.o
    0x0800ccb4   0x000000a0   Code   RO          892    i.getFixPara        fix.o
    0x0800cd54   0x00000028   Code   RO          893    i.getLeftAdc        fix.o
    0x0800cd7c   0x00000028   Code   RO          894    i.getRightAdc       fix.o
    0x0800cda4   0x00000018   Code   RO         1693    i.getTimeFlag       timer.o
    0x0800cdbc   0x000000f8   Code   RO          895    i.getXpos           fix.o
    0x0800ceb4   0x000000f8   Code   RO          896    i.getYpos           fix.o
    0x0800cfac   0x0000000c   Code   RO         2177    i.getxRem           tools.o
    0x0800cfb8   0x0000000c   Code   RO         2178    i.getyRem           tools.o
    0x0800cfc4   0x00000064   Code   RO         1997    i.itoa              usart.o
    0x0800d028   0x00000290   Code   RO            7    i.main              main.o
    0x0800d2b8   0x000000f0   Code   RO         1338    i.maoCountBall      collect.o
    0x0800d3a8   0x00000064   Code   RO         1257    i.onceDistancePidControl  pid.o
    0x0800d40c   0x00000060   Code   RO          176    i.robotInit         task.o
    0x0800d46c   0x0000000c   Code   RO          897    i.setAngle          fix.o
    0x0800d478   0x0000000c   Code   RO         2183    i.setBallColor      tools.o
    0x0800d484   0x00000030   Code   RO          898    i.setErr            fix.o
    0x0800d4b4   0x0000001c   Code   RO          899    i.setErrSingle      fix.o
    0x0800d4d0   0x000000f0   Code   RO          900    i.setErrX           fix.o
    0x0800d5c0   0x000000f0   Code   RO          901    i.setErrY           fix.o
    0x0800d6b0   0x0000000c   Code   RO         2185    i.setF_ball         tools.o
    0x0800d6bc   0x0000000c   Code   RO          902    i.setXpos           fix.o
    0x0800d6c8   0x0000000c   Code   RO          903    i.setYpos           fix.o
    0x0800d6d4   0x0000000c   Code   RO         2186    i.setxRem           tools.o
    0x0800d6e0   0x0000000c   Code   RO         2187    i.setyRem           tools.o
    0x0800d6ec   0x00000024   Code   RO         2087    i.shootVelTrans     motor.o
    0x0800d710   0x00000064   Code   RO         1258    i.spacingPidControl  pid.o
    0x0800d774   0x0000006e   Code   RO         8215    i.sqrt              m_wm.l(sqrt.o)
    0x0800d7e2   0x00000002   PAD
    0x0800d7e4   0x0000002c   Code   RO          177    i.variableInit      task.o
    0x0800d810   0x0000002c   Code   RO         8501    locale$$code        c_w.l(lc_numeric_c.o)
    0x0800d83c   0x0000002c   Code   RO         8574    locale$$code        c_w.l(lc_ctype_c.o)
    0x0800d868   0x00000018   Code   RO         8340    x$fpl$basic         fz_wm.l(basic.o)
    0x0800d880   0x00000062   Code   RO         8045    x$fpl$d2f           fz_wm.l(d2f.o)
    0x0800d8e2   0x00000002   PAD
    0x0800d8e4   0x00000150   Code   RO         8047    x$fpl$dadd          fz_wm.l(daddsub_clz.o)
    0x0800da34   0x00000010   Code   RO         8519    x$fpl$dcheck1       fz_wm.l(dcheck1.o)
    0x0800da44   0x00000018   Code   RO         8342    x$fpl$dcmpinf       fz_wm.l(dcmpi.o)
    0x0800da5c   0x000002b0   Code   RO         8054    x$fpl$ddiv          fz_wm.l(ddiv.o)
    0x0800dd0c   0x00000078   Code   RO         8636    x$fpl$deqf          fz_wm.l(deqf.o)
    0x0800dd84   0x0000005e   Code   RO         8057    x$fpl$dfix          fz_wm.l(dfix.o)
    0x0800dde2   0x0000002e   Code   RO         8062    x$fpl$dflt          fz_wm.l(dflt_clz.o)
    0x0800de10   0x00000026   Code   RO         8061    x$fpl$dfltu         fz_wm.l(dflt_clz.o)
    0x0800de36   0x00000002   PAD
    0x0800de38   0x00000078   Code   RO         8067    x$fpl$dleqf         fz_wm.l(dleqf.o)
    0x0800deb0   0x00000154   Code   RO         8069    x$fpl$dmul          fz_wm.l(dmul.o)
    0x0800e004   0x0000009c   Code   RO         8344    x$fpl$dnaninf       fz_wm.l(dnaninf.o)
    0x0800e0a0   0x0000000c   Code   RO         8346    x$fpl$dretinf       fz_wm.l(dretinf.o)
    0x0800e0ac   0x0000006c   Code   RO         8071    x$fpl$drleqf        fz_wm.l(drleqf.o)
    0x0800e118   0x00000016   Code   RO         8048    x$fpl$drsb          fz_wm.l(daddsub_clz.o)
    0x0800e12e   0x00000002   PAD
    0x0800e130   0x00000198   Code   RO         8348    x$fpl$dsqrt         fz_wm.l(dsqrt_umaal.o)
    0x0800e2c8   0x000001d4   Code   RO         8049    x$fpl$dsub          fz_wm.l(daddsub_clz.o)
    0x0800e49c   0x00000056   Code   RO         8073    x$fpl$f2d           fz_wm.l(f2d.o)
    0x0800e4f2   0x0000008c   Code   RO         8350    x$fpl$fnaninf       fz_wm.l(fnaninf.o)
    0x0800e57e   0x0000000a   Code   RO         8521    x$fpl$fpinit        fz_wm.l(fpinit.o)
    0x0800e588   0x0000000a   Code   RO         8352    x$fpl$fretinf       fz_wm.l(fretinf.o)
    0x0800e592   0x00000064   Code   RO         8563    x$fpl$retnan        fz_wm.l(retnan.o)
    0x0800e5f6   0x0000005c   Code   RO         8354    x$fpl$scalbn        fz_wm.l(scalbn.o)
    0x0800e652   0x00000004   Code   RO         8525    x$fpl$scanf1        fz_wm.l(scanf1.o)
    0x0800e656   0x00000008   Code   RO         8603    x$fpl$scanf2        fz_wm.l(scanf2.o)
    0x0800e65e   0x00000030   Code   RO         8609    x$fpl$trapveneer    fz_wm.l(trapv.o)
    0x0800e68e   0x00000000   Code   RO         8356    x$fpl$usenofp       fz_wm.l(usenofp.o)
    0x0800e68e   0x00000002   PAD
    0x0800e690   0x00000110   Data   RO         1807    .constdata          elmo.o
    0x0800e7a0   0x00000098   Data   RO         8092    .constdata          m_wm.l(atan.o)
    0x0800e838   0x00000088   Data   RO         8178    .constdata          m_wm.l(pow.o)
    0x0800e8c0   0x00000030   Data   RO         8358    .constdata          m_wm.l(cos_i.o)
    0x0800e8f0   0x00000008   Data   RO         8394    .constdata          m_wm.l(qnan.o)
    0x0800e8f8   0x000000c8   Data   RO         8397    .constdata          m_wm.l(rred.o)
    0x0800e9c0   0x00000020   Data   RO         8401    .constdata          m_wm.l(rredf.o)
    0x0800e9e0   0x00000028   Data   RO         8404    .constdata          m_wm.l(sin_i.o)
    0x0800ea08   0x00000094   Data   RO         8476    .constdata          c_w.l(bigflt0.o)
    0x0800ea9c   0x00000020   Data   RO         8681    Region$$Table       anon$$obj.o
    0x0800eabc   0x00000008   Data   RO         8600    c$$dinf             fz_wm.l(fpconst.o)
    0x0800eac4   0x0000001c   Data   RO         8500    locale$$data        c_w.l(lc_numeric_c.o)
    0x0800eae0   0x00000110   Data   RO         8573    locale$$data        c_w.l(lc_ctype_c.o)


    Execution Region RW_IRAM1 (Base: 0x20000000, Size: 0x00004e40, Max: 0x00020000, ABSOLUTE, COMPRESSED[0x00000084])

    Base Addr    Size         Type   Attr      Idx    E Section Name        Object

    0x20000000   0x00000004   Data   RW           10    .data               main.o
    0x20000004   0x0000007c   Data   RW          296    .data               sweep.o
    0x20000080   0x00000154   Data   RW          541    .data               avoid.o
    0x200001d4   0x00000084   Data   RW          839    .data               shoot.o
    0x20000258   0x00000050   Data   RW          924    .data               fix.o
    0x200002a8   0x000000f4   Data   RW         1069    .data               circle.o
    0x2000039c   0x0000008c   Data   RW         1268    .data               pid.o
    0x20000428   0x00000020   Data   RW         1342    .data               collect.o
    0x20000448   0x0000008c   Data   RW         1568    .data               stm32f4xx_it.o
    0x200004d4   0x00000018   Data   RW         1705    .data               timer.o
    0x200004ec   0x00000034   Data   RW         2218    .data               tools.o
    0x20000520   0x00000010   Data   RW         5677    .data               stm32f4xx_rcc.o
    0x20000530   0x000001d0   Zero   RW            9    .bss                main.o
    0x20000700   0x00000018   Zero   RW          295    .bss                sweep.o
    0x20000718   0x0000003c   Zero   RW          838    .bss                shoot.o
    0x20000754   0x00000020   Zero   RW          923    .bss                fix.o
    0x20000774   0x00000050   Zero   RW         1171    .bss                dma.o
    0x200007c4   0x00000018   Zero   RW         1567    .bss                stm32f4xx_it.o
    0x200007dc   0x00000060   Zero   RW         8430    .bss                c_w.l(libspace.o)
    0x2000083c   0x00000004   PAD
    0x20000840   0x00004200   Zero   RW         7927    HEAP                startup_stm32f4xx.o
    0x20004a40   0x00000400   Zero   RW         7926    STACK               startup_stm32f4xx.o


==============================================================================

Image component sizes


      Code (inc. data)   RO Data    RW Data    ZI Data      Debug   Object Name

       224         14          0          0          0       1919   adc.o
      7770       1022          0        340          0      23921   avoid.o
      1104         14          0          0          0       3765   can.o
      2252        244          0        244          0       8707   circle.o
       240         34          0         32          0       1684   collect.o
       516         14          0          0          0        771   condition.o
       420         36          0          0         80      16280   dma.o
      1204        114        272          0          0       5447   elmo.o
      4016        472          0         80         32      12764   fix.o
       268         20          0          0          0       2234   gpio.o
       656        134          0          4        464     285740   main.o
       140         24          0          0          0       1759   misc.o
       316         44          0          0          0       4517   motor.o
      1280        148          0        140          0       6017   pid.o
      2024        252          0        132         60       4035   shoot.o
        64         26        392          0      17920        880   startup_stm32f4xx.o
       374         24          0          0          0       6094   stm32f4xx_adc.o
      1394         38          0          0          0       7695   stm32f4xx_can.o
       684         58          0          0          0       6298   stm32f4xx_dma.o
       240          0          0          0          0       3939   stm32f4xx_gpio.o
      2348        264          0        140         24      10360   stm32f4xx_it.o
       392         48          0         16          0       6049   stm32f4xx_rcc.o
       214         28          0          0          0       4086   stm32f4xx_tim.o
       720         32          0          0          0       8827   stm32f4xx_usart.o
      8192        990          0        124         24      19040   sweep.o
       340         32          0          0          0       1609   system_stm32f4xx.o
       372         58          0          0          0       2077   task.o
       940         82          0         24          0       5545   timer.o
       420         64          0         52          0       7618   tools.o
       910         30          0          0          0       5247   usart.o

    ----------------------------------------------------------------------
     40058       4364        696       1328      18604     474924   Object Totals
         0          0         32          0          0          0   (incl. Generated)
        24          4          0          0          0          0   (incl. Padding)

    ----------------------------------------------------------------------

      Code (inc. data)   RO Data    RW Data    ZI Data      Debug   Library Member Name

        90          0          0          0          0          0   __dczerorl2.o
         8          0          0          0          0         68   __main.o
        14          0          0          0          0         68   __printf_wp.o
         0          0          0          0          0          0   __rtentry.o
        12          0          0          0          0          0   __rtentry2.o
         6          0          0          0          0          0   __rtentry4.o
        52          8          0          0          0          0   __scatter.o
        28          0          0          0          0          0   __scatter_zi.o
        28          0          0          0          0         68   _chval.o
        22          0          0          0          0        100   _rserrno.o
        64          0          0          0          0         84   _sgetc.o
       220          4        148          0          0         96   bigflt0.o
      1846        132          0          0          0        736   btod.o
        18          0          0          0          0         80   exit.o
         6          0          0          0          0        152   heapauxi.o
         0          0          0          0          0          0   indicate_semi.o
        18          0          0          0          0         76   isspace.o
        44         10        272          0          0         76   lc_ctype_c.o
        44         10         28          0          0         76   lc_numeric_c.o
         2          0          0          0          0          0   libinit.o
        34          0          0          0          0          0   libinit2.o
         2          0          0          0          0          0   libshutdown.o
         2          0          0          0          0          0   libshutdown2.o
         8          4          0          0         96         68   libspace.o
        38          0          0          0          0         68   llshl.o
        16          4          0          0          0         76   rt_ctype_table.o
         8          4          0          0          0         68   rt_errno_addr_intlibspace.o
         8          4          0          0          0         68   rt_locale_intlibspace.o
        78          0          0          0          0         80   rt_memclr_w.o
       100          0          0          0          0         80   rt_memcpy_w.o
         2          0          0          0          0          0   rtexit.o
        10          0          0          0          0          0   rtexit2.o
      1188         12          0          0          0        148   scanf_fp.o
       800         14          0          0          0        100   scanf_hexfp.o
       308         16          0          0          0        100   scanf_infnan.o
       128          0          0          0          0         68   strcmpv7m.o
       164         14          0          0          0        120   strtod.o
        12          4          0          0          0         68   sys_exit.o
        74          0          0          0          0         80   sys_stackheap_outer.o
         2          0          0          0          0         68   use_no_semi.o
        24          0          0          0          0        164   basic.o
        98          4          0          0          0        140   d2f.o
       826         16          0          0          0        492   daddsub_clz.o
        16          4          0          0          0        116   dcheck1.o
        24          0          0          0          0        116   dcmpi.o
       688        140          0          0          0        256   ddiv.o
       120          4          0          0          0        140   deqf.o
        94          4          0          0          0        140   dfix.o
        84          0          0          0          0        232   dflt_clz.o
       120          4          0          0          0        140   dleqf.o
       340         12          0          0          0        152   dmul.o
       156          4          0          0          0        140   dnaninf.o
        12          0          0          0          0        116   dretinf.o
       108          0          0          0          0        128   drleqf.o
       408         56          0          0          0        168   dsqrt_umaal.o
        86          4          0          0          0        132   f2d.o
       140          4          0          0          0        132   fnaninf.o
         0          0          8          0          0          0   fpconst.o
        10          0          0          0          0        116   fpinit.o
        10          0          0          0          0        116   fretinf.o
       100          0          0          0          0        116   retnan.o
        92          0          0          0          0        116   scalbn.o
         4          0          0          0          0        116   scanf1.o
         8          0          0          0          0        132   scanf2.o
        48          0          0          0          0        116   trapv.o
         0          0          0          0          0          0   usenofp.o
       744        106        152          0          0        352   atan.o
       496         64          0          0          0        192   atan2.o
       352         56          0          0          0        172   atanf.o
        56         12          0          0          0        132   atof.o
       200         20          0          0          0        164   cos.o
       368         46         48          0          0        200   cos_i.o
       336         56          0          0          0        136   cosf.o
       184         44          0          0          0        744   dunder.o
        44          0          0          0          0        248   fabs.o
        48          0          0          0          0        124   fpclassify.o
        38          0          0          0          0        116   fpclassifyf.o
       140         22          0          0          0        132   frexp.o
        38         12          0          0          0        348   funder.o
       228          8          0          0          0        308   ldexp.o
       184         18          0          0          0        152   narrow.o
       248          0          0          0          0        152   poly.o
      3152        296        136          0          0        352   pow.o
         0          0          8          0          0          0   qnan.o
      1080        142        200          0          0        188   rred.o
       340         24         32          0          0        160   rredf.o
       200         20          0          0          0        164   sin.o
       304         24         40          0          0        208   sin_i.o
       400         56          0          0          0        212   sinf.o
       232          0          0          0          0        296   sqrt.o

    ----------------------------------------------------------------------
     18574       1524       1072          0        100      11924   Library Totals
        42          2          0          0          4          0   (incl. Padding)

    ----------------------------------------------------------------------

      Code (inc. data)   RO Data    RW Data    ZI Data      Debug   Library Name

      5504        240        448          0         96       2940   c_w.l
      3616        256          8          0          0       3732   fz_wm.l
      9412       1026        616          0          0       5252   m_wm.l

    ----------------------------------------------------------------------
     18574       1524       1072          0        100      11924   Library Totals

    ----------------------------------------------------------------------

==============================================================================


      Code (inc. data)   RO Data    RW Data    ZI Data      Debug   

     58632       5888       1768       1328      18704     459988   Grand Totals
     58632       5888       1768        132      18704     459988   ELF Image Totals (compressed)
     58632       5888       1768        132          0          0   ROM Totals

==============================================================================

    Total RO  Size (Code + RO Data)                60400 (  58.98kB)
    Total RW  Size (RW Data + ZI Data)             20032 (  19.56kB)
    Total ROM Size (Code + RO Data + RW Data)      60532 (  59.11kB)

==============================================================================

