<html>
<body>
<pre>
<h1>µVision Build Log</h1>
<h2>Tool Versions:</h2>
IDE-Version: ¦ÌVision V5.21.1.0
Copyright (C) 2016 ARM Ltd and ARM Germany GmbH. All rights reserved.
License Information: yang yangxiu, NEU, LIC=0VR9U-SYYDW-77IRP-MUNWS-YTS5Z-GJ3WM
 
Tool Versions:
Toolchain:       MDK-ARM Professional  Version: 5.21a
Toolchain Path:  D:\program files\mdk521a\ARM\ARMCC\Bin
C Compiler:      Armcc.exe V5.06 update 3 (build 300)
Assembler:       Armasm.exe V5.06 update 3 (build 300)
Linker/Locator:  ArmLink.exe V5.06 update 3 (build 300)
Library Manager: ArmAr.exe V5.06 update 3 (build 300)
Hex Converter:   FromElf.exe V5.06 update 3 (build 300)
CPU DLL:         SARMCM3.DLL V5.21a
Dialog DLL:      DCM.DLL V1.13.8.0
Target DLL:      Segger\JL2CM3.dll V2.99.23.0
Dialog DLL:      TCM.DLL V1.14.14.0
 
<h2>Project:</h2>
C:\Users\yangxiu\Desktop\LIAONING\qiaocub\software\MDK-ARM\demo.uvprojx
Project File Date:  09/02/2017

<h2>Output:</h2>
*** Using Compiler 'V5.06 update 3 (build 300)', folder: 'D:\program files\mdk521a\ARM\ARMCC\Bin'
Build target 'ACTION'
compiling can.c...
compiling stm32f4xx_it.c...
..\Action_User\stm32f4xx_it.c(155): warning:  #550-D: variable "data" was set but never used
  	uint8_t data = 0;
..\Action_User\stm32f4xx_it.c(172): warning:  #550-D: variable "data" was set but never used
  	uint8_t data = 0;
..\Action_User\stm32f4xx_it.c(188): warning:  #550-D: variable "data" was set but never used
  	uint8_t data = 0;
..\Action_User\stm32f4xx_it.c: 3 warnings, 0 errors
compiling main.c...
compiling gpio.c...
compiling timer.c...
compiling usart.c...
compiling misc.c...
compiling stm32f4xx_adc.c...
compiling stm32f4xx_can.c...
compiling stm32f4xx_crc.c...
compiling stm32f4xx_cryp.c...
compiling stm32f4xx_cryp_aes.c...
compiling stm32f4xx_cryp_des.c...
compiling stm32f4xx_cryp_tdes.c...
compiling stm32f4xx_dac.c...
compiling stm32f4xx_dbgmcu.c...
compiling stm32f4xx_dcmi.c...
compiling stm32f4xx_dma.c...
compiling stm32f4xx_exti.c...
compiling stm32f4xx_flash.c...
compiling stm32f4xx_fsmc.c...
compiling stm32f4xx_gpio.c...
compiling stm32f4xx_hash.c...
compiling stm32f4xx_hash_md5.c...
compiling stm32f4xx_hash_sha1.c...
compiling stm32f4xx_iwdg.c...
compiling stm32f4xx_i2c.c...
compiling stm32f4xx_pwr.c...
compiling stm32f4xx_rng.c...
compiling stm32f4xx_rcc.c...
compiling stm32f4xx_rtc.c...
compiling stm32f4xx_sdio.c...
compiling stm32f4xx_spi.c...
compiling stm32f4xx_syscfg.c...
compiling stm32f4xx_tim.c...
compiling stm32f4xx_usart.c...
compiling stm32f4xx_wwdg.c...
compiling system_stm32f4xx.c...
linking...
Program Size: Code=2800 RO-data=424 RW-data=16 ZI-data=18016  
FromELF: creating hex file...
".\SZW_STM32F407\demo.axf" - 0 Error(s), 3 Warning(s).

<h2>Collection of Component include folders:</h2>
  C:\Users\yangxiu\Desktop\LIAONING\qiaocub\software\MDK-ARM\RTE
  D:\program files\mdk521a\ARM\PACK\Keil\STM32F4xx_DFP\2.11.0\Drivers\CMSIS\Device\ST\STM32F4xx\Include

<h2>Collection of Component Files used:</h2>
Build Time Elapsed:  00:00:22
</pre>
</body>
</html>
