<html>
<body>
<pre>
<h1>�Vision Build Log</h1>
<h2>Tool Versions:</h2>
IDE-Version: ��Vision V5.24.2.0
Copyright (C) 2017 ARM Ltd and ARM Germany GmbH. All rights reserved.
License Information: 123 Windows, HP Inc., LIC=UJWQD-8FAZU-8TL3P-MQ3L1-QQ66P-UP0ZU
 
Tool Versions:
Toolchain:       MDK-ARM Plus  Version: 5.24.1
Toolchain Path:  D:\Keil_v5\ARM\ARMCC\Bin
C Compiler:      Armcc.exe V5.06 update 5 (build 528)
Assembler:       Armasm.exe V5.06 update 5 (build 528)
Linker/Locator:  ArmLink.exe V5.06 update 5 (build 528)
Library Manager: ArmAr.exe V5.06 update 5 (build 528)
Hex Converter:   FromElf.exe V5.06 update 5 (build 528)
CPU DLL:         SARMCM3.DLL V5.24.1
Dialog DLL:      DCM.DLL V1.16.0.0
Target DLL:      Segger\JL2CM3.dll V2.99.23.0
Dialog DLL:      TCM.DLL V1.32.0.0
 
<h2>Project:</h2>
F:\grow\git\liaoning2017\software\MDK-ARM\demo.uvprojx
Project File Date:  09/09/2017

<h2>Output:</h2>
*** Using Compiler 'V5.06 update 5 (build 528)', folder: 'D:\Keil_v5\ARM\ARMCC\Bin'
Rebuild target 'ACTION'
compiling avoid.c...
compiling fix.c...
..\Action_User\fix.c(91): warning:  #1-D: last line of file ends without a newline
  }
..\Action_User\fix.c(91): warning:  #940-D: missing return statement at end of non-void function "WallShortDis" 
  }
..\Action_User\fix.c: 2 warnings, 0 errors
compiling main.c...
compiling task.c...
compiling movebase.c...
compiling shoot.c...
..\Action_User\shoot.c(20): warning:  #177-D: variable "h"  was declared but never referenced
  	static float h = 424.6;//发射口到框的高度，垂直高�?
..\Action_User\shoot.c(24): warning:  #177-D: variable "g"  was declared but never referenced
  	static float g = 9.9;//重力加速度
..\Action_User\shoot.c: 2 warnings, 0 errors
compiling sweep.c...
..\Action_User\sweep.c(528): warning:  #177-D: variable "Rchange"  was declared but never referenced
  		static int Rchange=0;
..\Action_User\sweep.c: 1 warning, 0 errors
compiling camera.c...
..\Action_User\camera.c(111): warning:  #177-D: variable "turnTime"  was declared but never referenced
  	static int turnTime = 0;//定义转弯直线
..\Action_User\camera.c: 1 warning, 0 errors
compiling circle.c...
compiling pid.c...
compiling debug.c...
compiling can.c...
compiling dma.c...
compiling timer.c...
compiling stm32f4xx_it.c...
compiling gpio.c...
compiling movebase.c...
compiling adc.c...
compiling elmo.c...
compiling usart.c...
compiling tools.c...
compiling motor.c...
compiling stm32f4xx_adc.c...
compiling misc.c...
compiling stm32f4xx_crc.c...
compiling stm32f4xx_can.c...
compiling stm32f4xx_cryp.c...
compiling stm32f4xx_cryp_aes.c...
compiling stm32f4xx_cryp_des.c...
compiling stm32f4xx_dac.c...
compiling stm32f4xx_cryp_tdes.c...
compiling stm32f4xx_dcmi.c...
compiling stm32f4xx_dma.c...
compiling stm32f4xx_dbgmcu.c...
compiling stm32f4xx_exti.c...
compiling stm32f4xx_flash.c...
compiling stm32f4xx_gpio.c...
compiling stm32f4xx_fsmc.c...
compiling stm32f4xx_hash_md5.c...
compiling stm32f4xx_hash.c...
compiling stm32f4xx_hash_sha1.c...
compiling stm32f4xx_i2c.c...
compiling stm32f4xx_iwdg.c...
compiling stm32f4xx_pwr.c...
compiling stm32f4xx_rcc.c...
compiling stm32f4xx_sdio.c...
compiling stm32f4xx_rtc.c...
compiling stm32f4xx_rng.c...
assembling startup_stm32f4xx.s...
compiling stm32f4xx_spi.c...
compiling stm32f4xx_syscfg.c...
compiling stm32f4xx_tim.c...
compiling stm32f4xx_usart.c...
compiling system_stm32f4xx.c...
compiling stm32f4xx_wwdg.c...
linking...
Program Size: Code=15972 RO-data=988 RW-data=192 ZI-data=18200  
FromELF: creating hex file...
".\SZW_STM32F407\demo.axf" - 0 Error(s), 6 Warning(s).

<h2>Software Packages used:</h2>

Package Vendor: Keil
                http://www.keil.com/pack/Keil.STM32F4xx_DFP.2.11.0.pack
                Keil.STM32F4xx_DFP.2.11.0
                STMicroelectronics STM32F4 Series Device Support, Drivers and Examples

<h2>Collection of Component include folders:</h2>
  .\RTE\_ACTION
  D:\Keil_v5\ARM\PACK\Keil\STM32F4xx_DFP\2.11.0\Drivers\CMSIS\Device\ST\STM32F4xx\Include

<h2>Collection of Component Files used:</h2>
Build Time Elapsed:  00:00:13
</pre>
</body>
</html>
