Component: ARM Compiler 5.06 update 3 (build 300) Tool: armlink [4d35c9]

==============================================================================

Section Cross References

    main.o(.ARM.exidx) refers to main.o(.rev16_text) for __asm___6_main_c_init____REV16
    main.o(.ARM.exidx) refers to main.o(.revsh_text) for __asm___6_main_c_init____REVSH
    main.o(.ARM.exidx) refers to main.o(.rrx_text) for __asm___6_main_c_init____RRX
    main.o(i.init) refers to misc.o(i.NVIC_PriorityGroupConfig) for NVIC_PriorityGroupConfig
    main.o(i.init) refers to timer.o(i.TIM_Init) for TIM_Init
    main.o(i.init) refers to usart.o(i.ShootUSART1_Init) for ShootUSART1_Init
    main.o(i.init) refers to usart.o(i.CameraUSART2_Init) for CameraUSART2_Init
    main.o(i.init) refers to usart.o(i.PostionUSART3_Init) for PostionUSART3_Init
    main.o(i.init) refers to usart.o(i.TestUART5_Init) for TestUART5_Init
    main.o(i.init) refers to adc.o(i.Adc_Init) for Adc_Init
    main.o(i.init) refers to gpio.o(i.TravelSwitch_Init) for TravelSwitch_Init
    main.o(i.init) refers to can.o(i.CAN_Config) for CAN_Config
    main.o(i.init) refers to elmo.o(i.elmo_Init) for elmo_Init
    main.o(i.init) refers to elmo.o(i.elmo_Enable) for elmo_Enable
    main.o(i.init) refers to elmo.o(i.Vel_cfg) for Vel_cfg
    main.o(i.init) refers to timer.o(i.Delay_ms) for Delay_ms
    main.o(i.main) refers to main.o(i.init) for init
    main.o(i.main) refers to motor.o(i.CollectBallVelCtr) for CollectBallVelCtr
    main.o(i.main) refers to sweep.o(i.WalkTask2) for WalkTask2
    main.o(i.main) refers to timer.o(i.getTimeFlag) for getTimeFlag
    main.o(.ARM.exidx) refers to main.o(i.init) for i.init
    main.o(.ARM.exidx) refers to unwind_pr0.o(.text) for __aeabi_unwind_cpp_pr0
    main.o(.ARM.exidx) refers to main.o(i.main) for i.main
    main.o(.ARM.exidx) refers to unwind_pr0.o(.text) for __aeabi_unwind_cpp_pr0
    task.o(.ARM.exidx) refers to task.o(.rev16_text) for __asm___6_task_c_9f4c7ff0____REV16
    task.o(.ARM.exidx) refers to task.o(.revsh_text) for __asm___6_task_c_9f4c7ff0____REVSH
    task.o(.ARM.exidx) refers to task.o(.rrx_text) for __asm___6_task_c_9f4c7ff0____RRX
    task.o(i.setDirection) refers to main.o(.bss) for gRobot
    task.o(i.setPosition) refers to main.o(.bss) for gRobot
    task.o(i.setRobotStatus) refers to main.o(.bss) for gRobot
    task.o(.ARM.exidx) refers to task.o(i.robotInit) for i.robotInit
    task.o(.ARM.exidx) refers to task.o(i.setRobotStatus) for i.setRobotStatus
    task.o(.ARM.exidx) refers to task.o(i.setDirection) for i.setDirection
    task.o(.ARM.exidx) refers to task.o(i.setPosition) for i.setPosition
    task.o(.ARM.exidx) refers to task.o(i.setLeftMove) for i.setLeftMove
    task.o(.ARM.exidx) refers to task.o(i.setRightMove) for i.setRightMove
    sweep.o(.ARM.exidx) refers to sweep.o(.rev16_text) for __asm___7_sweep_c_f3c77d34____REV16
    sweep.o(.ARM.exidx) refers to sweep.o(.revsh_text) for __asm___7_sweep_c_f3c77d34____REVSH
    sweep.o(.ARM.exidx) refers to sweep.o(.rrx_text) for __asm___7_sweep_c_f3c77d34____RRX
    sweep.o(i.AgainstWall) refers to sweep.o(i.angleErrorCount) for angleErrorCount
    sweep.o(i.AgainstWall) refers to sweep.o(i.AnglePidControl) for AnglePidControl
    sweep.o(i.AgainstWall) refers to elmo.o(i.VelCrl) for VelCrl
    sweep.o(i.AgainstWall) refers to f2d.o(x$fpl$f2d) for __aeabi_f2d
    sweep.o(i.AgainstWall) refers to fabs.o(i.__hardfp_fabs) for __hardfp_fabs
    sweep.o(i.AgainstWall) refers to dleqf.o(x$fpl$dleqf) for __aeabi_cdcmple
    sweep.o(i.AgainstWall) refers to sweep.o(i.CheckAgainstWall) for CheckAgainstWall
    sweep.o(i.AgainstWall) refers to fix.o(i.getLeftAdc) for getLeftAdc
    sweep.o(i.AgainstWall) refers to fix.o(i.setErr) for setErr
    sweep.o(i.AgainstWall) refers to sweep.o(.data) for angleError
    sweep.o(i.AnglePidControl) refers to sweep.o(.data) for Kp
    sweep.o(i.BackCar) refers to sweep.o(i.BackCarOut) for BackCarOut
    sweep.o(i.BackCar) refers to main.o(.bss) for gRobot
    sweep.o(i.BackCar) refers to sweep.o(.data) for xStick
    sweep.o(i.BackCarIn) refers to sweep.o(i.angleErrorCount) for angleErrorCount
    sweep.o(i.BackCarIn) refers to elmo.o(i.VelCrl) for VelCrl
    sweep.o(i.BackCarIn) refers to sweep.o(i.AnglePidControl) for AnglePidControl
    sweep.o(i.BackCarIn) refers to f2d.o(x$fpl$f2d) for __aeabi_f2d
    sweep.o(i.BackCarIn) refers to fabs.o(i.__hardfp_fabs) for __hardfp_fabs
    sweep.o(i.BackCarIn) refers to dleqf.o(x$fpl$dleqf) for __aeabi_cdcmple
    sweep.o(i.BackCarIn) refers to sweep.o(.data) for i
    sweep.o(i.BackCarOut) refers to sweep.o(i.angleErrorCount) for angleErrorCount
    sweep.o(i.BackCarOut) refers to elmo.o(i.VelCrl) for VelCrl
    sweep.o(i.BackCarOut) refers to sweep.o(i.AnglePidControl) for AnglePidControl
    sweep.o(i.BackCarOut) refers to f2d.o(x$fpl$f2d) for __aeabi_f2d
    sweep.o(i.BackCarOut) refers to fabs.o(i.__hardfp_fabs) for __hardfp_fabs
[...]
    i.USART_Init                             0x08002ddc   Section        0  stm32f4xx_usart.o(i.USART_Init)
    i.USART_OUT                              0x08002eb0   Section        0  usart.o(i.USART_OUT)
    i.USART_ReceiveData                      0x08002fb6   Section        0  stm32f4xx_usart.o(i.USART_ReceiveData)
    i.USART_SendData                         0x08002fc0   Section        0  stm32f4xx_usart.o(i.USART_SendData)
    i.UsageFault_Handler                     0x08002fec   Section        0  stm32f4xx_it.o(i.UsageFault_Handler)
    i.Vchange                                0x08002ff0   Section        0  sweep.o(i.Vchange)
    i.VelCrl                                 0x080030dc   Section        0  elmo.o(i.VelCrl)
    i.Vel_cfg                                0x080031a0   Section        0  elmo.o(i.Vel_cfg)
    i.WalkTask2                              0x08003274   Section        0  sweep.o(i.WalkTask2)
    i.YawAngleCtr                            0x080039a8   Section        0  motor.o(i.YawAngleCtr)
    i.YawTransform                           0x080039d8   Section        0  motor.o(i.YawTransform)
    i.__ARM_fpclassify                       0x080039f4   Section        0  fpclassify.o(i.__ARM_fpclassify)
    i.__hardfp_atan                          0x08003a28   Section        0  atan.o(i.__hardfp_atan)
    i.__hardfp_atan2                         0x08003d00   Section        0  atan2.o(i.__hardfp_atan2)
    i.__hardfp_cos                           0x08003ef0   Section        0  cos.o(i.__hardfp_cos)
    i.__hardfp_fabs                          0x08003fb8   Section        0  fabs.o(i.__hardfp_fabs)
    i.__hardfp_sin                           0x08003fd0   Section        0  sin.o(i.__hardfp_sin)
    i.__hardfp_sqrt                          0x08004098   Section        0  sqrt.o(i.__hardfp_sqrt)
    i.__ieee754_rem_pio2                     0x08004118   Section        0  rred.o(i.__ieee754_rem_pio2)
    i.__kernel_cos                           0x08004550   Section        0  cos_i.o(i.__kernel_cos)
    i.__kernel_poly                          0x080046c0   Section        0  poly.o(i.__kernel_poly)
    i.__kernel_sin                           0x080047b8   Section        0  sin_i.o(i.__kernel_sin)
    i.__mathlib_dbl_infnan                   0x080048e8   Section        0  dunder.o(i.__mathlib_dbl_infnan)
    i.__mathlib_dbl_infnan2                  0x080048fc   Section        0  dunder.o(i.__mathlib_dbl_infnan2)
    i.__mathlib_dbl_invalid                  0x08004910   Section        0  dunder.o(i.__mathlib_dbl_invalid)
    i.__mathlib_dbl_underflow                0x08004930   Section        0  dunder.o(i.__mathlib_dbl_underflow)
    i.angleErrorCount                        0x08004950   Section        0  sweep.o(i.angleErrorCount)
    i.atan                                   0x080049c0   Section        0  atan.o(i.atan)
    i.distancePidControl                     0x080049d0   Section        0  sweep.o(i.distancePidControl)
    i.elmo_Enable                            0x08004a20   Section        0  elmo.o(i.elmo_Enable)
    i.elmo_Init                              0x08004aa8   Section        0  elmo.o(i.elmo_Init)
    i.fabs                                   0x08004ac8   Section        0  fabs.o(i.fabs)
    i.fireTask                               0x08004ae0   Section        0  shoot.o(i.fireTask)
    i.getBallColor                           0x08004cb4   Section        0  tools.o(i.getBallColor)
    i.getLeftAdc                             0x08004cc0   Section        0  fix.o(i.getLeftAdc)
    i.getTimeFlag                            0x08004d14   Section        0  timer.o(i.getTimeFlag)
    i.getXpos                                0x08004d34   Section        0  fix.o(i.getXpos)
    i.getYpos                                0x08004e2c   Section        0  fix.o(i.getYpos)
    i.getxRem                                0x08004f24   Section        0  tools.o(i.getxRem)
    i.getyRem                                0x08004f30   Section        0  tools.o(i.getyRem)
    i.init                                   0x08004f3c   Section        0  main.o(i.init)
    i.itoa                                   0x0800502c   Section        0  usart.o(i.itoa)
    i.main                                   0x08005090   Section        0  main.o(i.main)
    i.setAngle                               0x080050b4   Section        0  fix.o(i.setAngle)
    i.setBallColor                           0x080050c0   Section        0  tools.o(i.setBallColor)
    i.setErr                                 0x080050cc   Section        0  fix.o(i.setErr)
    i.setErrSingle                           0x080050fc   Section        0  fix.o(i.setErrSingle)
    i.setErrX                                0x0800514c   Section        0  fix.o(i.setErrX)
    i.setErrY                                0x08005264   Section        0  fix.o(i.setErrY)
    i.setF_ball                              0x0800537c   Section        0  tools.o(i.setF_ball)
    i.setXpos                                0x08005388   Section        0  fix.o(i.setXpos)
    i.setYpos                                0x08005394   Section        0  fix.o(i.setYpos)
    i.setxRem                                0x080053a0   Section        0  tools.o(i.setxRem)
    i.setyRem                                0x080053ac   Section        0  tools.o(i.setyRem)
    i.shootVelTrans                          0x080053b8   Section        0  motor.o(i.shootVelTrans)
    x$fpl$basic                              0x080053dc   Section       24  basic.o(x$fpl$basic)
    $v0                                      0x080053dc   Number         0  basic.o(x$fpl$basic)
    x$fpl$d2f                                0x080053f4   Section       98  d2f.o(x$fpl$d2f)
    $v0                                      0x080053f4   Number         0  d2f.o(x$fpl$d2f)
    x$fpl$dadd                               0x08005458   Section      336  daddsub_clz.o(x$fpl$dadd)
    $v0                                      0x08005458   Number         0  daddsub_clz.o(x$fpl$dadd)
    _dadd1                                   0x08005469   Thumb Code     0  daddsub_clz.o(x$fpl$dadd)
    x$fpl$dcmpinf                            0x080055a8   Section       24  dcmpi.o(x$fpl$dcmpinf)
    $v0                                      0x080055a8   Number         0  dcmpi.o(x$fpl$dcmpinf)
    x$fpl$ddiv                               0x080055c0   Section      688  ddiv.o(x$fpl$ddiv)
    $v0                                      0x080055c0   Number         0  ddiv.o(x$fpl$ddiv)
    ddiv_entry                               0x080055c7   Thumb Code     0  ddiv.o(x$fpl$ddiv)
    x$fpl$dfix                               0x08005870   Section       94  dfix.o(x$fpl$dfix)
    $v0                                      0x08005870   Number         0  dfix.o(x$fpl$dfix)
    x$fpl$dflt                               0x080058ce   Section       46  dflt_clz.o(x$fpl$dflt)
    $v0                                      0x080058ce   Number         0  dflt_clz.o(x$fpl$dflt)
    x$fpl$dfltu                              0x080058fc   Section       38  dflt_clz.o(x$fpl$dfltu)
    $v0                                      0x080058fc   Number         0  dflt_clz.o(x$fpl$dfltu)
    x$fpl$dleqf                              0x08005924   Section      120  dleqf.o(x$fpl$dleqf)
    $v0                                      0x08005924   Number         0  dleqf.o(x$fpl$dleqf)
    x$fpl$dmul                               0x0800599c   Section      340  dmul.o(x$fpl$dmul)
    $v0                                      0x0800599c   Number         0  dmul.o(x$fpl$dmul)
    x$fpl$dnaninf                            0x08005af0   Section      156  dnaninf.o(x$fpl$dnaninf)
    $v0                                      0x08005af0   Number         0  dnaninf.o(x$fpl$dnaninf)
    x$fpl$dretinf                            0x08005b8c   Section       12  dretinf.o(x$fpl$dretinf)
    $v0                                      0x08005b8c   Number         0  dretinf.o(x$fpl$dretinf)
    x$fpl$drleqf                             0x08005b98   Section      108  drleqf.o(x$fpl$drleqf)
    $v0                                      0x08005b98   Number         0  drleqf.o(x$fpl$drleqf)
    x$fpl$drsb                               0x08005c04   Section       22  daddsub_clz.o(x$fpl$drsb)
    $v0                                      0x08005c04   Number         0  daddsub_clz.o(x$fpl$drsb)
    x$fpl$dsqrt                              0x08005c1c   Section      408  dsqrt_umaal.o(x$fpl$dsqrt)
    $v0                                      0x08005c1c   Number         0  dsqrt_umaal.o(x$fpl$dsqrt)
    x$fpl$dsub                               0x08005db4   Section      468  daddsub_clz.o(x$fpl$dsub)
    $v0                                      0x08005db4   Number         0  daddsub_clz.o(x$fpl$dsub)
    _dsub1                                   0x08005dc5   Thumb Code     0  daddsub_clz.o(x$fpl$dsub)
    x$fpl$f2d                                0x08005f88   Section       86  f2d.o(x$fpl$f2d)
    $v0                                      0x08005f88   Number         0  f2d.o(x$fpl$f2d)
    x$fpl$fnaninf                            0x08005fde   Section      140  fnaninf.o(x$fpl$fnaninf)
    $v0                                      0x08005fde   Number         0  fnaninf.o(x$fpl$fnaninf)
    x$fpl$fpinit                             0x0800606a   Section       10  fpinit.o(x$fpl$fpinit)
    $v0                                      0x0800606a   Number         0  fpinit.o(x$fpl$fpinit)
    x$fpl$fretinf                            0x08006074   Section       10  fretinf.o(x$fpl$fretinf)
    $v0                                      0x08006074   Number         0  fretinf.o(x$fpl$fretinf)
    x$fpl$usenofp                            0x0800607e   Section        0  usenofp.o(x$fpl$usenofp)
    .constdata                               0x08006080   Section      272  elmo.o(.constdata)
    .constdata                               0x08006190   Section      152  atan.o(.constdata)
    atanhi                                   0x08006190   Data          32  atan.o(.constdata)
    atanlo                                   0x080061b0   Data          32  atan.o(.constdata)
    aTodd                                    0x080061d0   Data          40  atan.o(.constdata)
    aTeven                                   0x080061f8   Data          48  atan.o(.constdata)
    .constdata                               0x08006228   Section       48  cos_i.o(.constdata)
    C                                        0x08006228   Data          48  cos_i.o(.constdata)
    .constdata                               0x08006258   Section        8  qnan.o(.constdata)
    .constdata                               0x08006260   Section      200  rred.o(.constdata)
    pio2s                                    0x08006260   Data          48  rred.o(.constdata)
    twooverpi                                0x08006290   Data         152  rred.o(.constdata)
    .constdata                               0x08006328   Section       40  sin_i.o(.constdata)
    S                                        0x08006328   Data          40  sin_i.o(.constdata)
    .data                                    0x20000000   Section      276  sweep.o(.data)
    xStick                                   0x20000000   Data           4  sweep.o(.data)
    yStick                                   0x20000004   Data           4  sweep.o(.data)
    M                                        0x20000008   Data           4  sweep.o(.data)
    turnTime                                 0x2000000c   Data           4  sweep.o(.data)
    turnTimeRemember                         0x20000010   Data           4  sweep.o(.data)
    x                                        0x20000014   Data           4  sweep.o(.data)
    y                                        0x20000018   Data           4  sweep.o(.data)
    angle                                    0x2000001c   Data           4  sweep.o(.data)
    angleError                               0x20000020   Data           4  sweep.o(.data)
    aimAngle                                 0x20000024   Data           4  sweep.o(.data)
    distanceStraight                         0x20000028   Data           4  sweep.o(.data)
    disError                                 0x2000002c   Data           4  sweep.o(.data)
    pidZongShuchu                            0x20000030   Data           4  sweep.o(.data)
    piddisShuchu                             0x20000034   Data           4  sweep.o(.data)
    spacingError                             0x20000038   Data           4  sweep.o(.data)
    lineChangeSymbol                         0x2000003c   Data           4  sweep.o(.data)
    ERR_OLD                                  0x20000040   Data           4  sweep.o(.data)
    Kp                                       0x20000044   Data           4  sweep.o(.data)
    Ki                                       0x20000048   Data           4  sweep.o(.data)
    Kd                                       0x2000004c   Data           4  sweep.o(.data)
    OUTPUT                                   0x20000050   Data           4  sweep.o(.data)
    ERR_OLD                                  0x20000054   Data           4  sweep.o(.data)
    Kp                                       0x20000058   Data           4  sweep.o(.data)
    Ki                                       0x2000005c   Data           4  sweep.o(.data)
    Kd                                       0x20000060   Data           4  sweep.o(.data)
    OUTPUT                                   0x20000064   Data           4  sweep.o(.data)
    ERR_OLD                                  0x20000068   Data           4  sweep.o(.data)
    Kp                                       0x2000006c   Data           4  sweep.o(.data)
    Ki                                       0x20000070   Data           4  sweep.o(.data)
    Kd                                       0x20000074   Data           4  sweep.o(.data)
    OUTPUT                                   0x20000078   Data           4  sweep.o(.data)
    ERR_OLD                                  0x2000007c   Data           4  sweep.o(.data)
    Kp                                       0x20000080   Data           4  sweep.o(.data)
    Ki                                       0x20000084   Data           4  sweep.o(.data)
    Kd                                       0x20000088   Data           4  sweep.o(.data)
    OUTPUT                                   0x2000008c   Data           4  sweep.o(.data)
    ERR_OLD                                  0x20000090   Data           4  sweep.o(.data)
    Kp                                       0x20000094   Data           4  sweep.o(.data)
    Ki                                       0x20000098   Data           4  sweep.o(.data)
    Kd                                       0x2000009c   Data           4  sweep.o(.data)
    OUTPUT                                   0x200000a0   Data           4  sweep.o(.data)
    angleError                               0x200000a4   Data           4  sweep.o(.data)
    aimAngle                                 0x200000a8   Data           4  sweep.o(.data)
    angleError                               0x200000ac   Data           4  sweep.o(.data)
    i                                        0x200000b0   Data           4  sweep.o(.data)
    j                                        0x200000b4   Data           4  sweep.o(.data)
    aimAngle                                 0x200000b8   Data           4  sweep.o(.data)
    angleError                               0x200000bc   Data           4  sweep.o(.data)
    i                                        0x200000c0   Data           4  sweep.o(.data)
    j                                        0x200000c4   Data           4  sweep.o(.data)
    stickError                               0x200000c8   Data           4  sweep.o(.data)
    xError                                   0x200000cc   Data           4  sweep.o(.data)
    yError                                   0x200000d0   Data           4  sweep.o(.data)
    againstTime                              0x200000d4   Data           4  sweep.o(.data)
    angleError                               0x200000d8   Data           4  sweep.o(.data)
    vOut1                                    0x200000dc   Data           4  sweep.o(.data)
    vOut2                                    0x200000e0   Data           4  sweep.o(.data)
    vIn                                      0x200000e4   Data           4  sweep.o(.data)
    lead                                     0x200000e8   Data           4  sweep.o(.data)
    x                                        0x200000ec   Data           4  sweep.o(.data)
    y                                        0x200000f0   Data           4  sweep.o(.data)
    angle                                    0x200000f4   Data           4  sweep.o(.data)
    aimAngle                                 0x200000f8   Data           4  sweep.o(.data)
    angleError                               0x200000fc   Data           4  sweep.o(.data)
    k                                        0x20000100   Data           4  sweep.o(.data)
    spacingError                             0x20000104   Data           4  sweep.o(.data)
    kAngle                                   0x20000108   Data           4  sweep.o(.data)
    dx                                       0x2000010c   Data           4  sweep.o(.data)
    dy                                       0x20000110   Data           4  sweep.o(.data)
    .data                                    0x20000114   Section       84  shoot.o(.data)
    ERR_OLD                                  0x20000114   Data           4  shoot.o(.data)
    Kp                                       0x20000118   Data           4  shoot.o(.data)
    Kd                                       0x2000011c   Data           4  shoot.o(.data)
    OUTPUT                                   0x20000120   Data           4  shoot.o(.data)
    launcher                                 0x20000124   Data           8  shoot.o(.data)
    s                                        0x2000012c   Data           4  shoot.o(.data)
    h                                        0x20000130   Data           4  shoot.o(.data)
    v                                        0x20000134   Data           4  shoot.o(.data)
    x0                                       0x20000138   Data           4  shoot.o(.data)
    y0                                       0x2000013c   Data           4  shoot.o(.data)
    g                                        0x20000140   Data           4  shoot.o(.data)
    dx                                       0x20000144   Data           4  shoot.o(.data)
    dy                                       0x20000148   Data           4  shoot.o(.data)
    waitAdjust                               0x2000014c   Data           4  shoot.o(.data)
    x                                        0x20000150   Data           4  shoot.o(.data)
    y                                        0x20000154   Data           4  shoot.o(.data)
    angle                                    0x20000158   Data           4  shoot.o(.data)
    ballNum                                  0x2000015c   Data           4  shoot.o(.data)
    launcher                                 0x20000160   Data           8  shoot.o(.data)
    .data                                    0x20000168   Section       24  fix.o(.data)
    angle                                    0x20000168   Data           4  fix.o(.data)
    xpos                                     0x2000016c   Data           4  fix.o(.data)
    ypos                                     0x20000170   Data           4  fix.o(.data)
    errSingle                                0x20000174   Data           4  fix.o(.data)
    errX0                                    0x20000178   Data           4  fix.o(.data)
    errY0                                    0x2000017c   Data           4  fix.o(.data)
    .data                                    0x20000180   Section       84  stm32f4xx_it.o(.data)
    buffer                                   0x20000199   Data           8  stm32f4xx_it.o(.data)
    length                                   0x200001a1   Data           1  stm32f4xx_it.o(.data)
    StdId                                    0x200001a4   Data           4  stm32f4xx_it.o(.data)
    StdId                                    0x200001a8   Data           4  stm32f4xx_it.o(.data)
    canReceice                               0x200001ac   Data           8  stm32f4xx_it.o(.data)
    len                                      0x200001b4   Data           1  stm32f4xx_it.o(.data)
    i                                        0x200001b8   Data           4  stm32f4xx_it.o(.data)
    j                                        0x200001bc   Data           4  stm32f4xx_it.o(.data)
    ch                                       0x200001c0   Data           1  stm32f4xx_it.o(.data)
    count                                    0x200001c1   Data           1  stm32f4xx_it.o(.data)
    i                                        0x200001c2   Data           1  stm32f4xx_it.o(.data)
    Ball_tmpcounter                          0x200001c4   Data           4  stm32f4xx_it.o(.data)
    i                                        0x200001c8   Data           4  stm32f4xx_it.o(.data)
    j                                        0x200001cc   Data           4  stm32f4xx_it.o(.data)
    flag                                     0x200001d0   Data           4  stm32f4xx_it.o(.data)
    .data                                    0x200001d4   Section       20  timer.o(.data)
    timeCount                                0x200001d4   Data           2  timer.o(.data)
    timeFlag                                 0x200001d6   Data           1  timer.o(.data)
    cpuTimes                                 0x200001d7   Data           1  timer.o(.data)
    xRem                                     0x200001dc   Data           4  timer.o(.data)
    yRem                                     0x200001e0   Data           4  timer.o(.data)
    tim3Counter                              0x200001e4   Data           4  timer.o(.data)
    .data                                    0x200001e8   Section       48  tools.o(.data)
    Aimxfirst                                0x200001e8   Data           4  tools.o(.data)
    Aimyfirst                                0x200001ec   Data           4  tools.o(.data)
    Aimxsecond                               0x200001f0   Data           4  tools.o(.data)
    Aimysecond                               0x200001f4   Data           4  tools.o(.data)
    xRem                                     0x200001f8   Data           4  tools.o(.data)
    yRem                                     0x200001fc   Data           4  tools.o(.data)
    Bestangle                                0x20000200   Data           4  tools.o(.data)
    f_ball                                   0x20000204   Data           4  tools.o(.data)
    ballColor                                0x20000208   Data           4  tools.o(.data)
    tmp1                                     0x2000020c   Data           4  tools.o(.data)
    tmp2                                     0x20000210   Data           4  tools.o(.data)
    tmp3                                     0x20000214   Data           4  tools.o(.data)
    .data                                    0x20000218   Section       16  stm32f4xx_rcc.o(.data)
    APBAHBPrescTable                         0x20000218   Data          16  stm32f4xx_rcc.o(.data)
    .bss                                     0x20000228   Section       68  main.o(.bss)
    .bss                                     0x2000026c   Section       24  stm32f4xx_it.o(.bss)
    posture                                  0x2000026c   Data          24  stm32f4xx_it.o(.bss)
    .bss                                     0x20000284   Section       96  libspace.o(.bss)
    HEAP                                     0x200002e8   Section    16896  startup_stm32f4xx.o(HEAP)
    Heap_Mem                                 0x200002e8   Data       16896  startup_stm32f4xx.o(HEAP)
    STACK                                    0x200044e8   Section     1024  startup_stm32f4xx.o(STACK)
    Stack_Mem                                0x200044e8   Data        1024  startup_stm32f4xx.o(STACK)
    __initial_sp                             0x200048e8   Data           0  startup_stm32f4xx.o(STACK)

    Global Symbols

    Symbol Name                              Value     Ov Type        Size  Object(Section)

    BuildAttributes$$THM_ISAv4$E$P$D$K$B$S$7EM$VFPi3$EXTD16$VFPS$VFMA$PE$A:L22UL41UL21$X:L11$S22US41US21$IEEE1$IW$USESV6$~STKCKD$USESV7$~SHL$OTIME$ROPI$IEEEX$EBA8$UX$STANDARDLIB$REQ8$PRES8$EABIv2 0x00000000   Number         0  anon$$obj.o ABSOLUTE
    __ARM_use_no_argv                        0x00000000   Number         0  main.o ABSOLUTE
    SHT$$ARM_EXIDX$$Base                      - Undefined Reference
    SHT$$ARM_EXIDX$$Limit                     - Undefined Reference
    __ARM_exceptions_init                     - Undefined Weak Reference
    __aeabi_unwind_cpp_pr2                    - Undefined Weak Reference
    __alloca_initialize                       - Undefined Weak Reference
    __arm_preinit_                            - Undefined Weak Reference
    __cpp_initialize__aeabi_                  - Undefined Weak Reference
    __cxa_begin_cleanup                       - Undefined Weak Reference
    __cxa_call_unexpected                     - Undefined Weak Reference
    __cxa_finalize                            - Undefined Weak Reference
    __cxa_type_match                          - Undefined Weak Reference
    __rt_locale                               - Undefined Weak Reference
    __sigvec_lookup                           - Undefined Weak Reference
    __user_heap_extent                        - Undefined Weak Reference
    _atexit_init                              - Undefined Weak Reference
    _call_atexit_fns                          - Undefined Weak Reference
    _clock_init                               - Undefined Weak Reference
    _fp_trap_init                             - Undefined Weak Reference
    _fp_trap_shutdown                         - Undefined Weak Reference
    _get_lc_collate                           - Undefined Weak Reference
    _get_lc_ctype                             - Undefined Weak Reference
    _get_lc_monetary                          - Undefined Weak Reference
    _get_lc_numeric                           - Undefined Weak Reference
    _get_lc_time                              - Undefined Weak Reference
    _getenv_init                              - Undefined Weak Reference
    _handle_redirection                       - Undefined Weak Reference
    _initio                                   - Undefined Weak Reference
    _mutex_acquire                            - Undefined Weak Reference
    _mutex_free                               - Undefined Weak Reference
    _mutex_release                            - Undefined Weak Reference
    _rand_init                                - Undefined Weak Reference
    _signal_finish                            - Undefined Weak Reference
    _signal_init                              - Undefined Weak Reference
    _terminateio                              - Undefined Weak Reference
    __Vectors_Size                           0x00000188   Number         0  startup_stm32f4xx.o ABSOLUTE
    __Vectors                                0x08000000   Data           4  startup_stm32f4xx.o(RESET)
    __Vectors_End                            0x08000188   Data           0  startup_stm32f4xx.o(RESET)
    __main                                   0x08000189   Thumb Code     8  __main.o(!!!main)
    __scatterload                            0x08000191   Thumb Code     0  __scatter.o(!!!scatter)
    __scatterload_rt2                        0x08000191   Thumb Code    44  __scatter.o(!!!scatter)
    __scatterload_rt2_thumb_only             0x08000191   Thumb Code     0  __scatter.o(!!!scatter)
    __scatterload_null                       0x0800019f   Thumb Code     0  __scatter.o(!!!scatter)
    __decompress                             0x080001c5   Thumb Code    58  __dczerorl.o(!!dczerorl)
    __decompress0                            0x080001c5   Thumb Code     0  __dczerorl.o(!!dczerorl)
    __scatterload_zeroinit                   0x08000201   Thumb Code    28  __scatter_zi.o(!!handler_zi)
    __rt_lib_init                            0x0800021d   Thumb Code     0  libinit.o(.ARM.Collect$$libinit$$00000000)
    __rt_lib_init_fp_1                       0x0800021f   Thumb Code     0  libinit2.o(.ARM.Collect$$libinit$$00000001)
    __rt_lib_init_alloca_1                   0x08000223   Thumb Code     0  libinit2.o(.ARM.Collect$$libinit$$0000002E)
    __rt_lib_init_argv_1                     0x08000223   Thumb Code     0  libinit2.o(.ARM.Collect$$libinit$$0000002C)
    __rt_lib_init_atexit_1                   0x08000223   Thumb Code     0  libinit2.o(.ARM.Collect$$libinit$$0000001B)
    __rt_lib_init_clock_1                    0x08000223   Thumb Code     0  libinit2.o(.ARM.Collect$$libinit$$00000021)
    __rt_lib_init_cpp_1                      0x08000223   Thumb Code     0  libinit2.o(.ARM.Collect$$libinit$$00000032)
    __rt_lib_init_exceptions_1               0x08000223   Thumb Code     0  libinit2.o(.ARM.Collect$$libinit$$00000030)
    __rt_lib_init_fp_trap_1                  0x08000223   Thumb Code     0  libinit2.o(.ARM.Collect$$libinit$$0000001F)
    __rt_lib_init_getenv_1                   0x08000223   Thumb Code     0  libinit2.o(.ARM.Collect$$libinit$$00000023)
    __rt_lib_init_heap_1                     0x08000223   Thumb Code     0  libinit2.o(.ARM.Collect$$libinit$$0000000A)
    __rt_lib_init_lc_collate_1               0x08000223   Thumb Code     0  libinit2.o(.ARM.Collect$$libinit$$00000011)
    __rt_lib_init_lc_ctype_1                 0x08000223   Thumb Code     0  libinit2.o(.ARM.Collect$$libinit$$00000013)
    __rt_lib_init_lc_monetary_1              0x08000223   Thumb Code     0  libinit2.o(.ARM.Collect$$libinit$$00000015)
    __rt_lib_init_lc_numeric_1               0x08000223   Thumb Code     0  libinit2.o(.ARM.Collect$$libinit$$00000017)
    __rt_lib_init_lc_time_1                  0x08000223   Thumb Code     0  libinit2.o(.ARM.Collect$$libinit$$00000019)
    __rt_lib_init_preinit_1                  0x08000223   Thumb Code     0  libinit2.o(.ARM.Collect$$libinit$$00000004)
    __rt_lib_init_rand_1                     0x08000223   Thumb Code     0  libinit2.o(.ARM.Collect$$libinit$$0000000E)
    __rt_lib_init_return                     0x08000223   Thumb Code     0  libinit2.o(.ARM.Collect$$libinit$$00000033)
    __rt_lib_init_signal_1                   0x08000223   Thumb Code     0  libinit2.o(.ARM.Collect$$libinit$$0000001D)
    __rt_lib_init_stdio_1                    0x08000223   Thumb Code     0  libinit2.o(.ARM.Collect$$libinit$$00000025)
    __rt_lib_init_user_alloc_1               0x08000223   Thumb Code     0  libinit2.o(.ARM.Collect$$libinit$$0000000C)
    __rt_lib_shutdown                        0x08000225   Thumb Code     0  libshutdown.o(.ARM.Collect$$libshutdown$$00000000)
    __rt_lib_shutdown_cpp_1                  0x08000227   Thumb Code     0  libshutdown2.o(.ARM.Collect$$libshutdown$$00000002)
    __rt_lib_shutdown_fp_trap_1              0x08000227   Thumb Code     0  libshutdown2.o(.ARM.Collect$$libshutdown$$00000007)
    __rt_lib_shutdown_heap_1                 0x08000227   Thumb Code     0  libshutdown2.o(.ARM.Collect$$libshutdown$$0000000F)
    __rt_lib_shutdown_return                 0x08000227   Thumb Code     0  libshutdown2.o(.ARM.Collect$$libshutdown$$00000010)
    __rt_lib_shutdown_signal_1               0x08000227   Thumb Code     0  libshutdown2.o(.ARM.Collect$$libshutdown$$0000000A)
    __rt_lib_shutdown_stdio_1                0x08000227   Thumb Code     0  libshutdown2.o(.ARM.Collect$$libshutdown$$00000004)
    __rt_lib_shutdown_user_alloc_1           0x08000227   Thumb Code     0  libshutdown2.o(.ARM.Collect$$libshutdown$$0000000C)
    __rt_entry                               0x08000229   Thumb Code     0  __rtentry.o(.ARM.Collect$$rtentry$$00000000)
    __rt_entry_presh_1                       0x08000229   Thumb Code     0  __rtentry2.o(.ARM.Collect$$rtentry$$00000002)
    __rt_entry_sh                            0x08000229   Thumb Code     0  __rtentry4.o(.ARM.Collect$$rtentry$$00000004)
    __rt_entry_li                            0x0800022f   Thumb Code     0  __rtentry2.o(.ARM.Collect$$rtentry$$0000000A)
    __rt_entry_postsh_1                      0x0800022f   Thumb Code     0  __rtentry2.o(.ARM.Collect$$rtentry$$00000009)
    __rt_entry_main                          0x08000233   Thumb Code     0  __rtentry2.o(.ARM.Collect$$rtentry$$0000000D)
    __rt_entry_postli_1                      0x08000233   Thumb Code     0  __rtentry2.o(.ARM.Collect$$rtentry$$0000000C)
    __rt_exit                                0x0800023b   Thumb Code     0  rtexit.o(.ARM.Collect$$rtexit$$00000000)
    __rt_exit_ls                             0x0800023d   Thumb Code     0  rtexit2.o(.ARM.Collect$$rtexit$$00000003)
    __rt_exit_prels_1                        0x0800023d   Thumb Code     0  rtexit2.o(.ARM.Collect$$rtexit$$00000002)
    __rt_exit_exit                           0x08000241   Thumb Code     0  rtexit2.o(.ARM.Collect$$rtexit$$00000004)
    Reset_Handler                            0x08000249   Thumb Code     8  startup_stm32f4xx.o(.text)
    PendSV_Handler                           0x0800025f   Thumb Code     2  startup_stm32f4xx.o(.text)
    SysTick_Handler                          0x08000261   Thumb Code     2  startup_stm32f4xx.o(.text)
    ADC_IRQHandler                           0x08000263   Thumb Code     0  startup_stm32f4xx.o(.text)
    CAN1_RX1_IRQHandler                      0x08000263   Thumb Code     0  startup_stm32f4xx.o(.text)
    CAN1_SCE_IRQHandler                      0x08000263   Thumb Code     0  startup_stm32f4xx.o(.text)
    CAN1_TX_IRQHandler                       0x08000263   Thumb Code     0  startup_stm32f4xx.o(.text)
    CAN2_RX1_IRQHandler                      0x08000263   Thumb Code     0  startup_stm32f4xx.o(.text)
    CAN2_SCE_IRQHandler                      0x08000263   Thumb Code     0  startup_stm32f4xx.o(.text)
    CAN2_TX_IRQHandler                       0x08000263   Thumb Code     0  startup_stm32f4xx.o(.text)
    CRYP_IRQHandler                          0x08000263   Thumb Code     0  startup_stm32f4xx.o(.text)
    DCMI_IRQHandler                          0x08000263   Thumb Code     0  startup_stm32f4xx.o(.text)
    DMA1_Stream0_IRQHandler                  0x08000263   Thumb Code     0  startup_stm32f4xx.o(.text)
    DMA1_Stream1_IRQHandler                  0x08000263   Thumb Code     0  startup_stm32f4xx.o(.text)
    DMA1_Stream2_IRQHandler                  0x08000263   Thumb Code     0  startup_stm32f4xx.o(.text)
    DMA1_Stream3_IRQHandler                  0x08000263   Thumb Code     0  startup_stm32f4xx.o(.text)
    DMA1_Stream4_IRQHandler                  0x08000263   Thumb Code     0  startup_stm32f4xx.o(.text)
    DMA1_Stream5_IRQHandler                  0x08000263   Thumb Code     0  startup_stm32f4xx.o(.text)
    DMA1_Stream6_IRQHandler                  0x08000263   Thumb Code     0  startup_stm32f4xx.o(.text)
    DMA1_Stream7_IRQHandler                  0x08000263   Thumb Code     0  startup_stm32f4xx.o(.text)
    DMA2_Stream0_IRQHandler                  0x08000263   Thumb Code     0  startup_stm32f4xx.o(.text)
    DMA2_Stream1_IRQHandler                  0x08000263   Thumb Code     0  startup_stm32f4xx.o(.text)
    DMA2_Stream2_IRQHandler                  0x08000263   Thumb Code     0  startup_stm32f4xx.o(.text)
    DMA2_Stream3_IRQHandler                  0x08000263   Thumb Code     0  startup_stm32f4xx.o(.text)
    DMA2_Stream4_IRQHandler                  0x08000263   Thumb Code     0  startup_stm32f4xx.o(.text)
    DMA2_Stream5_IRQHandler                  0x08000263   Thumb Code     0  startup_stm32f4xx.o(.text)
    DMA2_Stream6_IRQHandler                  0x08000263   Thumb Code     0  startup_stm32f4xx.o(.text)
    DMA2_Stream7_IRQHandler                  0x08000263   Thumb Code     0  startup_stm32f4xx.o(.text)
    ETH_IRQHandler                           0x08000263   Thumb Code     0  startup_stm32f4xx.o(.text)
    ETH_WKUP_IRQHandler                      0x08000263   Thumb Code     0  startup_stm32f4xx.o(.text)
    EXTI0_IRQHandler                         0x08000263   Thumb Code     0  startup_stm32f4xx.o(.text)
    EXTI15_10_IRQHandler                     0x08000263   Thumb Code     0  startup_stm32f4xx.o(.text)
    EXTI1_IRQHandler                         0x08000263   Thumb Code     0  startup_stm32f4xx.o(.text)
    EXTI2_IRQHandler                         0x08000263   Thumb Code     0  startup_stm32f4xx.o(.text)
    EXTI3_IRQHandler                         0x08000263   Thumb Code     0  startup_stm32f4xx.o(.text)
    EXTI4_IRQHandler                         0x08000263   Thumb Code     0  startup_stm32f4xx.o(.text)
    EXTI9_5_IRQHandler                       0x08000263   Thumb Code     0  startup_stm32f4xx.o(.text)
    FLASH_IRQHandler                         0x08000263   Thumb Code     0  startup_stm32f4xx.o(.text)
    FPU_IRQHandler                           0x08000263   Thumb Code     0  startup_stm32f4xx.o(.text)
    FSMC_IRQHandler                          0x08000263   Thumb Code     0  startup_stm32f4xx.o(.text)
    HASH_RNG_IRQHandler                      0x08000263   Thumb Code     0  startup_stm32f4xx.o(.text)
    I2C1_ER_IRQHandler                       0x08000263   Thumb Code     0  startup_stm32f4xx.o(.text)
    I2C1_EV_IRQHandler                       0x08000263   Thumb Code     0  startup_stm32f4xx.o(.text)
    I2C2_ER_IRQHandler                       0x08000263   Thumb Code     0  startup_stm32f4xx.o(.text)
    I2C2_EV_IRQHandler                       0x08000263   Thumb Code     0  startup_stm32f4xx.o(.text)
    I2C3_ER_IRQHandler                       0x08000263   Thumb Code     0  startup_stm32f4xx.o(.text)
    I2C3_EV_IRQHandler                       0x08000263   Thumb Code     0  startup_stm32f4xx.o(.text)
    OTG_FS_IRQHandler                        0x08000263   Thumb Code     0  startup_stm32f4xx.o(.text)
    OTG_FS_WKUP_IRQHandler                   0x08000263   Thumb Code     0  startup_stm32f4xx.o(.text)
    OTG_HS_EP1_IN_IRQHandler                 0x08000263   Thumb Code     0  startup_stm32f4xx.o(.text)
    OTG_HS_EP1_OUT_IRQHandler                0x08000263   Thumb Code     0  startup_stm32f4xx.o(.text)
    OTG_HS_IRQHandler                        0x08000263   Thumb Code     0  startup_stm32f4xx.o(.text)
    OTG_HS_WKUP_IRQHandler                   0x08000263   Thumb Code     0  startup_stm32f4xx.o(.text)
    PVD_IRQHandler                           0x08000263   Thumb Code     0  startup_stm32f4xx.o(.text)
    RCC_IRQHandler                           0x08000263   Thumb Code     0  startup_stm32f4xx.o(.text)
    RTC_Alarm_IRQHandler                     0x08000263   Thumb Code     0  startup_stm32f4xx.o(.text)
    RTC_WKUP_IRQHandler                      0x08000263   Thumb Code     0  startup_stm32f4xx.o(.text)
    SDIO_IRQHandler                          0x08000263   Thumb Code     0  startup_stm32f4xx.o(.text)
    SPI1_IRQHandler                          0x08000263   Thumb Code     0  startup_stm32f4xx.o(.text)
    SPI2_IRQHandler                          0x08000263   Thumb Code     0  startup_stm32f4xx.o(.text)
    SPI3_IRQHandler                          0x08000263   Thumb Code     0  startup_stm32f4xx.o(.text)
    TAMP_STAMP_IRQHandler                    0x08000263   Thumb Code     0  startup_stm32f4xx.o(.text)
    TIM1_BRK_TIM9_IRQHandler                 0x08000263   Thumb Code     0  startup_stm32f4xx.o(.text)
    TIM1_CC_IRQHandler                       0x08000263   Thumb Code     0  startup_stm32f4xx.o(.text)
    TIM1_TRG_COM_TIM11_IRQHandler            0x08000263   Thumb Code     0  startup_stm32f4xx.o(.text)
    TIM6_DAC_IRQHandler                      0x08000263   Thumb Code     0  startup_stm32f4xx.o(.text)
    TIM7_IRQHandler                          0x08000263   Thumb Code     0  startup_stm32f4xx.o(.text)
    TIM8_BRK_TIM12_IRQHandler                0x08000263   Thumb Code     0  startup_stm32f4xx.o(.text)
    TIM8_CC_IRQHandler                       0x08000263   Thumb Code     0  startup_stm32f4xx.o(.text)
    TIM8_TRG_COM_TIM14_IRQHandler            0x08000263   Thumb Code     0  startup_stm32f4xx.o(.text)
    UART4_IRQHandler                         0x08000263   Thumb Code     0  startup_stm32f4xx.o(.text)
    USART6_IRQHandler                        0x08000263   Thumb Code     0  startup_stm32f4xx.o(.text)
    WWDG_IRQHandler                          0x08000263   Thumb Code     0  startup_stm32f4xx.o(.text)
    __user_initial_stackheap                 0x08000265   Thumb Code     0  startup_stm32f4xx.o(.text)
    __aeabi_memcpy4                          0x08000289   Thumb Code     0  rt_memcpy_w.o(.text)
    __aeabi_memcpy8                          0x08000289   Thumb Code     0  rt_memcpy_w.o(.text)
    __rt_memcpy_w                            0x08000289   Thumb Code   100  rt_memcpy_w.o(.text)
    _memcpy_lastbytes_aligned                0x080002d1   Thumb Code     0  rt_memcpy_w.o(.text)
    __use_two_region_memory                  0x080002ed   Thumb Code     2  heapauxi.o(.text)
    __rt_heap_escrow                         0x080002ef   Thumb Code     2  heapauxi.o(.text)
    __rt_heap_expand                         0x080002f1   Thumb Code     2  heapauxi.o(.text)
    __read_errno                             0x080002f3   Thumb Code    10  _rserrno.o(.text)
    __set_errno                              0x080002fd   Thumb Code    12  _rserrno.o(.text)
    __aeabi_errno_addr                       0x08000309   Thumb Code     8  rt_errno_addr_intlibspace.o(.text)
    __errno$intlibspace                      0x08000309   Thumb Code     0  rt_errno_addr_intlibspace.o(.text)
    __rt_errno_addr$intlibspace              0x08000309   Thumb Code     0  rt_errno_addr_intlibspace.o(.text)
    __user_libspace                          0x08000311   Thumb Code     8  libspace.o(.text)
    __user_perproc_libspace                  0x08000311   Thumb Code     0  libspace.o(.text)
    __user_perthread_libspace                0x08000311   Thumb Code     0  libspace.o(.text)
    __user_setup_stackheap                   0x08000319   Thumb Code    74  sys_stackheap_outer.o(.text)
    exit                                     0x08000363   Thumb Code    18  exit.o(.text)
    _sys_exit                                0x08000375   Thumb Code     8  sys_exit.o(.text)
    __I$use$semihosting                      0x08000381   Thumb Code     0  use_no_semi.o(.text)
    __use_no_semihosting_swi                 0x08000381   Thumb Code     2  use_no_semi.o(.text)
    ADC_Cmd                                  0x08000383   Thumb Code    22  stm32f4xx_adc.o(i.ADC_Cmd)
    __semihosting_library_function           0x08000383   Thumb Code     0  indicate_semi.o(.text)
    ADC_CommonInit                           0x08000399   Thumb Code    34  stm32f4xx_adc.o(i.ADC_CommonInit)
    ADC_GetConversionValue                   0x080003c9   Thumb Code     8  stm32f4xx_adc.o(i.ADC_GetConversionValue)
    ADC_GetFlagStatus                        0x080003d1   Thumb Code    18  stm32f4xx_adc.o(i.ADC_GetFlagStatus)
    ADC_Init                                 0x080003e5   Thumb Code    74  stm32f4xx_adc.o(i.ADC_Init)
    ADC_RegularChannelConfig                 0x08000439   Thumb Code   184  stm32f4xx_adc.o(i.ADC_RegularChannelConfig)
    ADC_SoftwareStartConv                    0x080004f1   Thumb Code    10  stm32f4xx_adc.o(i.ADC_SoftwareStartConv)
    Adc_Init                                 0x080004fd   Thumb Code   126  adc.o(i.Adc_Init)
    AgainstWall                              0x08000585   Thumb Code   226  sweep.o(i.AgainstWall)
    AnglePidControl                          0x08000689   Thumb Code   116  sweep.o(i.AnglePidControl)
    BackCar                                  0x08000719   Thumb Code   196  sweep.o(i.BackCar)
    BackCarOut                               0x080007f9   Thumb Code   236  sweep.o(i.BackCarOut)
    BusFault_Handler                         0x08000911   Thumb Code     4  stm32f4xx_it.o(i.BusFault_Handler)
    CAN1_RX0_IRQHandler                      0x08000915   Thumb Code   122  stm32f4xx_it.o(i.CAN1_RX0_IRQHandler)
    CAN2_RX0_IRQHandler                      0x080009b9   Thumb Code   106  stm32f4xx_it.o(i.CAN2_RX0_IRQHandler)
    CAN_ClearFlag                            0x08000a4d   Thumb Code    52  stm32f4xx_can.o(i.CAN_ClearFlag)
    CAN_Config                               0x08000a85   Thumb Code   940  can.o(i.CAN_Config)
    CAN_DeInit                               0x08000e35   Thumb Code    50  stm32f4xx_can.o(i.CAN_DeInit)
    CAN_FilterInit                           0x08000e6d   Thumb Code   258  stm32f4xx_can.o(i.CAN_FilterInit)
    CAN_ITConfig                             0x08000f75   Thumb Code    18  stm32f4xx_can.o(i.CAN_ITConfig)
    CAN_Init                                 0x08000f87   Thumb Code   276  stm32f4xx_can.o(i.CAN_Init)
    CAN_MessagePending                       0x0800109b   Thumb Code    30  stm32f4xx_can.o(i.CAN_MessagePending)
    CAN_Receive                              0x080010b9   Thumb Code   240  stm32f4xx_can.o(i.CAN_Receive)
    CAN_RxMsg                                0x080011a9   Thumb Code    72  can.o(i.CAN_RxMsg)
    CAN_Transmit                             0x080011f1   Thumb Code   294  stm32f4xx_can.o(i.CAN_Transmit)
    CAN_TransmitStatus                       0x08001319   Thumb Code   138  stm32f4xx_can.o(i.CAN_TransmitStatus)
    CAN_TxMsg                                0x080013b9   Thumb Code    88  can.o(i.CAN_TxMsg)
    CameraUSART2_Init                        0x08001411   Thumb Code   172  usart.o(i.CameraUSART2_Init)
    CheckAgainstWall                         0x080014c5   Thumb Code    98  sweep.o(i.CheckAgainstWall)
    CheckOutline                             0x08001535   Thumb Code   234  sweep.o(i.CheckOutline)
    CollectBallVelCtr                        0x0800164d   Thumb Code    42  motor.o(i.CollectBallVelCtr)
    CollectBallVelTrans                      0x0800167d   Thumb Code    14  motor.o(i.CollectBallVelTrans)
    DeBug                                    0x08001691   Thumb Code   304  sweep.o(i.DeBug)
    DebugMon_Handler                         0x08001809   Thumb Code     2  stm32f4xx_it.o(i.DebugMon_Handler)
    Delay_ms                                 0x0800180b   Thumb Code    22  timer.o(i.Delay_ms)
    Delay_us                                 0x08001821   Thumb Code    40  timer.o(i.Delay_us)
    GPIO_Init                                0x08001849   Thumb Code   144  stm32f4xx_gpio.o(i.GPIO_Init)
    GPIO_PinAFConfig                         0x080018d9   Thumb Code    70  stm32f4xx_gpio.o(i.GPIO_PinAFConfig)
    Get_Adc                                  0x08001921   Thumb Code    44  adc.o(i.Get_Adc)
    Get_Adc_Average                          0x08001951   Thumb Code    40  adc.o(i.Get_Adc_Average)
    HardFault_Handler                        0x08001979   Thumb Code     4  stm32f4xx_it.o(i.HardFault_Handler)
    Launcher                                 0x0800197d   Thumb Code   694  shoot.o(i.Launcher)
    LineChange                               0x08001cb5   Thumb Code    46  sweep.o(i.LineChange)
    MemManage_Handler                        0x08001ce9   Thumb Code     4  stm32f4xx_it.o(i.MemManage_Handler)
    NMI_Handler                              0x08001ced   Thumb Code     4  stm32f4xx_it.o(i.NMI_Handler)
    NVIC_Init                                0x08001cf1   Thumb Code   106  misc.o(i.NVIC_Init)
    NVIC_PriorityGroupConfig                 0x08001d69   Thumb Code    10  misc.o(i.NVIC_PriorityGroupConfig)
    PosCrl                                   0x08001d7d   Thumb Code   210  elmo.o(i.PosCrl)
    PostionUSART3_Init                       0x08001e55   Thumb Code   176  usart.o(i.PostionUSART3_Init)
    PushBall                                 0x08001f0d   Thumb Code    18  motor.o(i.PushBall)
    PushBallReset                            0x08001f25   Thumb Code    16  motor.o(i.PushBallReset)
    RCC_AHB1PeriphClockCmd                   0x08001f39   Thumb Code    26  stm32f4xx_rcc.o(i.RCC_AHB1PeriphClockCmd)
    RCC_APB1PeriphClockCmd                   0x08001f59   Thumb Code    26  stm32f4xx_rcc.o(i.RCC_APB1PeriphClockCmd)
    RCC_APB1PeriphResetCmd                   0x08001f79   Thumb Code    26  stm32f4xx_rcc.o(i.RCC_APB1PeriphResetCmd)
    RCC_APB2PeriphClockCmd                   0x08001f99   Thumb Code    26  stm32f4xx_rcc.o(i.RCC_APB2PeriphClockCmd)
    RCC_APB2PeriphResetCmd                   0x08001fb9   Thumb Code    26  stm32f4xx_rcc.o(i.RCC_APB2PeriphResetCmd)
    RCC_GetClocksFreq                        0x08001fd9   Thumb Code   214  stm32f4xx_rcc.o(i.RCC_GetClocksFreq)
    SVC_Handler                              0x080020c1   Thumb Code     2  stm32f4xx_it.o(i.SVC_Handler)
    ShootCtr                                 0x080021b1   Thumb Code    86  motor.o(i.ShootCtr)
    ShootUSART1_Init                         0x0800220d   Thumb Code   174  usart.o(i.ShootUSART1_Init)
    SystemInit                               0x080022c5   Thumb Code    88  system_stm32f4xx.o(i.SystemInit)
    TIM1_UP_TIM10_IRQHandler                 0x0800232d   Thumb Code    24  timer.o(i.TIM1_UP_TIM10_IRQHandler)
    TIM2_IRQHandler                          0x08002349   Thumb Code    82  timer.o(i.TIM2_IRQHandler)
    TIM3_IRQHandler                          0x080023a9   Thumb Code   120  timer.o(i.TIM3_IRQHandler)
    TIM4_IRQHandler                          0x08002435   Thumb Code    24  timer.o(i.TIM4_IRQHandler)
    TIM5_IRQHandler                          0x08002451   Thumb Code    24  timer.o(i.TIM5_IRQHandler)
    TIM8_UP_TIM13_IRQHandler                 0x0800246d   Thumb Code    24  timer.o(i.TIM8_UP_TIM13_IRQHandler)
    TIM_ClearITPendingBit                    0x08002489   Thumb Code     6  stm32f4xx_tim.o(i.TIM_ClearITPendingBit)
    TIM_Cmd                                  0x0800248f   Thumb Code    24  stm32f4xx_tim.o(i.TIM_Cmd)
    TIM_GetITStatus                          0x080024a7   Thumb Code    34  stm32f4xx_tim.o(i.TIM_GetITStatus)
    TIM_ITConfig                             0x080024c9   Thumb Code    18  stm32f4xx_tim.o(i.TIM_ITConfig)
    TIM_Init                                 0x080024dd   Thumb Code   440  timer.o(i.TIM_Init)
    TIM_TimeBaseInit                         0x080026a1   Thumb Code   104  stm32f4xx_tim.o(i.TIM_TimeBaseInit)
    TestUART5_Init                           0x08002725   Thumb Code   192  usart.o(i.TestUART5_Init)
    TravelSwitch_Init                        0x080027f1   Thumb Code    80  gpio.o(i.TravelSwitch_Init)
    UART5_IRQHandler                         0x08002849   Thumb Code    58  stm32f4xx_it.o(i.UART5_IRQHandler)
    USART1_IRQHandler                        0x08002889   Thumb Code   166  stm32f4xx_it.o(i.USART1_IRQHandler)
    USART2_IRQHandler                        0x08002951   Thumb Code   190  stm32f4xx_it.o(i.USART2_IRQHandler)
    USART3_IRQHandler                        0x08002a2d   Thumb Code   472  stm32f4xx_it.o(i.USART3_IRQHandler)
    USART_ClearFlag                          0x08002c29   Thumb Code    18  stm32f4xx_usart.o(i.USART_ClearFlag)
    USART_ClearITPendingBit                  0x08002c3b   Thumb Code    30  stm32f4xx_usart.o(i.USART_ClearITPendingBit)
    USART_Cmd                                0x08002c59   Thumb Code    24  stm32f4xx_usart.o(i.USART_Cmd)
    USART_DeInit                             0x08002c71   Thumb Code   156  stm32f4xx_usart.o(i.USART_DeInit)
    USART_GetFlagStatus                      0x08002d25   Thumb Code    26  stm32f4xx_usart.o(i.USART_GetFlagStatus)
    USART_GetITStatus                        0x08002d3f   Thumb Code    84  stm32f4xx_usart.o(i.USART_GetITStatus)
    USART_ITConfig                           0x08002d93   Thumb Code    74  stm32f4xx_usart.o(i.USART_ITConfig)
    USART_Init                               0x08002ddd   Thumb Code   204  stm32f4xx_usart.o(i.USART_Init)
    USART_OUT                                0x08002eb1   Thumb Code   262  usart.o(i.USART_OUT)
    USART_ReceiveData                        0x08002fb7   Thumb Code    10  stm32f4xx_usart.o(i.USART_ReceiveData)
    USART_SendData                           0x08002fc1   Thumb Code    44  stm32f4xx_usart.o(i.USART_SendData)
    UsageFault_Handler                       0x08002fed   Thumb Code     4  stm32f4xx_it.o(i.UsageFault_Handler)
    Vchange                                  0x08002ff1   Thumb Code   204  sweep.o(i.Vchange)
    VelCrl                                   0x080030dd   Thumb Code   190  elmo.o(i.VelCrl)
    Vel_cfg                                  0x080031a1   Thumb Code   204  elmo.o(i.Vel_cfg)
    WalkTask2                                0x08003275   Thumb Code  1786  sweep.o(i.WalkTask2)
    YawAngleCtr                              0x080039a9   Thumb Code    44  motor.o(i.YawAngleCtr)
    YawTransform                             0x080039d9   Thumb Code    22  motor.o(i.YawTransform)
    __ARM_fpclassify                         0x080039f5   Thumb Code    48  fpclassify.o(i.__ARM_fpclassify)
    __hardfp_atan                            0x08003a29   Thumb Code   622  atan.o(i.__hardfp_atan)
    __hardfp_atan2                           0x08003d01   Thumb Code   432  atan2.o(i.__hardfp_atan2)
    __hardfp_cos                             0x08003ef1   Thumb Code   180  cos.o(i.__hardfp_cos)
    __hardfp_fabs                            0x08003fb9   Thumb Code    20  fabs.o(i.__hardfp_fabs)
    __hardfp_sin                             0x08003fd1   Thumb Code   180  sin.o(i.__hardfp_sin)
    __hardfp_sqrt                            0x08004099   Thumb Code   122  sqrt.o(i.__hardfp_sqrt)
    __ieee754_rem_pio2                       0x08004119   Thumb Code   938  rred.o(i.__ieee754_rem_pio2)
    __kernel_cos                             0x08004551   Thumb Code   322  cos_i.o(i.__kernel_cos)
    __kernel_poly                            0x080046c1   Thumb Code   248  poly.o(i.__kernel_poly)
    __kernel_sin                             0x080047b9   Thumb Code   280  sin_i.o(i.__kernel_sin)
    __mathlib_dbl_infnan                     0x080048e9   Thumb Code    20  dunder.o(i.__mathlib_dbl_infnan)
    __mathlib_dbl_infnan2                    0x080048fd   Thumb Code    20  dunder.o(i.__mathlib_dbl_infnan2)
    __mathlib_dbl_invalid                    0x08004911   Thumb Code    24  dunder.o(i.__mathlib_dbl_invalid)
    __mathlib_dbl_underflow                  0x08004931   Thumb Code    24  dunder.o(i.__mathlib_dbl_underflow)
    angleErrorCount                          0x08004951   Thumb Code    94  sweep.o(i.angleErrorCount)
    atan                                     0x080049c1   Thumb Code    16  atan.o(i.atan)
    distancePidControl                       0x080049d1   Thumb Code    62  sweep.o(i.distancePidControl)
    elmo_Enable                              0x08004a21   Thumb Code   132  elmo.o(i.elmo_Enable)
    elmo_Init                                0x08004aa9   Thumb Code    26  elmo.o(i.elmo_Init)
    fabs                                     0x08004ac9   Thumb Code    24  fabs.o(i.fabs)
    fireTask                                 0x08004ae1   Thumb Code   398  shoot.o(i.fireTask)
    getBallColor                             0x08004cb5   Thumb Code     6  tools.o(i.getBallColor)
    getLeftAdc                               0x08004cc1   Thumb Code    66  fix.o(i.getLeftAdc)
    getTimeFlag                              0x08004d15   Thumb Code    24  timer.o(i.getTimeFlag)
    getXpos                                  0x08004d35   Thumb Code   224  fix.o(i.getXpos)
    getYpos                                  0x08004e2d   Thumb Code   224  fix.o(i.getYpos)
    getxRem                                  0x08004f25   Thumb Code     8  tools.o(i.getxRem)
    getyRem                                  0x08004f31   Thumb Code     8  tools.o(i.getyRem)
    init                                     0x08004f3d   Thumb Code   222  main.o(i.init)
    itoa                                     0x0800502d   Thumb Code    96  usart.o(i.itoa)
    main                                     0x08005091   Thumb Code    32  main.o(i.main)
    setAngle                                 0x080050b5   Thumb Code     8  fix.o(i.setAngle)
    setBallColor                             0x080050c1   Thumb Code     6  tools.o(i.setBallColor)
    setErr                                   0x080050cd   Thumb Code    48  fix.o(i.setErr)
    setErrSingle                             0x080050fd   Thumb Code    52  fix.o(i.setErrSingle)
    setErrX                                  0x0800514d   Thumb Code   234  fix.o(i.setErrX)
    setErrY                                  0x08005265   Thumb Code   234  fix.o(i.setErrY)
    setF_ball                                0x0800537d   Thumb Code     6  tools.o(i.setF_ball)
    setXpos                                  0x08005389   Thumb Code     8  fix.o(i.setXpos)
    setYpos                                  0x08005395   Thumb Code     8  fix.o(i.setYpos)
    setxRem                                  0x080053a1   Thumb Code     8  tools.o(i.setxRem)
    setyRem                                  0x080053ad   Thumb Code     8  tools.o(i.setyRem)
    shootVelTrans                            0x080053b9   Thumb Code    30  motor.o(i.shootVelTrans)
    __aeabi_dneg                             0x080053dd   Thumb Code     0  basic.o(x$fpl$basic)
    _dneg                                    0x080053dd   Thumb Code     6  basic.o(x$fpl$basic)
    __aeabi_fneg                             0x080053e3   Thumb Code     0  basic.o(x$fpl$basic)
    _fneg                                    0x080053e3   Thumb Code     6  basic.o(x$fpl$basic)
    _dabs                                    0x080053e9   Thumb Code     6  basic.o(x$fpl$basic)
    _fabs                                    0x080053ef   Thumb Code     6  basic.o(x$fpl$basic)
    __aeabi_d2f                              0x080053f5   Thumb Code     0  d2f.o(x$fpl$d2f)
    _d2f                                     0x080053f5   Thumb Code    98  d2f.o(x$fpl$d2f)
    __aeabi_dadd                             0x08005459   Thumb Code     0  daddsub_clz.o(x$fpl$dadd)
    _dadd                                    0x08005459   Thumb Code   332  daddsub_clz.o(x$fpl$dadd)
    __fpl_dcmp_Inf                           0x080055a9   Thumb Code    24  dcmpi.o(x$fpl$dcmpinf)
    __aeabi_ddiv                             0x080055c1   Thumb Code     0  ddiv.o(x$fpl$ddiv)
    _ddiv                                    0x080055c1   Thumb Code   552  ddiv.o(x$fpl$ddiv)
    __aeabi_d2iz                             0x08005871   Thumb Code     0  dfix.o(x$fpl$dfix)
    _dfix                                    0x08005871   Thumb Code    94  dfix.o(x$fpl$dfix)
    __aeabi_i2d                              0x080058cf   Thumb Code     0  dflt_clz.o(x$fpl$dflt)
    _dflt                                    0x080058cf   Thumb Code    46  dflt_clz.o(x$fpl$dflt)
    __aeabi_ui2d                             0x080058fd   Thumb Code     0  dflt_clz.o(x$fpl$dfltu)
    _dfltu                                   0x080058fd   Thumb Code    38  dflt_clz.o(x$fpl$dfltu)
    __aeabi_cdcmple                          0x08005925   Thumb Code     0  dleqf.o(x$fpl$dleqf)
    _dcmple                                  0x08005925   Thumb Code   120  dleqf.o(x$fpl$dleqf)
    __fpl_dcmple_InfNaN                      0x08005987   Thumb Code     0  dleqf.o(x$fpl$dleqf)
    __aeabi_dmul                             0x0800599d   Thumb Code     0  dmul.o(x$fpl$dmul)
    _dmul                                    0x0800599d   Thumb Code   332  dmul.o(x$fpl$dmul)
    __fpl_dnaninf                            0x08005af1   Thumb Code   156  dnaninf.o(x$fpl$dnaninf)
    __fpl_dretinf                            0x08005b8d   Thumb Code    12  dretinf.o(x$fpl$dretinf)
    __aeabi_cdrcmple                         0x08005b99   Thumb Code     0  drleqf.o(x$fpl$drleqf)
    _drcmple                                 0x08005b99   Thumb Code   108  drleqf.o(x$fpl$drleqf)
    __aeabi_drsub                            0x08005c05   Thumb Code     0  daddsub_clz.o(x$fpl$drsb)
    _drsb                                    0x08005c05   Thumb Code    22  daddsub_clz.o(x$fpl$drsb)
    _dsqrt                                   0x08005c1d   Thumb Code   404  dsqrt_umaal.o(x$fpl$dsqrt)
    __aeabi_dsub                             0x08005db5   Thumb Code     0  daddsub_clz.o(x$fpl$dsub)
    _dsub                                    0x08005db5   Thumb Code   464  daddsub_clz.o(x$fpl$dsub)
    __aeabi_f2d                              0x08005f89   Thumb Code     0  f2d.o(x$fpl$f2d)
    _f2d                                     0x08005f89   Thumb Code    86  f2d.o(x$fpl$f2d)
    __fpl_fnaninf                            0x08005fdf   Thumb Code   140  fnaninf.o(x$fpl$fnaninf)
    _fp_init                                 0x0800606b   Thumb Code    10  fpinit.o(x$fpl$fpinit)
    __fplib_config_fpu_vfp                   0x08006073   Thumb Code     0  fpinit.o(x$fpl$fpinit)
    __fplib_config_pureend_doubles           0x08006073   Thumb Code     0  fpinit.o(x$fpl$fpinit)
    __fpl_fretinf                            0x08006075   Thumb Code    10  fretinf.o(x$fpl$fretinf)
    __I$use$fp                               0x0800607e   Number         0  usenofp.o(x$fpl$usenofp)
    __mathlib_zero                           0x08006258   Data           8  qnan.o(.constdata)
    Region$$Table$$Base                      0x08006350   Number         0  anon$$obj.o(Region$$Table)
    Region$$Table$$Limit                     0x08006370   Number         0  anon$$obj.o(Region$$Table)
    angle                                    0x20000180   Data           4  stm32f4xx_it.o(.data)
    posX                                     0x20000184   Data           4  stm32f4xx_it.o(.data)
    posY                                     0x20000188   Data           4  stm32f4xx_it.o(.data)
    stopUSARTsignal                          0x2000018c   Data           4  stm32f4xx_it.o(.data)
    nowShootVel                              0x20000190   Data           4  stm32f4xx_it.o(.data)
    Ball_counter                             0x20000194   Data           4  stm32f4xx_it.o(.data)
    tmp                                      0x20000198   Data           1  stm32f4xx_it.o(.data)
    t_FindBall                               0x200001d8   Data           4  timer.o(.data)
    gRobot                                   0x20000228   Data          68  main.o(.bss)
    __libspace_start                         0x20000284   Data          96  libspace.o(.bss)
    __temporary_stack_top$libspace           0x200002e4   Data           0  libspace.o(.bss)



==============================================================================

Memory Map of the image

  Image Entry point : 0x08000189

  Load Region LR_IROM1 (Base: 0x08000000, Size: 0x00006598, Max: 0x00100000, ABSOLUTE, COMPRESSED[0x000063cc])

    Execution Region ER_IROM1 (Base: 0x08000000, Size: 0x00006370, Max: 0x00100000, ABSOLUTE)

    Base Addr    Size         Type   Attr      Idx    E Section Name        Object

    0x08000000   0x00000188   Data   RO         6465    RESET               startup_stm32f4xx.o
    0x08000188   0x00000008   Code   RO         6476  * !!!main             c_w.l(__main.o)
    0x08000190   0x00000034   Code   RO         7038    !!!scatter          c_w.l(__scatter.o)
    0x080001c4   0x0000003a   Code   RO         7036    !!dczerorl          c_w.l(__dczerorl.o)
    0x080001fe   0x00000002   PAD
    0x08000200   0x0000001c   Code   RO         7040    !!handler_zi        c_w.l(__scatter_zi.o)
    0x0800021c   0x00000002   Code   RO         6857    .ARM.Collect$$libinit$$00000000  c_w.l(libinit.o)
    0x0800021e   0x00000004   Code   RO         6897    .ARM.Collect$$libinit$$00000001  c_w.l(libinit2.o)
    0x08000222   0x00000000   Code   RO         6900    .ARM.Collect$$libinit$$00000004  c_w.l(libinit2.o)
    0x08000222   0x00000000   Code   RO         6903    .ARM.Collect$$libinit$$0000000A  c_w.l(libinit2.o)
    0x08000222   0x00000000   Code   RO         6905    .ARM.Collect$$libinit$$0000000C  c_w.l(libinit2.o)
    0x08000222   0x00000000   Code   RO         6907    .ARM.Collect$$libinit$$0000000E  c_w.l(libinit2.o)
    0x08000222   0x00000000   Code   RO         6910    .ARM.Collect$$libinit$$00000011  c_w.l(libinit2.o)
    0x08000222   0x00000000   Code   RO         6912    .ARM.Collect$$libinit$$00000013  c_w.l(libinit2.o)
    0x08000222   0x00000000   Code   RO         6914    .ARM.Collect$$libinit$$00000015  c_w.l(libinit2.o)
    0x08000222   0x00000000   Code   RO         6916    .ARM.Collect$$libinit$$00000017  c_w.l(libinit2.o)
    0x08000222   0x00000000   Code   RO         6918    .ARM.Collect$$libinit$$00000019  c_w.l(libinit2.o)
    0x08000222   0x00000000   Code   RO         6920    .ARM.Collect$$libinit$$0000001B  c_w.l(libinit2.o)
    0x08000222   0x00000000   Code   RO         6922    .ARM.Collect$$libinit$$0000001D  c_w.l(libinit2.o)
    0x08000222   0x00000000   Code   RO         6924    .ARM.Collect$$libinit$$0000001F  c_w.l(libinit2.o)
    0x08000222   0x00000000   Code   RO         6926    .ARM.Collect$$libinit$$00000021  c_w.l(libinit2.o)
    0x08000222   0x00000000   Code   RO         6928    .ARM.Collect$$libinit$$00000023  c_w.l(libinit2.o)
    0x08000222   0x00000000   Code   RO         6930    .ARM.Collect$$libinit$$00000025  c_w.l(libinit2.o)
    0x08000222   0x00000000   Code   RO         6934    .ARM.Collect$$libinit$$0000002C  c_w.l(libinit2.o)
    0x08000222   0x00000000   Code   RO         6936    .ARM.Collect$$libinit$$0000002E  c_w.l(libinit2.o)
    0x08000222   0x00000000   Code   RO         6938    .ARM.Collect$$libinit$$00000030  c_w.l(libinit2.o)
    0x08000222   0x00000000   Code   RO         6940    .ARM.Collect$$libinit$$00000032  c_w.l(libinit2.o)
    0x08000222   0x00000002   Code   RO         6941    .ARM.Collect$$libinit$$00000033  c_w.l(libinit2.o)
    0x08000224   0x00000002   Code   RO         6995    .ARM.Collect$$libshutdown$$00000000  c_w.l(libshutdown.o)
    0x08000226   0x00000000   Code   RO         7005    .ARM.Collect$$libshutdown$$00000002  c_w.l(libshutdown2.o)
    0x08000226   0x00000000   Code   RO         7007    .ARM.Collect$$libshutdown$$00000004  c_w.l(libshutdown2.o)
    0x08000226   0x00000000   Code   RO         7010    .ARM.Collect$$libshutdown$$00000007  c_w.l(libshutdown2.o)
    0x08000226   0x00000000   Code   RO         7013    .ARM.Collect$$libshutdown$$0000000A  c_w.l(libshutdown2.o)
    0x08000226   0x00000000   Code   RO         7015    .ARM.Collect$$libshutdown$$0000000C  c_w.l(libshutdown2.o)
    0x08000226   0x00000000   Code   RO         7018    .ARM.Collect$$libshutdown$$0000000F  c_w.l(libshutdown2.o)
    0x08000226   0x00000002   Code   RO         7019    .ARM.Collect$$libshutdown$$00000010  c_w.l(libshutdown2.o)
    0x08000228   0x00000000   Code   RO         6656    .ARM.Collect$$rtentry$$00000000  c_w.l(__rtentry.o)
    0x08000228   0x00000000   Code   RO         6750    .ARM.Collect$$rtentry$$00000002  c_w.l(__rtentry2.o)
    0x08000228   0x00000006   Code   RO         6762    .ARM.Collect$$rtentry$$00000004  c_w.l(__rtentry4.o)
    0x0800022e   0x00000000   Code   RO         6752    .ARM.Collect$$rtentry$$00000009  c_w.l(__rtentry2.o)
    0x0800022e   0x00000004   Code   RO         6753    .ARM.Collect$$rtentry$$0000000A  c_w.l(__rtentry2.o)
    0x08000232   0x00000000   Code   RO         6755    .ARM.Collect$$rtentry$$0000000C  c_w.l(__rtentry2.o)
    0x08000232   0x00000008   Code   RO         6756    .ARM.Collect$$rtentry$$0000000D  c_w.l(__rtentry2.o)
    0x0800023a   0x00000002   Code   RO         6864    .ARM.Collect$$rtexit$$00000000  c_w.l(rtexit.o)
    0x0800023c   0x00000000   Code   RO         6950    .ARM.Collect$$rtexit$$00000002  c_w.l(rtexit2.o)
    0x0800023c   0x00000004   Code   RO         6951    .ARM.Collect$$rtexit$$00000003  c_w.l(rtexit2.o)
    0x08000240   0x00000006   Code   RO         6952    .ARM.Collect$$rtexit$$00000004  c_w.l(rtexit2.o)
    0x08000246   0x00000002   PAD
    0x08000248   0x00000040   Code   RO         6466    .text               startup_stm32f4xx.o
    0x08000288   0x00000064   Code   RO         6472    .text               c_w.l(rt_memcpy_w.o)
    0x080002ec   0x00000006   Code   RO         6474    .text               c_w.l(heapauxi.o)
    0x080002f2   0x00000016   Code   RO         6657    .text               c_w.l(_rserrno.o)
    0x08000308   0x00000008   Code   RO         6767    .text               c_w.l(rt_errno_addr_intlibspace.o)
    0x08000310   0x00000008   Code   RO         6778    .text               c_w.l(libspace.o)
    0x08000318   0x0000004a   Code   RO         6781    .text               c_w.l(sys_stackheap_outer.o)
    0x08000362   0x00000012   Code   RO         6845    .text               c_w.l(exit.o)
    0x08000374   0x0000000c   Code   RO         6860    .text               c_w.l(sys_exit.o)
    0x08000380   0x00000002   Code   RO         6946    .text               c_w.l(use_no_semi.o)
    0x08000382   0x00000000   Code   RO         6948    .text               c_w.l(indicate_semi.o)
    0x08000382   0x00000016   Code   RO         1615    i.ADC_Cmd           stm32f4xx_adc.o
    0x08000398   0x00000030   Code   RO         1616    i.ADC_CommonInit    stm32f4xx_adc.o
    0x080003c8   0x00000008   Code   RO         1627    i.ADC_GetConversionValue  stm32f4xx_adc.o
    0x080003d0   0x00000012   Code   RO         1628    i.ADC_GetFlagStatus  stm32f4xx_adc.o
    0x080003e2   0x00000002   PAD
    0x080003e4   0x00000054   Code   RO         1635    i.ADC_Init          stm32f4xx_adc.o
    0x08000438   0x000000b8   Code   RO         1640    i.ADC_RegularChannelConfig  stm32f4xx_adc.o
    0x080004f0   0x0000000a   Code   RO         1642    i.ADC_SoftwareStartConv  stm32f4xx_adc.o
    0x080004fa   0x00000002   PAD
    0x080004fc   0x00000088   Code   RO         1100    i.Adc_Init          adc.o
    0x08000584   0x00000104   Code   RO          215    i.AgainstWall       sweep.o
    0x08000688   0x00000090   Code   RO          216    i.AnglePidControl   sweep.o
    0x08000718   0x000000e0   Code   RO          217    i.BackCar           sweep.o
    0x080007f8   0x00000118   Code   RO          219    i.BackCarOut        sweep.o
    0x08000910   0x00000004   Code   RO          783    i.BusFault_Handler  stm32f4xx_it.o
    0x08000914   0x000000a4   Code   RO          784    i.CAN1_RX0_IRQHandler  stm32f4xx_it.o
    0x080009b8   0x00000094   Code   RO          785    i.CAN2_RX0_IRQHandler  stm32f4xx_it.o
    0x08000a4c   0x00000038   Code   RO         1897    i.CAN_ClearFlag     stm32f4xx_can.o
    0x08000a84   0x000003b0   Code   RO          741    i.CAN_Config        can.o
    0x08000e34   0x00000038   Code   RO         1900    i.CAN_DeInit        stm32f4xx_can.o
    0x08000e6c   0x00000108   Code   RO         1902    i.CAN_FilterInit    stm32f4xx_can.o
    0x08000f74   0x00000012   Code   RO         1908    i.CAN_ITConfig      stm32f4xx_can.o
    0x08000f86   0x00000114   Code   RO         1909    i.CAN_Init          stm32f4xx_can.o
    0x0800109a   0x0000001e   Code   RO         1910    i.CAN_MessagePending  stm32f4xx_can.o
    0x080010b8   0x000000f0   Code   RO         1912    i.CAN_Receive       stm32f4xx_can.o
    0x080011a8   0x00000048   Code   RO          742    i.CAN_RxMsg         can.o
    0x080011f0   0x00000126   Code   RO         1917    i.CAN_Transmit      stm32f4xx_can.o
    0x08001316   0x00000002   PAD
    0x08001318   0x000000a0   Code   RO         1918    i.CAN_TransmitStatus  stm32f4xx_can.o
    0x080013b8   0x00000058   Code   RO          743    i.CAN_TxMsg         can.o
    0x08001410   0x000000b4   Code   RO         1207    i.CameraUSART2_Init  usart.o
    0x080014c4   0x00000070   Code   RO          220    i.CheckAgainstWall  sweep.o
    0x08001534   0x00000118   Code   RO          221    i.CheckOutline      sweep.o
    0x0800164c   0x00000030   Code   RO         1298    i.CollectBallVelCtr  motor.o
    0x0800167c   0x00000014   Code   RO         1299    i.CollectBallVelTrans  motor.o
    0x08001690   0x00000178   Code   RO          223    i.DeBug             sweep.o
    0x08001808   0x00000002   Code   RO          786    i.DebugMon_Handler  stm32f4xx_it.o
    0x0800180a   0x00000016   Code   RO          900    i.Delay_ms          timer.o
    0x08001820   0x00000028   Code   RO          901    i.Delay_us          timer.o
    0x08001848   0x00000090   Code   RO         3366    i.GPIO_Init         stm32f4xx_gpio.o
    0x080018d8   0x00000046   Code   RO         3367    i.GPIO_PinAFConfig  stm32f4xx_gpio.o
    0x0800191e   0x00000002   PAD
    0x08001920   0x00000030   Code   RO         1101    i.Get_Adc           adc.o
    0x08001950   0x00000028   Code   RO         1102    i.Get_Adc_Average   adc.o
    0x08001978   0x00000004   Code   RO          787    i.HardFault_Handler  stm32f4xx_it.o
    0x0800197c   0x00000338   Code   RO          480    i.Launcher          shoot.o
    0x08001cb4   0x00000034   Code   RO          224    i.LineChange        sweep.o
    0x08001ce8   0x00000004   Code   RO          788    i.MemManage_Handler  stm32f4xx_it.o
    0x08001cec   0x00000004   Code   RO          789    i.NMI_Handler       stm32f4xx_it.o
    0x08001cf0   0x00000078   Code   RO         1553    i.NVIC_Init         misc.o
    0x08001d68   0x00000014   Code   RO         1554    i.NVIC_PriorityGroupConfig  misc.o
    0x08001d7c   0x000000d8   Code   RO         1001    i.PosCrl            elmo.o
    0x08001e54   0x000000b8   Code   RO         1208    i.PostionUSART3_Init  usart.o
    0x08001f0c   0x00000018   Code   RO         1300    i.PushBall          motor.o
    0x08001f24   0x00000014   Code   RO         1301    i.PushBallReset     motor.o
    0x08001f38   0x00000020   Code   RO         4126    i.RCC_AHB1PeriphClockCmd  stm32f4xx_rcc.o
    0x08001f58   0x00000020   Code   RO         4135    i.RCC_APB1PeriphClockCmd  stm32f4xx_rcc.o
    0x08001f78   0x00000020   Code   RO         4137    i.RCC_APB1PeriphResetCmd  stm32f4xx_rcc.o
    0x08001f98   0x00000020   Code   RO         4138    i.RCC_APB2PeriphClockCmd  stm32f4xx_rcc.o
    0x08001fb8   0x00000020   Code   RO         4140    i.RCC_APB2PeriphResetCmd  stm32f4xx_rcc.o
    0x08001fd8   0x000000e8   Code   RO         4147    i.RCC_GetClocksFreq  stm32f4xx_rcc.o
    0x080020c0   0x00000002   Code   RO          790    i.SVC_Handler       stm32f4xx_it.o
    0x080020c2   0x00000002   PAD
    0x080020c4   0x000000ec   Code   RO         6422    i.SetSysClock       system_stm32f4xx.o
    0x080021b0   0x0000005c   Code   RO         1302    i.ShootCtr          motor.o
    0x0800220c   0x000000b8   Code   RO         1209    i.ShootUSART1_Init  usart.o
    0x080022c4   0x00000068   Code   RO         6424    i.SystemInit        system_stm32f4xx.o
    0x0800232c   0x0000001c   Code   RO          902    i.TIM1_UP_TIM10_IRQHandler  timer.o
    0x08002348   0x00000060   Code   RO          903    i.TIM2_IRQHandler   timer.o
    0x080023a8   0x0000008c   Code   RO          904    i.TIM3_IRQHandler   timer.o
    0x08002434   0x0000001c   Code   RO          905    i.TIM4_IRQHandler   timer.o
    0x08002450   0x0000001c   Code   RO          906    i.TIM5_IRQHandler   timer.o
    0x0800246c   0x0000001c   Code   RO          907    i.TIM8_UP_TIM13_IRQHandler  timer.o
    0x08002488   0x00000006   Code   RO         5468    i.TIM_ClearITPendingBit  stm32f4xx_tim.o
    0x0800248e   0x00000018   Code   RO         5473    i.TIM_Cmd           stm32f4xx_tim.o
    0x080024a6   0x00000022   Code   RO         5494    i.TIM_GetITStatus   stm32f4xx_tim.o
    0x080024c8   0x00000012   Code   RO         5498    i.TIM_ITConfig      stm32f4xx_tim.o
    0x080024da   0x00000002   PAD
    0x080024dc   0x000001c4   Code   RO          908    i.TIM_Init          timer.o
    0x080026a0   0x00000084   Code   RO         5545    i.TIM_TimeBaseInit  stm32f4xx_tim.o
    0x08002724   0x000000cc   Code   RO         1210    i.TestUART5_Init    usart.o
    0x080027f0   0x00000058   Code   RO         1155    i.TravelSwitch_Init  gpio.o
    0x08002848   0x00000040   Code   RO          791    i.UART5_IRQHandler  stm32f4xx_it.o
    0x08002888   0x000000c8   Code   RO          792    i.USART1_IRQHandler  stm32f4xx_it.o
    0x08002950   0x000000dc   Code   RO          793    i.USART2_IRQHandler  stm32f4xx_it.o
    0x08002a2c   0x000001fc   Code   RO          794    i.USART3_IRQHandler  stm32f4xx_it.o
    0x08002c28   0x00000012   Code   RO         6118    i.USART_ClearFlag   stm32f4xx_usart.o
    0x08002c3a   0x0000001e   Code   RO         6119    i.USART_ClearITPendingBit  stm32f4xx_usart.o
    0x08002c58   0x00000018   Code   RO         6122    i.USART_Cmd         stm32f4xx_usart.o
    0x08002c70   0x000000b4   Code   RO         6124    i.USART_DeInit      stm32f4xx_usart.o
    0x08002d24   0x0000001a   Code   RO         6125    i.USART_GetFlagStatus  stm32f4xx_usart.o
    0x08002d3e   0x00000054   Code   RO         6126    i.USART_GetITStatus  stm32f4xx_usart.o
    0x08002d92   0x0000004a   Code   RO         6128    i.USART_ITConfig    stm32f4xx_usart.o
    0x08002ddc   0x000000d4   Code   RO         6129    i.USART_Init        stm32f4xx_usart.o
    0x08002eb0   0x00000106   Code   RO         1213    i.USART_OUT         usart.o
    0x08002fb6   0x0000000a   Code   RO         6136    i.USART_ReceiveData  stm32f4xx_usart.o
    0x08002fc0   0x0000002c   Code   RO         6139    i.USART_SendData    stm32f4xx_usart.o
    0x08002fec   0x00000004   Code   RO          795    i.UsageFault_Handler  stm32f4xx_it.o
    0x08002ff0   0x000000ec   Code   RO          228    i.Vchange           sweep.o
    0x080030dc   0x000000c4   Code   RO         1007    i.VelCrl            elmo.o
    0x080031a0   0x000000d4   Code   RO         1008    i.Vel_cfg           elmo.o
    0x08003274   0x00000734   Code   RO          230    i.WalkTask2         sweep.o
    0x080039a8   0x00000030   Code   RO         1303    i.YawAngleCtr       motor.o
    0x080039d8   0x0000001c   Code   RO         1304    i.YawTransform      motor.o
    0x080039f4   0x00000030   Code   RO         6696    i.__ARM_fpclassify  m_wm.l(fpclassify.o)
    0x08003a24   0x00000004   PAD
    0x08003a28   0x000002d8   Code   RO         6526    i.__hardfp_atan     m_wm.l(atan.o)
    0x08003d00   0x000001f0   Code   RO         6540    i.__hardfp_atan2    m_wm.l(atan2.o)
    0x08003ef0   0x000000c8   Code   RO         6552    i.__hardfp_cos      m_wm.l(cos.o)
    0x08003fb8   0x00000014   Code   RO         6576    i.__hardfp_fabs     m_wm.l(fabs.o)
    0x08003fcc   0x00000004   PAD
    0x08003fd0   0x000000c8   Code   RO         6596    i.__hardfp_sin      m_wm.l(sin.o)
    0x08004098   0x0000007a   Code   RO         6620    i.__hardfp_sqrt     m_wm.l(sqrt.o)
    0x08004112   0x00000006   PAD
    0x08004118   0x00000438   Code   RO         6717    i.__ieee754_rem_pio2  m_wm.l(rred.o)
    0x08004550   0x00000170   Code   RO         6679    i.__kernel_cos      m_wm.l(cos_i.o)
    0x080046c0   0x000000f8   Code   RO         6714    i.__kernel_poly     m_wm.l(poly.o)
    0x080047b8   0x00000130   Code   RO         6725    i.__kernel_sin      m_wm.l(sin_i.o)
    0x080048e8   0x00000014   Code   RO         6683    i.__mathlib_dbl_infnan  m_wm.l(dunder.o)
    0x080048fc   0x00000014   Code   RO         6684    i.__mathlib_dbl_infnan2  m_wm.l(dunder.o)
    0x08004910   0x00000020   Code   RO         6685    i.__mathlib_dbl_invalid  m_wm.l(dunder.o)
    0x08004930   0x00000020   Code   RO         6688    i.__mathlib_dbl_underflow  m_wm.l(dunder.o)
    0x08004950   0x00000070   Code   RO          231    i.angleErrorCount   sweep.o
    0x080049c0   0x00000010   Code   RO         6528    i.atan              m_wm.l(atan.o)
    0x080049d0   0x00000050   Code   RO          232    i.distancePidControl  sweep.o
    0x08004a20   0x00000088   Code   RO         1010    i.elmo_Enable       elmo.o
    0x08004aa8   0x00000020   Code   RO         1011    i.elmo_Init         elmo.o
    0x08004ac8   0x00000018   Code   RO         6578    i.fabs              m_wm.l(fabs.o)
    0x08004ae0   0x000001d4   Code   RO          482    i.fireTask          shoot.o
    0x08004cb4   0x0000000c   Code   RO         1384    i.getBallColor      tools.o
    0x08004cc0   0x00000054   Code   RO          531    i.getLeftAdc        fix.o
    0x08004d14   0x00000020   Code   RO          910    i.getTimeFlag       timer.o
    0x08004d34   0x000000f8   Code   RO          533    i.getXpos           fix.o
    0x08004e2c   0x000000f8   Code   RO          534    i.getYpos           fix.o
    0x08004f24   0x0000000c   Code   RO         1387    i.getxRem           tools.o
    0x08004f30   0x0000000c   Code   RO         1388    i.getyRem           tools.o
    0x08004f3c   0x000000f0   Code   RO            7    i.init              main.o
    0x0800502c   0x00000064   Code   RO         1215    i.itoa              usart.o
    0x08005090   0x00000024   Code   RO            8    i.main              main.o
    0x080050b4   0x0000000c   Code   RO          535    i.setAngle          fix.o
    0x080050c0   0x0000000c   Code   RO         1393    i.setBallColor      tools.o
    0x080050cc   0x00000030   Code   RO          536    i.setErr            fix.o
    0x080050fc   0x00000050   Code   RO          537    i.setErrSingle      fix.o
    0x0800514c   0x00000118   Code   RO          538    i.setErrX           fix.o
    0x08005264   0x00000118   Code   RO          539    i.setErrY           fix.o
    0x0800537c   0x0000000c   Code   RO         1395    i.setF_ball         tools.o
    0x08005388   0x0000000c   Code   RO          540    i.setXpos           fix.o
    0x08005394   0x0000000c   Code   RO          541    i.setYpos           fix.o
    0x080053a0   0x0000000c   Code   RO         1396    i.setxRem           tools.o
    0x080053ac   0x0000000c   Code   RO         1397    i.setyRem           tools.o
    0x080053b8   0x00000024   Code   RO         1305    i.shootVelTrans     motor.o
    0x080053dc   0x00000018   Code   RO         6662    x$fpl$basic         fz_wm.l(basic.o)
    0x080053f4   0x00000062   Code   RO         6484    x$fpl$d2f           fz_wm.l(d2f.o)
    0x08005456   0x00000002   PAD
    0x08005458   0x00000150   Code   RO         6486    x$fpl$dadd          fz_wm.l(daddsub_clz.o)
    0x080055a8   0x00000018   Code   RO         6664    x$fpl$dcmpinf       fz_wm.l(dcmpi.o)
    0x080055c0   0x000002b0   Code   RO         6493    x$fpl$ddiv          fz_wm.l(ddiv.o)
    0x08005870   0x0000005e   Code   RO         6496    x$fpl$dfix          fz_wm.l(dfix.o)
    0x080058ce   0x0000002e   Code   RO         6501    x$fpl$dflt          fz_wm.l(dflt_clz.o)
    0x080058fc   0x00000026   Code   RO         6500    x$fpl$dfltu         fz_wm.l(dflt_clz.o)
    0x08005922   0x00000002   PAD
    0x08005924   0x00000078   Code   RO         6506    x$fpl$dleqf         fz_wm.l(dleqf.o)
    0x0800599c   0x00000154   Code   RO         6508    x$fpl$dmul          fz_wm.l(dmul.o)
    0x08005af0   0x0000009c   Code   RO         6666    x$fpl$dnaninf       fz_wm.l(dnaninf.o)
    0x08005b8c   0x0000000c   Code   RO         6668    x$fpl$dretinf       fz_wm.l(dretinf.o)
    0x08005b98   0x0000006c   Code   RO         6510    x$fpl$drleqf        fz_wm.l(drleqf.o)
    0x08005c04   0x00000016   Code   RO         6487    x$fpl$drsb          fz_wm.l(daddsub_clz.o)
    0x08005c1a   0x00000002   PAD
    0x08005c1c   0x00000198   Code   RO         6670    x$fpl$dsqrt         fz_wm.l(dsqrt_umaal.o)
    0x08005db4   0x000001d4   Code   RO         6488    x$fpl$dsub          fz_wm.l(daddsub_clz.o)
    0x08005f88   0x00000056   Code   RO         6512    x$fpl$f2d           fz_wm.l(f2d.o)
    0x08005fde   0x0000008c   Code   RO         6672    x$fpl$fnaninf       fz_wm.l(fnaninf.o)
    0x0800606a   0x0000000a   Code   RO         6979    x$fpl$fpinit        fz_wm.l(fpinit.o)
    0x08006074   0x0000000a   Code   RO         6674    x$fpl$fretinf       fz_wm.l(fretinf.o)
    0x0800607e   0x00000000   Code   RO         6678    x$fpl$usenofp       fz_wm.l(usenofp.o)
    0x0800607e   0x00000002   PAD
    0x08006080   0x00000110   Data   RO         1023    .constdata          elmo.o
    0x08006190   0x00000098   Data   RO         6529    .constdata          m_wm.l(atan.o)
    0x08006228   0x00000030   Data   RO         6680    .constdata          m_wm.l(cos_i.o)
    0x08006258   0x00000008   Data   RO         6716    .constdata          m_wm.l(qnan.o)
    0x08006260   0x000000c8   Data   RO         6719    .constdata          m_wm.l(rred.o)
    0x08006328   0x00000028   Data   RO         6726    .constdata          m_wm.l(sin_i.o)
    0x08006350   0x00000020   Data   RO         7034    Region$$Table       anon$$obj.o


    Execution Region RW_IRAM1 (Base: 0x20000000, Size: 0x000048e8, Max: 0x00020000, ABSOLUTE, COMPRESSED[0x0000005c])

    Base Addr    Size         Type   Attr      Idx    E Section Name        Object

    0x20000000   0x00000114   Data   RW          257    .data               sweep.o
    0x20000114   0x00000054   Data   RW          486    .data               shoot.o
    0x20000168   0x00000018   Data   RW          554    .data               fix.o
    0x20000180   0x00000054   Data   RW          810    .data               stm32f4xx_it.o
    0x200001d4   0x00000014   Data   RW          922    .data               timer.o
    0x200001e8   0x00000030   Data   RW         1420    .data               tools.o
    0x20000218   0x00000010   Data   RW         4214    .data               stm32f4xx_rcc.o
    0x20000228   0x00000044   Zero   RW           11    .bss                main.o
    0x2000026c   0x00000018   Zero   RW          809    .bss                stm32f4xx_it.o
    0x20000284   0x00000060   Zero   RW         6779    .bss                c_w.l(libspace.o)
    0x200002e4   0x00000004   PAD
    0x200002e8   0x00004200   Zero   RW         6464    HEAP                startup_stm32f4xx.o
    0x200044e8   0x00000400   Zero   RW         6463    STACK               startup_stm32f4xx.o


==============================================================================

Image component sizes


      Code (inc. data)   RO Data    RW Data    ZI Data      Debug   Object Name

       224         14          0          0          0       1847   adc.o
      1104         14          0          0          0       3653   can.o
       792         30        272          0          0       4142   elmo.o
      1304        198          0         24          0       5908   fix.o
        88          8          0          0          0        552   gpio.o
       276         22          0          0         68     269445   main.o
       140         24          0          0          0       1687   misc.o
       316         44          0          0          0       4325   motor.o
      1292        200          0         84          0       2295   shoot.o
        64         26        392          0      17920        856   startup_stm32f4xx.o
       374         24          0          0          0       5902   stm32f4xx_adc.o
      1394         38          0          0          0       7455   stm32f4xx_can.o
       214          0          0          0          0       1923   stm32f4xx_gpio.o
      1328        196          0         84         24       8162   stm32f4xx_it.o
       392         48          0         16          0       5857   stm32f4xx_rcc.o
       214         28          0          0          0       3942   stm32f4xx_tim.o
       702         32          0          0          0       7888   stm32f4xx_usart.o
      4000        484          0        276          0      25695   sweep.o
       340         32          0          0          0       1537   system_stm32f4xx.o
       894         70          0         20          0       6250   timer.o
        84         34          0         48          0       4212   tools.o
      1114         42          0          0          0       5840   usart.o

    ----------------------------------------------------------------------
     16662       1608        696        552      18012     379373   Object Totals
         0          0         32          0          0          0   (incl. Generated)
        12          0          0          0          0          0   (incl. Padding)

    ----------------------------------------------------------------------

      Code (inc. data)   RO Data    RW Data    ZI Data      Debug   Library Member Name

        58          0          0          0          0          0   __dczerorl.o
         8          0          0          0          0         68   __main.o
         0          0          0          0          0          0   __rtentry.o
        12          0          0          0          0          0   __rtentry2.o
         6          0          0          0          0          0   __rtentry4.o
        52          8          0          0          0          0   __scatter.o
        28          0          0          0          0          0   __scatter_zi.o
        22          0          0          0          0        100   _rserrno.o
        18          0          0          0          0         80   exit.o
         6          0          0          0          0        152   heapauxi.o
         0          0          0          0          0          0   indicate_semi.o
         2          0          0          0          0          0   libinit.o
         6          0          0          0          0          0   libinit2.o
         2          0          0          0          0          0   libshutdown.o
         2          0          0          0          0          0   libshutdown2.o
         8          4          0          0         96         68   libspace.o
         8          4          0          0          0         68   rt_errno_addr_intlibspace.o
       100          0          0          0          0         80   rt_memcpy_w.o
         2          0          0          0          0          0   rtexit.o
        10          0          0          0          0          0   rtexit2.o
        12          4          0          0          0         68   sys_exit.o
        74          0          0          0          0         80   sys_stackheap_outer.o
         2          0          0          0          0         68   use_no_semi.o
        24          0          0          0          0        164   basic.o
        98          4          0          0          0        140   d2f.o
       826         16          0          0          0        492   daddsub_clz.o
        24          0          0          0          0        116   dcmpi.o
       688        140          0          0          0        256   ddiv.o
        94          4          0          0          0        140   dfix.o
        84          0          0          0          0        232   dflt_clz.o
       120          4          0          0          0        140   dleqf.o
       340         12          0          0          0        152   dmul.o
       156          4          0          0          0        140   dnaninf.o
        12          0          0          0          0        116   dretinf.o
       108          0          0          0          0        128   drleqf.o
       408         56          0          0          0        168   dsqrt_umaal.o
        86          4          0          0          0        132   f2d.o
       140          4          0          0          0        132   fnaninf.o
        10          0          0          0          0        116   fpinit.o
        10          0          0          0          0        116   fretinf.o
         0          0          0          0          0          0   usenofp.o
       744        106        152          0          0        352   atan.o
       496         64          0          0          0        192   atan2.o
       200         20          0          0          0        164   cos.o
       368         46         48          0          0        200   cos_i.o
       104         16          0          0          0        496   dunder.o
        44          0          0          0          0        248   fabs.o
        48          0          0          0          0        124   fpclassify.o
       248          0          0          0          0        152   poly.o
         0          0          8          0          0          0   qnan.o
      1080        142        200          0          0        188   rred.o
       200         20          0          0          0        164   sin.o
       304         24         40          0          0        208   sin_i.o
       122          0          0          0          0        148   sqrt.o

    ----------------------------------------------------------------------
      7650        706        448          0        100       6348   Library Totals
        26          0          0          0          4          0   (incl. Padding)

    ----------------------------------------------------------------------

      Code (inc. data)   RO Data    RW Data    ZI Data      Debug   Library Name

       438         20          0          0         96        832   c_w.l
      3228        248          0          0          0       2880   fz_wm.l
      3958        438        448          0          0       2636   m_wm.l

    ----------------------------------------------------------------------
      7650        706        448          0        100       6348   Library Totals

    ----------------------------------------------------------------------

==============================================================================


      Code (inc. data)   RO Data    RW Data    ZI Data      Debug   

     24312       2314       1144        552      18112     370309   Grand Totals
     24312       2314       1144         92      18112     370309   ELF Image Totals (compressed)
     24312       2314       1144         92          0          0   ROM Totals

==============================================================================

    Total RO  Size (Code + RO Data)                25456 (  24.86kB)
    Total RW  Size (RW Data + ZI Data)             18664 (  18.23kB)
    Total ROM Size (Code + RO Data + RW Data)      25548 (  24.95kB)

==============================================================================

