<html>
<body>
<pre>
<h1>µVision Build Log</h1>
<h2>Tool Versions:</h2>
IDE-Version: ¦ÌVision V5.21.1.0
Copyright (C) 2016 ARM Ltd and ARM Germany GmbH. All rights reserved.
License Information: SpartA DAD, DAD, LIC=8VRAR-KLTC6-4SUY4-FACHI-QL624-UPCSC
 
Tool Versions:
Toolchain:       MDK-ARM Plus  Version: 5.21a
Toolchain Path:  E:\Keil5\ARM\ARMCC\Bin
C Compiler:      Armcc.exe V5.06 update 3 (build 300)
Assembler:       Armasm.exe V5.06 update 3 (build 300)
Linker/Locator:  ArmLink.exe V5.06 update 3 (build 300)
Library Manager: ArmAr.exe V5.06 update 3 (build 300)
Hex Converter:   FromElf.exe V5.06 update 3 (build 300)
CPU DLL:         SARMCM3.DLL V5.21a
Dialog DLL:      DCM.DLL V1.13.8.0
Target DLL:      Segger\JL2CM3.dll V2.99.23.0
Dialog DLL:      TCM.DLL V1.14.14.0
 
<h2>Project:</h2>
E:\LiaonNingRobot\software\MDK-ARM\demo.uvprojx
Project File Date:  09/05/2017

<h2>Output:</h2>
*** Using Compiler 'V5.06 update 3 (build 300)', folder: 'E:\Keil5\ARM\ARMCC\Bin'
Build target 'ACTION'
compiling stm32f4xx_it.c...
..\Libraries\CMSIS\core_cm4.h(116): warning:  #47-D: incompatible redefinition of macro "__FPU_USED"
      #define __FPU_USED         0
..\Action_User\stm32f4xx_it.c(118): warning:  #550-D: variable "data" was set but never used
  	uint8_t data = 0;
..\Action_User\stm32f4xx_it.c(189): warning:  #177-D: variable "angle" was declared but never referenced
  	static float angle;//å®?ä¹?è§?åº?
..\Action_User\stm32f4xx_it.c: 3 warnings, 0 errors
linking...
Program Size: Code=50812 RO-data=1412 RW-data=824 ZI-data=1904  
FromELF: creating hex file...
".\SZW_STM32F407\STM32F407-ACTION.axf" - 0 Error(s), 3 Warning(s).

<h2>Collection of Component include folders:</h2>
  E:\LiaonNingRobot\software\MDK-ARM\RTE
  E:\Keil5\ARM\PACK\Keil\STM32F4xx_DFP\2.11.0\Drivers\CMSIS\Device\ST\STM32F4xx\Include

<h2>Collection of Component Files used:</h2>
Build Time Elapsed:  00:00:01
</pre>
</body>
</html>
