Component: ARM Compiler 5.06 update 3 (build 300) Tool: armlink [4d35c9]

==============================================================================

Section Cross References

    main.o(.text) refers to misc.o(.text) for NVIC_PriorityGroupConfig
    main.o(.text) refers to usart.o(.text) for ShootUSART1_Init
    main.o(.text) refers to timer.o(.text) for TIM_Init
    main.o(.text) refers to adc.o(.text) for Adc_Init
    main.o(.text) refers to gpio.o(.text) for TravelSwitch_Init
    main.o(.text) refers to can.o(.text) for CAN_Config
    main.o(.text) refers to elmo.o(.text) for elmo_Init
    main.o(.text) refers to sweep.o(.text) for WalkTask2
    main.o(.text) refers to main.o(.data) for CPUUsage
    task.o(.text) refers to main.o(.bss) for gRobot
    sweep.o(.text) refers to fmul.o(x$fpl$fmul) for __aeabi_fmul
    sweep.o(.text) refers to fflt_clz.o(x$fpl$fflt) for __aeabi_i2f
    sweep.o(.text) refers to faddsub_clz.o(x$fpl$frsb) for __aeabi_frsub
    sweep.o(.text) refers to faddsub_clz.o(x$fpl$fadd) for __aeabi_fadd
    sweep.o(.text) refers to ffix.o(x$fpl$ffix) for __aeabi_f2iz
    sweep.o(.text) refers to frleqf.o(x$fpl$frleqf) for __aeabi_cfrcmple
    sweep.o(.text) refers to faddsub_clz.o(x$fpl$fsub) for __aeabi_fsub
    sweep.o(.text) refers to fleqf.o(x$fpl$fleqf) for __aeabi_cfcmple
    sweep.o(.text) refers to elmo.o(.text) for VelCrl
    sweep.o(.text) refers to f2d.o(x$fpl$f2d) for __aeabi_f2d
    sweep.o(.text) refers to dleqf.o(x$fpl$dleqf) for __aeabi_cdcmple
    sweep.o(.text) refers to tools.o(.text) for getxRem
    sweep.o(.text) refers to sweep.o(.data) for Ki
    sweep.o(.text) refers to main.o(.bss) for gRobot
    sweep.o(.text) refers to feqf.o(x$fpl$feqf) for __aeabi_cfcmpeq
    sweep.o(.text) refers to fix.o(.text) for getLeftAdc
    sweep.o(.text) refers to ddiv.o(x$fpl$ddiv) for __aeabi_ddiv
    sweep.o(.text) refers to dmul.o(x$fpl$dmul) for __aeabi_dmul
    sweep.o(.text) refers to d2f.o(x$fpl$d2f) for __aeabi_d2f
    sweep.o(.text) refers to pow.o(i.pow) for pow
    sweep.o(.text) refers to daddsub_clz.o(x$fpl$dadd) for __aeabi_dadd
    sweep.o(.text) refers to sqrt.o(i.sqrt) for sqrt
    sweep.o(.text) refers to fdiv.o(x$fpl$fdiv) for __aeabi_fdiv
    sweep.o(.text) refers to atan.o(i.atan) for atan
    sweep.o(.text) refers to drleqf.o(x$fpl$drleqf) for __aeabi_cdrcmple
    sweep.o(.text) refers to usart.o(.text) for USART_OUT
    sweep.o(.text) refers to dflt_clz.o(x$fpl$dflt) for __aeabi_i2d
    sweep.o(.text) refers to stm32f4xx_it.o(.data) for posX
    sweep.o(.text) refers to main.o(.data) for CPUUsage
    sweep.o(.text) refers to shoot.o(.text) for fireTask
    sweep.o(.text) refers to circle.o(.text) for NiShiZhenCircleBiHuan
    camera.o(.text) refers to fleqf.o(x$fpl$fleqf) for __aeabi_cfcmple
    camera.o(.text) refers to faddsub_clz.o(x$fpl$fsub) for __aeabi_fsub
    camera.o(.text) refers to fmul.o(x$fpl$fmul) for __aeabi_fmul
    camera.o(.text) refers to fdiv.o(x$fpl$fdiv) for __aeabi_fdiv
    camera.o(.text) refers to faddsub_clz.o(x$fpl$fadd) for __aeabi_fadd
    camera.o(.text) refers to frleqf.o(x$fpl$frleqf) for __aeabi_cfrcmple
    camera.o(.text) refers to rt_memcpy_w.o(.text) for __aeabi_memcpy4
    camera.o(.text) refers to fflt_clz.o(x$fpl$fflt) for __aeabi_i2f
    camera.o(.text) refers to faddsub_clz.o(x$fpl$frsb) for __aeabi_frsub
    camera.o(.text) refers to sweep.o(.text) for angleErrorCount
    camera.o(.text) refers to ffix.o(x$fpl$ffix) for __aeabi_f2iz
    camera.o(.text) refers to elmo.o(.text) for VelCrl
    camera.o(.text) refers to camera.o(.data) for turnTimeChange
    camera.o(.text) refers to camera.o(.constdata) for .constdata
    camera.o(.text) refers to main.o(.bss) for gRobot
    camera.o(.text) refers to usart.o(.text) for USART_OUT
    camera.o(.text) refers to tools.o(.text) for Anglechange
    camera.o(.text) refers to stm32f4xx_it.o(.data) for Ball_counter
    camera.o(.text) refers to dflt_clz.o(x$fpl$dfltu) for __aeabi_ui2d
    camera.o(.text) refers to dleqf.o(x$fpl$dleqf) for __aeabi_cdcmple
    camera.o(.text) refers to drleqf.o(x$fpl$drleqf) for __aeabi_cdrcmple
    camera.o(.text) refers to tanf.o(i.tanf) for tanf
    camera.o(.text) refers to fix.o(.text) for getAngle
    camera.o(.text) refers to f2d.o(x$fpl$f2d) for __aeabi_f2d
    camera.o(.text) refers to sin.o(i.sin) for sin
    camera.o(.text) refers to dmul.o(x$fpl$dmul) for __aeabi_dmul
    camera.o(.text) refers to sinf.o(i.sinf) for sinf
    camera.o(.text) refers to daddsub_clz.o(x$fpl$dsub) for __aeabi_dsub
    camera.o(.text) refers to d2f.o(x$fpl$d2f) for __aeabi_d2f
    camera.o(.text) refers to cos.o(i.cos) for cos
    camera.o(.text) refers to cosf.o(i.cosf) for cosf
    camera.o(.text) refers to daddsub_clz.o(x$fpl$dadd) for __aeabi_dadd
    shoot.o(.text) refers to faddsub_clz.o(x$fpl$fsub) for __aeabi_fsub
    shoot.o(.text) refers to fmul.o(x$fpl$fmul) for __aeabi_fmul
[...]
    circleCenter                             0x2000037c   Data          12  circle.o(.bss)
    circleCenter2                            0x20000388   Data          16  circle.o(.bss)
    tmpFirst                                 0x20000398   Data          12  circle.o(.bss)
    tmpSecond                                0x200003a4   Data          12  circle.o(.bss)
    tmp                                      0x200003b0   Data          36  circle.o(.bss)
    circle                                   0x200003d4   Data          16  circle.o(.bss)
    tmp                                      0x200003e4   Data          36  circle.o(.bss)
    tmp                                      0x20000408   Data          36  circle.o(.bss)
    .bss                                     0x2000042c   Section       24  stm32f4xx_it.o(.bss)
    posture                                  0x2000042c   Data          24  stm32f4xx_it.o(.bss)
    .bss                                     0x20000444   Section       96  libspace.o(.bss)
    HEAP                                     0x200004a8   Section      512  startup_stm32f4xx.o(HEAP)
    Heap_Mem                                 0x200004a8   Data         512  startup_stm32f4xx.o(HEAP)
    STACK                                    0x200006a8   Section     1024  startup_stm32f4xx.o(STACK)
    Stack_Mem                                0x200006a8   Data        1024  startup_stm32f4xx.o(STACK)
    __initial_sp                             0x20000aa8   Data           0  startup_stm32f4xx.o(STACK)

    Global Symbols

    Symbol Name                              Value     Ov Type        Size  Object(Section)

    BuildAttributes$$THM_ISAv4$E$P$D$K$B$S$7EM$PE$A:L22UL41UL21$X:L11$S22US41US21$IEEE1$IW$USESV6$~STKCKD$USESV7$~SHL$OTIME$ROPI$IEEEX$EBA8$UX$STANDARDLIB$REQ8$PRES8$EABIv2 0x00000000   Number         0  anon$$obj.o ABSOLUTE
    __ARM_use_no_argv                        0x00000000   Number         0  main.o ABSOLUTE
    __ARM_exceptions_init                     - Undefined Weak Reference
    __alloca_initialize                       - Undefined Weak Reference
    __arm_preinit_                            - Undefined Weak Reference
    __cpp_initialize__aeabi_                  - Undefined Weak Reference
    __cxa_finalize                            - Undefined Weak Reference
    __rt_locale                               - Undefined Weak Reference
    __sigvec_lookup                           - Undefined Weak Reference
    _atexit_init                              - Undefined Weak Reference
    _call_atexit_fns                          - Undefined Weak Reference
    _clock_init                               - Undefined Weak Reference
    _fp_trap_init                             - Undefined Weak Reference
    _fp_trap_shutdown                         - Undefined Weak Reference
    _get_lc_collate                           - Undefined Weak Reference
    _get_lc_ctype                             - Undefined Weak Reference
    _get_lc_monetary                          - Undefined Weak Reference
    _get_lc_numeric                           - Undefined Weak Reference
    _get_lc_time                              - Undefined Weak Reference
    _getenv_init                              - Undefined Weak Reference
    _handle_redirection                       - Undefined Weak Reference
    _init_alloc                               - Undefined Weak Reference
    _init_user_alloc                          - Undefined Weak Reference
    _initio                                   - Undefined Weak Reference
    _rand_init                                - Undefined Weak Reference
    _signal_finish                            - Undefined Weak Reference
    _signal_init                              - Undefined Weak Reference
    _terminate_alloc                          - Undefined Weak Reference
    _terminate_user_alloc                     - Undefined Weak Reference
    _terminateio                              - Undefined Weak Reference
    __Vectors_Size                           0x00000188   Number         0  startup_stm32f4xx.o ABSOLUTE
    __Vectors                                0x08000000   Data           4  startup_stm32f4xx.o(RESET)
    __Vectors_End                            0x08000188   Data           0  startup_stm32f4xx.o(RESET)
    __main                                   0x08000189   Thumb Code     8  __main.o(!!!main)
    __scatterload                            0x08000191   Thumb Code     0  __scatter.o(!!!scatter)
    __scatterload_rt2                        0x08000191   Thumb Code    44  __scatter.o(!!!scatter)
    __scatterload_rt2_thumb_only             0x08000191   Thumb Code     0  __scatter.o(!!!scatter)
    __scatterload_null                       0x0800019f   Thumb Code     0  __scatter.o(!!!scatter)
    __decompress                             0x080001c5   Thumb Code    90  __dczerorl2.o(!!dczerorl2)
    __decompress1                            0x080001c5   Thumb Code     0  __dczerorl2.o(!!dczerorl2)
    __scatterload_zeroinit                   0x08000221   Thumb Code    28  __scatter_zi.o(!!handler_zi)
    __rt_lib_init                            0x0800023d   Thumb Code     0  libinit.o(.ARM.Collect$$libinit$$00000000)
    __rt_lib_init_alloca_1                   0x0800023f   Thumb Code     0  libinit2.o(.ARM.Collect$$libinit$$0000002E)
    __rt_lib_init_argv_1                     0x0800023f   Thumb Code     0  libinit2.o(.ARM.Collect$$libinit$$0000002C)
    __rt_lib_init_atexit_1                   0x0800023f   Thumb Code     0  libinit2.o(.ARM.Collect$$libinit$$0000001B)
    __rt_lib_init_clock_1                    0x0800023f   Thumb Code     0  libinit2.o(.ARM.Collect$$libinit$$00000021)
    __rt_lib_init_cpp_1                      0x0800023f   Thumb Code     0  libinit2.o(.ARM.Collect$$libinit$$00000032)
    __rt_lib_init_exceptions_1               0x0800023f   Thumb Code     0  libinit2.o(.ARM.Collect$$libinit$$00000030)
    __rt_lib_init_fp_1                       0x0800023f   Thumb Code     0  libinit2.o(.ARM.Collect$$libinit$$00000002)
    __rt_lib_init_fp_trap_1                  0x0800023f   Thumb Code     0  libinit2.o(.ARM.Collect$$libinit$$0000001F)
    __rt_lib_init_getenv_1                   0x0800023f   Thumb Code     0  libinit2.o(.ARM.Collect$$libinit$$00000023)
    __rt_lib_init_heap_1                     0x0800023f   Thumb Code     0  libinit2.o(.ARM.Collect$$libinit$$0000000A)
    __rt_lib_init_lc_collate_1               0x0800023f   Thumb Code     0  libinit2.o(.ARM.Collect$$libinit$$00000011)
    __rt_lib_init_lc_ctype_1                 0x0800023f   Thumb Code     0  libinit2.o(.ARM.Collect$$libinit$$00000013)
    __rt_lib_init_lc_monetary_1              0x0800023f   Thumb Code     0  libinit2.o(.ARM.Collect$$libinit$$00000015)
    __rt_lib_init_lc_numeric_1               0x0800023f   Thumb Code     0  libinit2.o(.ARM.Collect$$libinit$$00000017)
    __rt_lib_init_lc_time_1                  0x0800023f   Thumb Code     0  libinit2.o(.ARM.Collect$$libinit$$00000019)
    __rt_lib_init_preinit_1                  0x0800023f   Thumb Code     0  libinit2.o(.ARM.Collect$$libinit$$00000004)
    __rt_lib_init_rand_1                     0x0800023f   Thumb Code     0  libinit2.o(.ARM.Collect$$libinit$$0000000E)
    __rt_lib_init_return                     0x0800023f   Thumb Code     0  libinit2.o(.ARM.Collect$$libinit$$00000033)
    __rt_lib_init_signal_1                   0x0800023f   Thumb Code     0  libinit2.o(.ARM.Collect$$libinit$$0000001D)
    __rt_lib_init_stdio_1                    0x0800023f   Thumb Code     0  libinit2.o(.ARM.Collect$$libinit$$00000025)
    __rt_lib_init_user_alloc_1               0x0800023f   Thumb Code     0  libinit2.o(.ARM.Collect$$libinit$$0000000C)
    __rt_lib_shutdown                        0x08000241   Thumb Code     0  libshutdown.o(.ARM.Collect$$libshutdown$$00000000)
    __rt_lib_shutdown_cpp_1                  0x08000243   Thumb Code     0  libshutdown2.o(.ARM.Collect$$libshutdown$$00000002)
    __rt_lib_shutdown_fp_trap_1              0x08000243   Thumb Code     0  libshutdown2.o(.ARM.Collect$$libshutdown$$00000007)
    __rt_lib_shutdown_heap_1                 0x08000243   Thumb Code     0  libshutdown2.o(.ARM.Collect$$libshutdown$$0000000F)
    __rt_lib_shutdown_return                 0x08000243   Thumb Code     0  libshutdown2.o(.ARM.Collect$$libshutdown$$00000010)
    __rt_lib_shutdown_signal_1               0x08000243   Thumb Code     0  libshutdown2.o(.ARM.Collect$$libshutdown$$0000000A)
    __rt_lib_shutdown_stdio_1                0x08000243   Thumb Code     0  libshutdown2.o(.ARM.Collect$$libshutdown$$00000004)
    __rt_lib_shutdown_user_alloc_1           0x08000243   Thumb Code     0  libshutdown2.o(.ARM.Collect$$libshutdown$$0000000C)
    __rt_entry                               0x08000245   Thumb Code     0  __rtentry.o(.ARM.Collect$$rtentry$$00000000)
    __rt_entry_presh_1                       0x08000245   Thumb Code     0  __rtentry2.o(.ARM.Collect$$rtentry$$00000002)
    __rt_entry_sh                            0x08000245   Thumb Code     0  __rtentry4.o(.ARM.Collect$$rtentry$$00000004)
    __rt_entry_li                            0x0800024b   Thumb Code     0  __rtentry2.o(.ARM.Collect$$rtentry$$0000000A)
    __rt_entry_postsh_1                      0x0800024b   Thumb Code     0  __rtentry2.o(.ARM.Collect$$rtentry$$00000009)
    __rt_entry_main                          0x0800024f   Thumb Code     0  __rtentry2.o(.ARM.Collect$$rtentry$$0000000D)
    __rt_entry_postli_1                      0x0800024f   Thumb Code     0  __rtentry2.o(.ARM.Collect$$rtentry$$0000000C)
    __rt_exit                                0x08000257   Thumb Code     0  rtexit.o(.ARM.Collect$$rtexit$$00000000)
    __rt_exit_ls                             0x08000259   Thumb Code     0  rtexit2.o(.ARM.Collect$$rtexit$$00000003)
    __rt_exit_prels_1                        0x08000259   Thumb Code     0  rtexit2.o(.ARM.Collect$$rtexit$$00000002)
    __rt_exit_exit                           0x0800025d   Thumb Code     0  rtexit2.o(.ARM.Collect$$rtexit$$00000004)
    init                                     0x08000265   Thumb Code   200  main.o(.text)
    main                                     0x0800032d   Thumb Code    30  main.o(.text)
    ParkingAnglePidControl                   0x08000361   Thumb Code    96  sweep.o(.text)
    AnglePidControl                          0x080003c1   Thumb Code   118  sweep.o(.text)
    distancePidControl                       0x08000437   Thumb Code    76  sweep.o(.text)
    onceDistancePidControl                   0x08000483   Thumb Code    96  sweep.o(.text)
    spacingPidControl                        0x080004e3   Thumb Code    96  sweep.o(.text)
    angleErrorCount                          0x08000543   Thumb Code    78  sweep.o(.text)
    BackCarIn                                0x08000591   Thumb Code   188  sweep.o(.text)
    BackCarOut                               0x0800064d   Thumb Code   188  sweep.o(.text)
    CheckOutline                             0x08000709   Thumb Code   350  sweep.o(.text)
    BackCar                                  0x08000867   Thumb Code   120  sweep.o(.text)
    CheckAgainstWall                         0x080008df   Thumb Code    90  sweep.o(.text)
    AgainstWall                              0x08000939   Thumb Code   174  sweep.o(.text)
    Vchange                                  0x080009e7   Thumb Code   160  sweep.o(.text)
    turnTimeLead                             0x08000a87   Thumb Code    52  sweep.o(.text)
    Pointparking                             0x08000abb   Thumb Code  1030  sweep.o(.text)
    DeBug                                    0x08000ec1   Thumb Code   200  sweep.o(.text)
    Sweep                                    0x08000f89   Thumb Code  2066  sweep.o(.text)
    WalkTask1                                0x0800179b   Thumb Code  1998  sweep.o(.text)
    LineChange                               0x08001f69   Thumb Code    46  sweep.o(.text)
    WalkTask2                                0x08001f97   Thumb Code    26  sweep.o(.text)
    CirlceSweep                              0x08001fb1   Thumb Code  2166  sweep.o(.text)
    LauncherPidControl                       0x08002875   Thumb Code    64  shoot.o(.text)
    Launcher                                 0x080028b5   Thumb Code   564  shoot.o(.text)
    fireTask                                 0x08002ae9   Thumb Code   324  shoot.o(.text)
    setAngle                                 0x08002ce5   Thumb Code     6  fix.o(.text)
    setXpos                                  0x08002ceb   Thumb Code     6  fix.o(.text)
    setYpos                                  0x08002cf1   Thumb Code     6  fix.o(.text)
    setErrSingle                             0x08002cf7   Thumb Code    40  fix.o(.text)
    setErrX                                  0x08002d1f   Thumb Code   186  fix.o(.text)
    setErrY                                  0x08002dd9   Thumb Code   186  fix.o(.text)
    getAngle                                 0x08002e93   Thumb Code   104  fix.o(.text)
    getXpos                                  0x08002efb   Thumb Code   176  fix.o(.text)
    getYpos                                  0x08002fab   Thumb Code   176  fix.o(.text)
    setErr                                   0x0800305b   Thumb Code    28  fix.o(.text)
    getLeftAdc                               0x08003077   Thumb Code    48  fix.o(.text)
    getRightAdc                              0x080030a7   Thumb Code   170  fix.o(.text)
    CircleAnglePidControl                    0x08003151   Thumb Code    76  circle.o(.text)
    NiShiZhenCircleBiHuan                    0x0800319d   Thumb Code  1368  circle.o(.text)
    ShunShiZhenCircleBiHuan                  0x080036f5   Thumb Code   958  circle.o(.text)
    countEatBallWay1                         0x08003ab3   Thumb Code  1620  circle.o(.text)
    countCircleCenter2                       0x08004107   Thumb Code   756  circle.o(.text)
    Container                                0x080043fb   Thumb Code   150  circle.o(.text)
    Findball_1                               0x08004491   Thumb Code   348  circle.o(.text)
    Findball_2                               0x080045ed   Thumb Code   282  circle.o(.text)
    Findball_3                               0x08004707   Thumb Code   274  circle.o(.text)
    Findball_4                               0x08004819   Thumb Code   272  circle.o(.text)
    CameraFindball                           0x08004929   Thumb Code    70  circle.o(.text)
    CAN_Config                               0x0800499d   Thumb Code   940  can.o(.text)
    CAN_TxMsg                                0x08004d49   Thumb Code    88  can.o(.text)
    CAN_RxMsg                                0x08004da1   Thumb Code    72  can.o(.text)
    CAN1_RX0_IRQHandler                      0x08004ded   Thumb Code   122  stm32f4xx_it.o(.text)
    CAN2_RX0_IRQHandler                      0x08004e67   Thumb Code   106  stm32f4xx_it.o(.text)
    UART5_IRQHandler                         0x08004ed1   Thumb Code    58  stm32f4xx_it.o(.text)
    USART1_IRQHandler                        0x08004f0b   Thumb Code   166  stm32f4xx_it.o(.text)
    USART3_IRQHandler                        0x08004fb1   Thumb Code   318  stm32f4xx_it.o(.text)
    USART2_IRQHandler                        0x080050ef   Thumb Code   194  stm32f4xx_it.o(.text)
    NMI_Handler                              0x080051b1   Thumb Code     4  stm32f4xx_it.o(.text)
    HardFault_Handler                        0x080051b5   Thumb Code     4  stm32f4xx_it.o(.text)
    MemManage_Handler                        0x080051b9   Thumb Code     4  stm32f4xx_it.o(.text)
    BusFault_Handler                         0x080051bd   Thumb Code     4  stm32f4xx_it.o(.text)
    UsageFault_Handler                       0x080051c1   Thumb Code   148  stm32f4xx_it.o(.text)
    SVC_Handler                              0x08005255   Thumb Code     2  stm32f4xx_it.o(.text)
    DebugMon_Handler                         0x08005257   Thumb Code     2  stm32f4xx_it.o(.text)
    TIM_Init                                 0x08005259   Thumb Code   440  timer.o(.text)
    Delay_us                                 0x08005411   Thumb Code    40  timer.o(.text)
    Delay_ms                                 0x08005439   Thumb Code    22  timer.o(.text)
    TIM2_IRQHandler                          0x0800544f   Thumb Code    64  timer.o(.text)
    getTimeFlag                              0x0800548f   Thumb Code    20  timer.o(.text)
    getTimeCount                             0x080054a3   Thumb Code     6  timer.o(.text)
    TIM1_UP_TIM10_IRQHandler                 0x080054a9   Thumb Code    24  timer.o(.text)
    TIM8_UP_TIM13_IRQHandler                 0x080054c1   Thumb Code    24  timer.o(.text)
    TIM5_IRQHandler                          0x080054d9   Thumb Code    24  timer.o(.text)
    TIM3_IRQHandler                          0x080054f1   Thumb Code   116  timer.o(.text)
    TIM4_IRQHandler                          0x08005565   Thumb Code    24  timer.o(.text)
    elmo_Init                                0x080055b1   Thumb Code    26  elmo.o(.text)
    elmo_Enable                              0x080055cb   Thumb Code   134  elmo.o(.text)
    elmo_Disable                             0x08005651   Thumb Code   184  elmo.o(.text)
    Vel_cfg                                  0x08005709   Thumb Code   206  elmo.o(.text)
    VelCrl                                   0x080057d7   Thumb Code   192  elmo.o(.text)
    Pos_cfg                                  0x08005897   Thumb Code   238  elmo.o(.text)
    PosCrl                                   0x08005985   Thumb Code   228  elmo.o(.text)
    ReadActualVoltage                        0x08005a69   Thumb Code   132  elmo.o(.text)
    ReadActualCurrent                        0x08005aed   Thumb Code   134  elmo.o(.text)
    ReadActualPos                            0x08005b73   Thumb Code   134  elmo.o(.text)
    ReadActualVel                            0x08005bf9   Thumb Code   134  elmo.o(.text)
    Adc_Init                                 0x08005c85   Thumb Code   126  adc.o(.text)
    Get_Adc                                  0x08005d03   Thumb Code    44  adc.o(.text)
    Get_Adc_Average                          0x08005d2f   Thumb Code    40  adc.o(.text)
    GPIO_Init_Pins                           0x08005d61   Thumb Code   168  gpio.o(.text)
    LEDInit                                  0x08005e09   Thumb Code     2  gpio.o(.text)
    BeepInit                                 0x08005e0b   Thumb Code     2  gpio.o(.text)
    TravelSwitch_Init                        0x08005e0d   Thumb Code    80  gpio.o(.text)
    PullLevel                                0x08005e5d   Thumb Code    48  gpio.o(.text)
    fputc                                    0x08005e99   Thumb Code    32  usart.o(.text)
    PostionUSART3_Init                       0x08005eb9   Thumb Code   176  usart.o(.text)
    USART6_Init                              0x08005f69   Thumb Code   176  usart.o(.text)
    UART4_Init                               0x08006019   Thumb Code   172  usart.o(.text)
    ShootUSART1_Init                         0x080060c5   Thumb Code   174  usart.o(.text)
    CameraUSART2_Init                        0x08006173   Thumb Code   172  usart.o(.text)
    TestUART5_Init                           0x0800621f   Thumb Code   232  usart.o(.text)
    itoa                                     0x08006307   Thumb Code    96  usart.o(.text)
    USART_OUT                                0x08006367   Thumb Code   262  usart.o(.text)
    YawTransform                             0x08006475   Thumb Code    24  motor.o(.text)
    YawAngleCtr                              0x0800648d   Thumb Code    32  motor.o(.text)
    PushBall                                 0x080064ad   Thumb Code    18  motor.o(.text)
    PushBallReset                            0x080064bf   Thumb Code    16  motor.o(.text)
    CollectBallVelTrans                      0x080064cf   Thumb Code    16  motor.o(.text)
    CollectBallVelCtr                        0x080064df   Thumb Code    30  motor.o(.text)
    shootVelTrans                            0x080064fd   Thumb Code    42  motor.o(.text)
    ShootCtr                                 0x08006527   Thumb Code    70  motor.o(.text)
    setF_ball                                0x08006579   Thumb Code     6  tools.o(.text)
    setBestangle                             0x0800657f   Thumb Code     6  tools.o(.text)
    setxRem                                  0x08006585   Thumb Code     6  tools.o(.text)
    setyRem                                  0x0800658b   Thumb Code     6  tools.o(.text)
    setAimxfirst                             0x08006591   Thumb Code     6  tools.o(.text)
    setAimyfirst                             0x08006597   Thumb Code     6  tools.o(.text)
    setAimxsecond                            0x0800659d   Thumb Code     6  tools.o(.text)
    setAimysecond                            0x080065a3   Thumb Code     6  tools.o(.text)
    setBallColor                             0x080065a9   Thumb Code     6  tools.o(.text)
    getF_ball                                0x080065af   Thumb Code    16  tools.o(.text)
    getBestangle                             0x080065bf   Thumb Code     6  tools.o(.text)
    getxRem                                  0x080065c5   Thumb Code     6  tools.o(.text)
    getyRem                                  0x080065cb   Thumb Code     6  tools.o(.text)
    getAimxfirst                             0x080065d1   Thumb Code     6  tools.o(.text)
    getAimyfirst                             0x080065d7   Thumb Code     6  tools.o(.text)
    getAimxsecond                            0x080065dd   Thumb Code     6  tools.o(.text)
    getAimysecond                            0x080065e3   Thumb Code     6  tools.o(.text)
    getBallColor                             0x080065e9   Thumb Code     6  tools.o(.text)
    Dis                                      0x080065ef   Thumb Code    96  tools.o(.text)
    Xcoorchange                              0x0800664f   Thumb Code   170  tools.o(.text)
    Ycoorchange                              0x080066f9   Thumb Code   170  tools.o(.text)
    Anglechange                              0x080067a3   Thumb Code   262  tools.o(.text)
    NVIC_PriorityGroupConfig                 0x080068fd   Thumb Code    10  misc.o(.text)
    NVIC_Init                                0x08006907   Thumb Code   106  misc.o(.text)
    NVIC_SetVectorTable                      0x08006971   Thumb Code    14  misc.o(.text)
    NVIC_SystemLPConfig                      0x0800697f   Thumb Code    34  misc.o(.text)
    SysTick_CLKSourceConfig                  0x080069a1   Thumb Code    40  misc.o(.text)
    ADC_DeInit                               0x080069dd   Thumb Code    22  stm32f4xx_adc.o(.text)
    ADC_Init                                 0x080069f3   Thumb Code    74  stm32f4xx_adc.o(.text)
    ADC_StructInit                           0x08006a3d   Thumb Code    20  stm32f4xx_adc.o(.text)
    ADC_CommonInit                           0x08006a51   Thumb Code    34  stm32f4xx_adc.o(.text)
    ADC_CommonStructInit                     0x08006a73   Thumb Code    12  stm32f4xx_adc.o(.text)
    ADC_Cmd                                  0x08006a7f   Thumb Code    22  stm32f4xx_adc.o(.text)
    ADC_AnalogWatchdogCmd                    0x08006a95   Thumb Code    16  stm32f4xx_adc.o(.text)
    ADC_AnalogWatchdogThresholdsConfig       0x08006aa5   Thumb Code     6  stm32f4xx_adc.o(.text)
    ADC_AnalogWatchdogSingleChannelConfig    0x08006aab   Thumb Code    16  stm32f4xx_adc.o(.text)
    ADC_TempSensorVrefintCmd                 0x08006abb   Thumb Code    34  stm32f4xx_adc.o(.text)
    ADC_VBATCmd                              0x08006add   Thumb Code    34  stm32f4xx_adc.o(.text)
    ADC_RegularChannelConfig                 0x08006aff   Thumb Code   184  stm32f4xx_adc.o(.text)
    ADC_SoftwareStartConv                    0x08006bb7   Thumb Code    10  stm32f4xx_adc.o(.text)
    ADC_GetSoftwareStartConvStatus           0x08006bc1   Thumb Code    20  stm32f4xx_adc.o(.text)
    ADC_EOCOnEachRegularChannelCmd           0x08006bd5   Thumb Code    22  stm32f4xx_adc.o(.text)
    ADC_ContinuousModeCmd                    0x08006beb   Thumb Code    22  stm32f4xx_adc.o(.text)
    ADC_DiscModeChannelCountConfig           0x08006c01   Thumb Code    24  stm32f4xx_adc.o(.text)
    ADC_DiscModeCmd                          0x08006c19   Thumb Code    22  stm32f4xx_adc.o(.text)
    ADC_GetConversionValue                   0x08006c2f   Thumb Code     8  stm32f4xx_adc.o(.text)
    ADC_GetMultiModeConversionValue          0x08006c37   Thumb Code     8  stm32f4xx_adc.o(.text)
    ADC_DMACmd                               0x08006c3f   Thumb Code    22  stm32f4xx_adc.o(.text)
    ADC_DMARequestAfterLastTransferCmd       0x08006c55   Thumb Code    22  stm32f4xx_adc.o(.text)
    ADC_MultiModeDMARequestAfterLastTransferCmd 0x08006c6b   Thumb Code    34  stm32f4xx_adc.o(.text)
    ADC_InjectedChannelConfig                0x08006c8d   Thumb Code   130  stm32f4xx_adc.o(.text)
    ADC_InjectedSequencerLengthConfig        0x08006d0f   Thumb Code    24  stm32f4xx_adc.o(.text)
    ADC_SetInjectedOffset                    0x08006d27   Thumb Code    20  stm32f4xx_adc.o(.text)
    ADC_ExternalTrigInjectedConvConfig       0x08006d3b   Thumb Code    16  stm32f4xx_adc.o(.text)
    ADC_ExternalTrigInjectedConvEdgeConfig   0x08006d4b   Thumb Code    16  stm32f4xx_adc.o(.text)
    ADC_SoftwareStartInjectedConv            0x08006d5b   Thumb Code    10  stm32f4xx_adc.o(.text)
    ADC_GetSoftwareStartInjectedConvCmdStatus 0x08006d65   Thumb Code    20  stm32f4xx_adc.o(.text)
    ADC_AutoInjectedConvCmd                  0x08006d79   Thumb Code    22  stm32f4xx_adc.o(.text)
    ADC_InjectedDiscModeCmd                  0x08006d8f   Thumb Code    22  stm32f4xx_adc.o(.text)
    ADC_GetInjectedConversionValue           0x08006da5   Thumb Code    28  stm32f4xx_adc.o(.text)
    ADC_ITConfig                             0x08006dc1   Thumb Code    56  stm32f4xx_adc.o(.text)
    ADC_GetFlagStatus                        0x08006df9   Thumb Code    18  stm32f4xx_adc.o(.text)
    ADC_ClearFlag                            0x08006e0b   Thumb Code     6  stm32f4xx_adc.o(.text)
    ADC_GetITStatus                          0x08006e11   Thumb Code    38  stm32f4xx_adc.o(.text)
    ADC_ClearITPendingBit                    0x08006e37   Thumb Code    10  stm32f4xx_adc.o(.text)
    CAN_DeInit                               0x08006e41   Thumb Code    50  stm32f4xx_can.o(.text)
    CAN_Init                                 0x08006e73   Thumb Code   276  stm32f4xx_can.o(.text)
    CAN_FilterInit                           0x08006f87   Thumb Code   258  stm32f4xx_can.o(.text)
    CAN_StructInit                           0x08007089   Thumb Code    32  stm32f4xx_can.o(.text)
    CAN_SlaveStartBank                       0x080070a9   Thumb Code    48  stm32f4xx_can.o(.text)
    CAN_DBGFreeze                            0x080070d9   Thumb Code    22  stm32f4xx_can.o(.text)
    CAN_TTComModeCmd                         0x080070ef   Thumb Code   118  stm32f4xx_can.o(.text)
    CAN_Transmit                             0x08007165   Thumb Code   304  stm32f4xx_can.o(.text)
    CAN_TransmitStatus                       0x08007295   Thumb Code   138  stm32f4xx_can.o(.text)
    CAN_CancelTransmit                       0x0800731f   Thumb Code    48  stm32f4xx_can.o(.text)
    CAN_Receive                              0x0800734f   Thumb Code   240  stm32f4xx_can.o(.text)
    CAN_FIFORelease                          0x0800743f   Thumb Code    22  stm32f4xx_can.o(.text)
    CAN_MessagePending                       0x08007455   Thumb Code    30  stm32f4xx_can.o(.text)
    CAN_OperatingModeRequest                 0x08007473   Thumb Code   162  stm32f4xx_can.o(.text)
    CAN_Sleep                                0x08007515   Thumb Code    30  stm32f4xx_can.o(.text)
    CAN_WakeUp                               0x08007533   Thumb Code    48  stm32f4xx_can.o(.text)
    CAN_GetLastErrorCode                     0x08007563   Thumb Code    12  stm32f4xx_can.o(.text)
    CAN_GetReceiveErrorCounter               0x0800756f   Thumb Code    10  stm32f4xx_can.o(.text)
    CAN_GetLSBTransmitErrorCounter           0x08007579   Thumb Code    12  stm32f4xx_can.o(.text)
    CAN_ITConfig                             0x08007585   Thumb Code    18  stm32f4xx_can.o(.text)
    CAN_GetFlagStatus                        0x08007597   Thumb Code   120  stm32f4xx_can.o(.text)
    CAN_ClearFlag                            0x0800760f   Thumb Code    52  stm32f4xx_can.o(.text)
    CAN_GetITStatus                          0x08007655   Thumb Code   310  stm32f4xx_can.o(.text)
    CAN_ClearITPendingBit                    0x0800778b   Thumb Code   162  stm32f4xx_can.o(.text)
    GPIO_DeInit                              0x08007831   Thumb Code   220  stm32f4xx_gpio.o(.text)
    GPIO_Init                                0x0800790d   Thumb Code   144  stm32f4xx_gpio.o(.text)
    GPIO_StructInit                          0x0800799d   Thumb Code    18  stm32f4xx_gpio.o(.text)
    GPIO_PinLockConfig                       0x080079af   Thumb Code    34  stm32f4xx_gpio.o(.text)
    GPIO_ReadInputDataBit                    0x080079d1   Thumb Code    18  stm32f4xx_gpio.o(.text)
    GPIO_ReadInputData                       0x080079e3   Thumb Code     8  stm32f4xx_gpio.o(.text)
    GPIO_ReadOutputDataBit                   0x080079eb   Thumb Code    18  stm32f4xx_gpio.o(.text)
    GPIO_ReadOutputData                      0x080079fd   Thumb Code     8  stm32f4xx_gpio.o(.text)
    GPIO_SetBits                             0x08007a05   Thumb Code     4  stm32f4xx_gpio.o(.text)
    GPIO_ResetBits                           0x08007a09   Thumb Code     4  stm32f4xx_gpio.o(.text)
    GPIO_WriteBit                            0x08007a0d   Thumb Code    10  stm32f4xx_gpio.o(.text)
    GPIO_Write                               0x08007a17   Thumb Code     4  stm32f4xx_gpio.o(.text)
    GPIO_ToggleBits                          0x08007a1b   Thumb Code     8  stm32f4xx_gpio.o(.text)
    GPIO_PinAFConfig                         0x08007a23   Thumb Code    70  stm32f4xx_gpio.o(.text)
    RCC_DeInit                               0x08007a8d   Thumb Code    60  stm32f4xx_rcc.o(.text)
    RCC_HSEConfig                            0x08007ac9   Thumb Code    14  stm32f4xx_rcc.o(.text)
    RCC_GetFlagStatus                        0x08007ad7   Thumb Code    60  stm32f4xx_rcc.o(.text)
    RCC_WaitForHSEStartUp                    0x08007b13   Thumb Code    56  stm32f4xx_rcc.o(.text)
    RCC_AdjustHSICalibrationValue            0x08007b4b   Thumb Code    20  stm32f4xx_rcc.o(.text)
    RCC_HSICmd                               0x08007b5f   Thumb Code     6  stm32f4xx_rcc.o(.text)
    RCC_LSEConfig                            0x08007b65   Thumb Code    46  stm32f4xx_rcc.o(.text)
    RCC_LSICmd                               0x08007b93   Thumb Code     6  stm32f4xx_rcc.o(.text)
    RCC_PLLConfig                            0x08007b99   Thumb Code    32  stm32f4xx_rcc.o(.text)
    RCC_PLLCmd                               0x08007bb9   Thumb Code     6  stm32f4xx_rcc.o(.text)
    RCC_PLLI2SConfig                         0x08007bbf   Thumb Code    14  stm32f4xx_rcc.o(.text)
    RCC_PLLI2SCmd                            0x08007bcd   Thumb Code     6  stm32f4xx_rcc.o(.text)
    RCC_ClockSecuritySystemCmd               0x08007bd3   Thumb Code     6  stm32f4xx_rcc.o(.text)
    RCC_MCO1Config                           0x08007bd9   Thumb Code    28  stm32f4xx_rcc.o(.text)
    RCC_MCO2Config                           0x08007bf5   Thumb Code    28  stm32f4xx_rcc.o(.text)
    RCC_SYSCLKConfig                         0x08007c11   Thumb Code    20  stm32f4xx_rcc.o(.text)
    RCC_GetSYSCLKSource                      0x08007c25   Thumb Code    12  stm32f4xx_rcc.o(.text)
    RCC_HCLKConfig                           0x08007c31   Thumb Code    20  stm32f4xx_rcc.o(.text)
    RCC_PCLK1Config                          0x08007c45   Thumb Code    20  stm32f4xx_rcc.o(.text)
    RCC_PCLK2Config                          0x08007c59   Thumb Code    22  stm32f4xx_rcc.o(.text)
    RCC_GetClocksFreq                        0x08007c6f   Thumb Code   222  stm32f4xx_rcc.o(.text)
    RCC_RTCCLKConfig                         0x08007d4d   Thumb Code    54  stm32f4xx_rcc.o(.text)
    RCC_RTCCLKCmd                            0x08007d83   Thumb Code     8  stm32f4xx_rcc.o(.text)
    RCC_BackupResetCmd                       0x08007d8b   Thumb Code     8  stm32f4xx_rcc.o(.text)
    RCC_I2SCLKConfig                         0x08007d93   Thumb Code     6  stm32f4xx_rcc.o(.text)
    RCC_AHB1PeriphClockCmd                   0x08007d99   Thumb Code    34  stm32f4xx_rcc.o(.text)
    RCC_AHB2PeriphClockCmd                   0x08007dbb   Thumb Code    34  stm32f4xx_rcc.o(.text)
    RCC_AHB3PeriphClockCmd                   0x08007ddd   Thumb Code    34  stm32f4xx_rcc.o(.text)
    RCC_APB1PeriphClockCmd                   0x08007dff   Thumb Code    34  stm32f4xx_rcc.o(.text)
    RCC_APB2PeriphClockCmd                   0x08007e21   Thumb Code    34  stm32f4xx_rcc.o(.text)
    RCC_AHB1PeriphResetCmd                   0x08007e43   Thumb Code    34  stm32f4xx_rcc.o(.text)
    RCC_AHB2PeriphResetCmd                   0x08007e65   Thumb Code    72  stm32f4xx_rcc.o(.text)
    RCC_AHB3PeriphResetCmd                   0x08007ead   Thumb Code    34  stm32f4xx_rcc.o(.text)
    RCC_APB1PeriphResetCmd                   0x08007ecf   Thumb Code    34  stm32f4xx_rcc.o(.text)
    RCC_APB2PeriphResetCmd                   0x08007ef1   Thumb Code    34  stm32f4xx_rcc.o(.text)
    RCC_AHB1PeriphClockLPModeCmd             0x08007f13   Thumb Code    34  stm32f4xx_rcc.o(.text)
    RCC_AHB2PeriphClockLPModeCmd             0x08007f35   Thumb Code    34  stm32f4xx_rcc.o(.text)
    RCC_AHB3PeriphClockLPModeCmd             0x08007f57   Thumb Code    34  stm32f4xx_rcc.o(.text)
    RCC_APB1PeriphClockLPModeCmd             0x08007f79   Thumb Code    34  stm32f4xx_rcc.o(.text)
    RCC_APB2PeriphClockLPModeCmd             0x08007f9b   Thumb Code    34  stm32f4xx_rcc.o(.text)
    RCC_ITConfig                             0x08007fbd   Thumb Code    34  stm32f4xx_rcc.o(.text)
    RCC_ClearFlag                            0x08007fdf   Thumb Code    18  stm32f4xx_rcc.o(.text)
    RCC_GetITStatus                          0x08007ff1   Thumb Code    22  stm32f4xx_rcc.o(.text)
    RCC_ClearITPendingBit                    0x08008007   Thumb Code     8  stm32f4xx_rcc.o(.text)
    TIM_DeInit                               0x08008015   Thumb Code   346  stm32f4xx_tim.o(.text)
    TIM_TimeBaseInit                         0x0800816f   Thumb Code   104  stm32f4xx_tim.o(.text)
    TIM_TimeBaseStructInit                   0x080081d7   Thumb Code    18  stm32f4xx_tim.o(.text)
    TIM_PrescalerConfig                      0x080081e9   Thumb Code     6  stm32f4xx_tim.o(.text)
    TIM_CounterModeConfig                    0x080081ef   Thumb Code    18  stm32f4xx_tim.o(.text)
    TIM_SetCounter                           0x08008201   Thumb Code     4  stm32f4xx_tim.o(.text)
    TIM_SetAutoreload                        0x08008205   Thumb Code     4  stm32f4xx_tim.o(.text)
    TIM_GetCounter                           0x08008209   Thumb Code     6  stm32f4xx_tim.o(.text)
    TIM_GetPrescaler                         0x0800820f   Thumb Code     6  stm32f4xx_tim.o(.text)
    TIM_UpdateDisableConfig                  0x08008215   Thumb Code    24  stm32f4xx_tim.o(.text)
    TIM_UpdateRequestConfig                  0x0800822d   Thumb Code    24  stm32f4xx_tim.o(.text)
    TIM_ARRPreloadConfig                     0x08008245   Thumb Code    24  stm32f4xx_tim.o(.text)
    TIM_SelectOnePulseMode                   0x0800825d   Thumb Code    18  stm32f4xx_tim.o(.text)
    TIM_SetClockDivision                     0x0800826f   Thumb Code    18  stm32f4xx_tim.o(.text)
    TIM_Cmd                                  0x08008281   Thumb Code    24  stm32f4xx_tim.o(.text)
    TIM_OC1Init                              0x08008299   Thumb Code   114  stm32f4xx_tim.o(.text)
    TIM_OC2Init                              0x0800830b   Thumb Code   154  stm32f4xx_tim.o(.text)
    TIM_OC3Init                              0x080083a5   Thumb Code   204  stm32f4xx_tim.o(.text)
    TIM_OC4Init                              0x08008471   Thumb Code   112  stm32f4xx_tim.o(.text)
    TIM_OCStructInit                         0x080084e1   Thumb Code    20  stm32f4xx_tim.o(.text)
    TIM_SelectOCxM                           0x080084f5   Thumb Code    86  stm32f4xx_tim.o(.text)
    TIM_SetCompare1                          0x0800854b   Thumb Code     4  stm32f4xx_tim.o(.text)
    TIM_SetCompare2                          0x0800854f   Thumb Code     4  stm32f4xx_tim.o(.text)
    TIM_SetCompare3                          0x08008553   Thumb Code     4  stm32f4xx_tim.o(.text)
    TIM_SetCompare4                          0x08008557   Thumb Code     4  stm32f4xx_tim.o(.text)
    TIM_ForcedOC1Config                      0x0800855b   Thumb Code    18  stm32f4xx_tim.o(.text)
    TIM_ForcedOC2Config                      0x0800856d   Thumb Code    26  stm32f4xx_tim.o(.text)
    TIM_ForcedOC3Config                      0x08008587   Thumb Code    18  stm32f4xx_tim.o(.text)
    TIM_ForcedOC4Config                      0x08008599   Thumb Code    26  stm32f4xx_tim.o(.text)
    TIM_OC1PreloadConfig                     0x080085b3   Thumb Code    18  stm32f4xx_tim.o(.text)
    TIM_OC2PreloadConfig                     0x080085c5   Thumb Code    26  stm32f4xx_tim.o(.text)
    TIM_OC3PreloadConfig                     0x080085df   Thumb Code    18  stm32f4xx_tim.o(.text)
    TIM_OC4PreloadConfig                     0x080085f1   Thumb Code    26  stm32f4xx_tim.o(.text)
    TIM_OC1FastConfig                        0x0800860b   Thumb Code    18  stm32f4xx_tim.o(.text)
    TIM_OC2FastConfig                        0x0800861d   Thumb Code    26  stm32f4xx_tim.o(.text)
    TIM_OC3FastConfig                        0x08008637   Thumb Code    18  stm32f4xx_tim.o(.text)
    TIM_OC4FastConfig                        0x08008649   Thumb Code    26  stm32f4xx_tim.o(.text)
    TIM_ClearOC1Ref                          0x08008663   Thumb Code    18  stm32f4xx_tim.o(.text)
    TIM_ClearOC2Ref                          0x08008675   Thumb Code    24  stm32f4xx_tim.o(.text)
    TIM_ClearOC3Ref                          0x0800868d   Thumb Code    18  stm32f4xx_tim.o(.text)
    TIM_ClearOC4Ref                          0x0800869f   Thumb Code    24  stm32f4xx_tim.o(.text)
    TIM_OC1PolarityConfig                    0x080086b7   Thumb Code    18  stm32f4xx_tim.o(.text)
    TIM_OC1NPolarityConfig                   0x080086c9   Thumb Code    18  stm32f4xx_tim.o(.text)
    TIM_OC2PolarityConfig                    0x080086db   Thumb Code    26  stm32f4xx_tim.o(.text)
    TIM_OC2NPolarityConfig                   0x080086f5   Thumb Code    26  stm32f4xx_tim.o(.text)
    TIM_OC3PolarityConfig                    0x0800870f   Thumb Code    26  stm32f4xx_tim.o(.text)
    TIM_OC3NPolarityConfig                   0x08008729   Thumb Code    26  stm32f4xx_tim.o(.text)
    TIM_OC4PolarityConfig                    0x08008743   Thumb Code    26  stm32f4xx_tim.o(.text)
    TIM_CCxCmd                               0x0800875d   Thumb Code    30  stm32f4xx_tim.o(.text)
    TIM_CCxNCmd                              0x0800877b   Thumb Code    30  stm32f4xx_tim.o(.text)
    TIM_SetIC4Prescaler                      0x08008799   Thumb Code    26  stm32f4xx_tim.o(.text)
    TIM_SetIC3Prescaler                      0x08008803   Thumb Code    18  stm32f4xx_tim.o(.text)
    TIM_SetIC2Prescaler                      0x0800885d   Thumb Code    26  stm32f4xx_tim.o(.text)
    TIM_SetIC1Prescaler                      0x080088d1   Thumb Code    18  stm32f4xx_tim.o(.text)
    TIM_ICInit                               0x0800891d   Thumb Code   110  stm32f4xx_tim.o(.text)
    TIM_ICStructInit                         0x0800898b   Thumb Code    18  stm32f4xx_tim.o(.text)
    TIM_PWMIConfig                           0x0800899d   Thumb Code   124  stm32f4xx_tim.o(.text)
    TIM_GetCapture1                          0x08008a19   Thumb Code     6  stm32f4xx_tim.o(.text)
    TIM_GetCapture2                          0x08008a1f   Thumb Code     6  stm32f4xx_tim.o(.text)
    TIM_GetCapture3                          0x08008a25   Thumb Code     6  stm32f4xx_tim.o(.text)
    TIM_GetCapture4                          0x08008a2b   Thumb Code     6  stm32f4xx_tim.o(.text)
    TIM_BDTRConfig                           0x08008a31   Thumb Code    32  stm32f4xx_tim.o(.text)
    TIM_BDTRStructInit                       0x08008a51   Thumb Code    18  stm32f4xx_tim.o(.text)
    TIM_CtrlPWMOutputs                       0x08008a63   Thumb Code    30  stm32f4xx_tim.o(.text)
    TIM_SelectCOM                            0x08008a81   Thumb Code    24  stm32f4xx_tim.o(.text)
    TIM_CCPreloadControl                     0x08008a99   Thumb Code    24  stm32f4xx_tim.o(.text)
    TIM_ITConfig                             0x08008ab1   Thumb Code    18  stm32f4xx_tim.o(.text)
    TIM_GenerateEvent                        0x08008ac3   Thumb Code     4  stm32f4xx_tim.o(.text)
    TIM_GetFlagStatus                        0x08008ac7   Thumb Code    18  stm32f4xx_tim.o(.text)
    TIM_ClearFlag                            0x08008ad9   Thumb Code     6  stm32f4xx_tim.o(.text)
    TIM_GetITStatus                          0x08008adf   Thumb Code    34  stm32f4xx_tim.o(.text)
    TIM_ClearITPendingBit                    0x08008b01   Thumb Code     6  stm32f4xx_tim.o(.text)
    TIM_DMAConfig                            0x08008b07   Thumb Code    10  stm32f4xx_tim.o(.text)
    TIM_DMACmd                               0x08008b11   Thumb Code    18  stm32f4xx_tim.o(.text)
    TIM_SelectCCDMA                          0x08008b23   Thumb Code    24  stm32f4xx_tim.o(.text)
    TIM_InternalClockConfig                  0x08008b3b   Thumb Code    12  stm32f4xx_tim.o(.text)
    TIM_SelectInputTrigger                   0x08008b47   Thumb Code    18  stm32f4xx_tim.o(.text)
    TIM_ITRxExternalClockConfig              0x08008b59   Thumb Code    24  stm32f4xx_tim.o(.text)
    TIM_TIxExternalClockConfig               0x08008b71   Thumb Code    62  stm32f4xx_tim.o(.text)
    TIM_ETRConfig                            0x08008baf   Thumb Code    28  stm32f4xx_tim.o(.text)
    TIM_ETRClockMode1Config                  0x08008bcb   Thumb Code    54  stm32f4xx_tim.o(.text)
    TIM_ETRClockMode2Config                  0x08008c01   Thumb Code    32  stm32f4xx_tim.o(.text)
    TIM_SelectOutputTrigger                  0x08008c21   Thumb Code    18  stm32f4xx_tim.o(.text)
    TIM_SelectSlaveMode                      0x08008c33   Thumb Code    18  stm32f4xx_tim.o(.text)
    TIM_SelectMasterSlaveMode                0x08008c45   Thumb Code    18  stm32f4xx_tim.o(.text)
    TIM_EncoderInterfaceConfig               0x08008c57   Thumb Code    66  stm32f4xx_tim.o(.text)
    TIM_SelectHallSensor                     0x08008c99   Thumb Code    24  stm32f4xx_tim.o(.text)
    TIM_RemapConfig                          0x08008cb1   Thumb Code     6  stm32f4xx_tim.o(.text)
    USART_DeInit                             0x08008cb9   Thumb Code   156  stm32f4xx_usart.o(.text)
    USART_Init                               0x08008d55   Thumb Code   204  stm32f4xx_usart.o(.text)
    USART_StructInit                         0x08008e21   Thumb Code    24  stm32f4xx_usart.o(.text)
    USART_ClockInit                          0x08008e39   Thumb Code    32  stm32f4xx_usart.o(.text)
    USART_ClockStructInit                    0x08008e59   Thumb Code    12  stm32f4xx_usart.o(.text)
    USART_Cmd                                0x08008e65   Thumb Code    24  stm32f4xx_usart.o(.text)
    USART_SetPrescaler                       0x08008e7d   Thumb Code    16  stm32f4xx_usart.o(.text)
    USART_OverSampling8Cmd                   0x08008e8d   Thumb Code    22  stm32f4xx_usart.o(.text)
    USART_OneBitMethodCmd                    0x08008ea3   Thumb Code    24  stm32f4xx_usart.o(.text)
    USART_ClearFlag                          0x08008ebb   Thumb Code    18  stm32f4xx_usart.o(.text)
    USART_GetFlagStatus                      0x08008ecd   Thumb Code    26  stm32f4xx_usart.o(.text)
    USART_SendData                           0x08008ee7   Thumb Code    44  stm32f4xx_usart.o(.text)
    USART_ReceiveData                        0x08008f13   Thumb Code    10  stm32f4xx_usart.o(.text)
    USART_SetAddress                         0x08008f1d   Thumb Code    18  stm32f4xx_usart.o(.text)
    USART_ReceiverWakeUpCmd                  0x08008f2f   Thumb Code    24  stm32f4xx_usart.o(.text)
    USART_WakeUpConfig                       0x08008f47   Thumb Code    18  stm32f4xx_usart.o(.text)
    USART_LINBreakDetectLengthConfig         0x08008f59   Thumb Code    18  stm32f4xx_usart.o(.text)
    USART_LINCmd                             0x08008f6b   Thumb Code    24  stm32f4xx_usart.o(.text)
    USART_SendBreak                          0x08008f83   Thumb Code    10  stm32f4xx_usart.o(.text)
    USART_HalfDuplexCmd                      0x08008f8d   Thumb Code    24  stm32f4xx_usart.o(.text)
    USART_SetGuardTime                       0x08008fa5   Thumb Code    16  stm32f4xx_usart.o(.text)
    USART_SmartCardCmd                       0x08008fb5   Thumb Code    24  stm32f4xx_usart.o(.text)
    USART_SmartCardNACKCmd                   0x08008fcd   Thumb Code    24  stm32f4xx_usart.o(.text)
    USART_IrDAConfig                         0x08008fe5   Thumb Code    18  stm32f4xx_usart.o(.text)
    USART_IrDACmd                            0x08008ff7   Thumb Code    24  stm32f4xx_usart.o(.text)
    USART_DMACmd                             0x0800900f   Thumb Code    18  stm32f4xx_usart.o(.text)
    USART_ITConfig                           0x08009021   Thumb Code    74  stm32f4xx_usart.o(.text)
    USART_GetITStatus                        0x0800906b   Thumb Code   110  stm32f4xx_usart.o(.text)
    USART_ClearITPendingBit                  0x080090d9   Thumb Code    30  stm32f4xx_usart.o(.text)
    SystemInit                               0x080091d5   Thumb Code    74  system_stm32f4xx.o(.text)
    SystemCoreClockUpdate                    0x0800921f   Thumb Code   174  system_stm32f4xx.o(.text)
    Reset_Handler                            0x080092f9   Thumb Code     8  startup_stm32f4xx.o(.text)
    PendSV_Handler                           0x0800930f   Thumb Code     2  startup_stm32f4xx.o(.text)
    SysTick_Handler                          0x08009311   Thumb Code     2  startup_stm32f4xx.o(.text)
    ADC_IRQHandler                           0x08009313   Thumb Code     0  startup_stm32f4xx.o(.text)
    CAN1_RX1_IRQHandler                      0x08009313   Thumb Code     0  startup_stm32f4xx.o(.text)
    CAN1_SCE_IRQHandler                      0x08009313   Thumb Code     0  startup_stm32f4xx.o(.text)
    CAN1_TX_IRQHandler                       0x08009313   Thumb Code     0  startup_stm32f4xx.o(.text)
    CAN2_RX1_IRQHandler                      0x08009313   Thumb Code     0  startup_stm32f4xx.o(.text)
    CAN2_SCE_IRQHandler                      0x08009313   Thumb Code     0  startup_stm32f4xx.o(.text)
    CAN2_TX_IRQHandler                       0x08009313   Thumb Code     0  startup_stm32f4xx.o(.text)
    CRYP_IRQHandler                          0x08009313   Thumb Code     0  startup_stm32f4xx.o(.text)
    DCMI_IRQHandler                          0x08009313   Thumb Code     0  startup_stm32f4xx.o(.text)
    DMA1_Stream0_IRQHandler                  0x08009313   Thumb Code     0  startup_stm32f4xx.o(.text)
    DMA1_Stream1_IRQHandler                  0x08009313   Thumb Code     0  startup_stm32f4xx.o(.text)
    DMA1_Stream2_IRQHandler                  0x08009313   Thumb Code     0  startup_stm32f4xx.o(.text)
    DMA1_Stream3_IRQHandler                  0x08009313   Thumb Code     0  startup_stm32f4xx.o(.text)
    DMA1_Stream4_IRQHandler                  0x08009313   Thumb Code     0  startup_stm32f4xx.o(.text)
    DMA1_Stream5_IRQHandler                  0x08009313   Thumb Code     0  startup_stm32f4xx.o(.text)
    DMA1_Stream6_IRQHandler                  0x08009313   Thumb Code     0  startup_stm32f4xx.o(.text)
    DMA1_Stream7_IRQHandler                  0x08009313   Thumb Code     0  startup_stm32f4xx.o(.text)
    DMA2_Stream0_IRQHandler                  0x08009313   Thumb Code     0  startup_stm32f4xx.o(.text)
    DMA2_Stream1_IRQHandler                  0x08009313   Thumb Code     0  startup_stm32f4xx.o(.text)
    DMA2_Stream2_IRQHandler                  0x08009313   Thumb Code     0  startup_stm32f4xx.o(.text)
    DMA2_Stream3_IRQHandler                  0x08009313   Thumb Code     0  startup_stm32f4xx.o(.text)
    DMA2_Stream4_IRQHandler                  0x08009313   Thumb Code     0  startup_stm32f4xx.o(.text)
    DMA2_Stream5_IRQHandler                  0x08009313   Thumb Code     0  startup_stm32f4xx.o(.text)
    DMA2_Stream6_IRQHandler                  0x08009313   Thumb Code     0  startup_stm32f4xx.o(.text)
    DMA2_Stream7_IRQHandler                  0x08009313   Thumb Code     0  startup_stm32f4xx.o(.text)
    ETH_IRQHandler                           0x08009313   Thumb Code     0  startup_stm32f4xx.o(.text)
    ETH_WKUP_IRQHandler                      0x08009313   Thumb Code     0  startup_stm32f4xx.o(.text)
    EXTI0_IRQHandler                         0x08009313   Thumb Code     0  startup_stm32f4xx.o(.text)
    EXTI15_10_IRQHandler                     0x08009313   Thumb Code     0  startup_stm32f4xx.o(.text)
    EXTI1_IRQHandler                         0x08009313   Thumb Code     0  startup_stm32f4xx.o(.text)
    EXTI2_IRQHandler                         0x08009313   Thumb Code     0  startup_stm32f4xx.o(.text)
    EXTI3_IRQHandler                         0x08009313   Thumb Code     0  startup_stm32f4xx.o(.text)
    EXTI4_IRQHandler                         0x08009313   Thumb Code     0  startup_stm32f4xx.o(.text)
    EXTI9_5_IRQHandler                       0x08009313   Thumb Code     0  startup_stm32f4xx.o(.text)
    FLASH_IRQHandler                         0x08009313   Thumb Code     0  startup_stm32f4xx.o(.text)
    FPU_IRQHandler                           0x08009313   Thumb Code     0  startup_stm32f4xx.o(.text)
    FSMC_IRQHandler                          0x08009313   Thumb Code     0  startup_stm32f4xx.o(.text)
    HASH_RNG_IRQHandler                      0x08009313   Thumb Code     0  startup_stm32f4xx.o(.text)
    I2C1_ER_IRQHandler                       0x08009313   Thumb Code     0  startup_stm32f4xx.o(.text)
    I2C1_EV_IRQHandler                       0x08009313   Thumb Code     0  startup_stm32f4xx.o(.text)
    I2C2_ER_IRQHandler                       0x08009313   Thumb Code     0  startup_stm32f4xx.o(.text)
    I2C2_EV_IRQHandler                       0x08009313   Thumb Code     0  startup_stm32f4xx.o(.text)
    I2C3_ER_IRQHandler                       0x08009313   Thumb Code     0  startup_stm32f4xx.o(.text)
    I2C3_EV_IRQHandler                       0x08009313   Thumb Code     0  startup_stm32f4xx.o(.text)
    OTG_FS_IRQHandler                        0x08009313   Thumb Code     0  startup_stm32f4xx.o(.text)
    OTG_FS_WKUP_IRQHandler                   0x08009313   Thumb Code     0  startup_stm32f4xx.o(.text)
    OTG_HS_EP1_IN_IRQHandler                 0x08009313   Thumb Code     0  startup_stm32f4xx.o(.text)
    OTG_HS_EP1_OUT_IRQHandler                0x08009313   Thumb Code     0  startup_stm32f4xx.o(.text)
    OTG_HS_IRQHandler                        0x08009313   Thumb Code     0  startup_stm32f4xx.o(.text)
    OTG_HS_WKUP_IRQHandler                   0x08009313   Thumb Code     0  startup_stm32f4xx.o(.text)
    PVD_IRQHandler                           0x08009313   Thumb Code     0  startup_stm32f4xx.o(.text)
    RCC_IRQHandler                           0x08009313   Thumb Code     0  startup_stm32f4xx.o(.text)
    RTC_Alarm_IRQHandler                     0x08009313   Thumb Code     0  startup_stm32f4xx.o(.text)
    RTC_WKUP_IRQHandler                      0x08009313   Thumb Code     0  startup_stm32f4xx.o(.text)
    SDIO_IRQHandler                          0x08009313   Thumb Code     0  startup_stm32f4xx.o(.text)
    SPI1_IRQHandler                          0x08009313   Thumb Code     0  startup_stm32f4xx.o(.text)
    SPI2_IRQHandler                          0x08009313   Thumb Code     0  startup_stm32f4xx.o(.text)
    SPI3_IRQHandler                          0x08009313   Thumb Code     0  startup_stm32f4xx.o(.text)
    TAMP_STAMP_IRQHandler                    0x08009313   Thumb Code     0  startup_stm32f4xx.o(.text)
    TIM1_BRK_TIM9_IRQHandler                 0x08009313   Thumb Code     0  startup_stm32f4xx.o(.text)
    TIM1_CC_IRQHandler                       0x08009313   Thumb Code     0  startup_stm32f4xx.o(.text)
    TIM1_TRG_COM_TIM11_IRQHandler            0x08009313   Thumb Code     0  startup_stm32f4xx.o(.text)
    TIM6_DAC_IRQHandler                      0x08009313   Thumb Code     0  startup_stm32f4xx.o(.text)
    TIM7_IRQHandler                          0x08009313   Thumb Code     0  startup_stm32f4xx.o(.text)
    TIM8_BRK_TIM12_IRQHandler                0x08009313   Thumb Code     0  startup_stm32f4xx.o(.text)
    TIM8_CC_IRQHandler                       0x08009313   Thumb Code     0  startup_stm32f4xx.o(.text)
    TIM8_TRG_COM_TIM14_IRQHandler            0x08009313   Thumb Code     0  startup_stm32f4xx.o(.text)
    UART4_IRQHandler                         0x08009313   Thumb Code     0  startup_stm32f4xx.o(.text)
    USART6_IRQHandler                        0x08009313   Thumb Code     0  startup_stm32f4xx.o(.text)
    WWDG_IRQHandler                          0x08009313   Thumb Code     0  startup_stm32f4xx.o(.text)
    __user_initial_stackheap                 0x08009315   Thumb Code     0  startup_stm32f4xx.o(.text)
    __aeabi_memcpy4                          0x08009339   Thumb Code     0  rt_memcpy_w.o(.text)
    __aeabi_memcpy8                          0x08009339   Thumb Code     0  rt_memcpy_w.o(.text)
    __rt_memcpy_w                            0x08009339   Thumb Code   100  rt_memcpy_w.o(.text)
    _memcpy_lastbytes_aligned                0x08009381   Thumb Code     0  rt_memcpy_w.o(.text)
    __use_two_region_memory                  0x0800939d   Thumb Code     2  heapauxi.o(.text)
    __rt_heap_escrow$2region                 0x0800939f   Thumb Code     2  heapauxi.o(.text)
    __rt_heap_expand$2region                 0x080093a1   Thumb Code     2  heapauxi.o(.text)
    __read_errno                             0x080093a3   Thumb Code    10  _rserrno.o(.text)
    __set_errno                              0x080093ad   Thumb Code    12  _rserrno.o(.text)
    __aeabi_errno_addr                       0x080093b9   Thumb Code     8  rt_errno_addr_intlibspace.o(.text)
    __errno$intlibspace                      0x080093b9   Thumb Code     0  rt_errno_addr_intlibspace.o(.text)
    __rt_errno_addr$intlibspace              0x080093b9   Thumb Code     0  rt_errno_addr_intlibspace.o(.text)
    __user_libspace                          0x080093c1   Thumb Code     8  libspace.o(.text)
    __user_perproc_libspace                  0x080093c1   Thumb Code     0  libspace.o(.text)
    __user_perthread_libspace                0x080093c1   Thumb Code     0  libspace.o(.text)
    __user_setup_stackheap                   0x080093c9   Thumb Code    74  sys_stackheap_outer.o(.text)
    exit                                     0x08009413   Thumb Code    18  exit.o(.text)
    _sys_exit                                0x08009425   Thumb Code     8  sys_exit.o(.text)
    __I$use$semihosting                      0x08009431   Thumb Code     0  use_no_semi.o(.text)
    __use_no_semihosting_swi                 0x08009431   Thumb Code     2  use_no_semi.o(.text)
    __ARM_fpclassify                         0x08009433   Thumb Code    40  fpclassify.o(i.__ARM_fpclassify)
    __semihosting_library_function           0x08009433   Thumb Code     0  indicate_semi.o(.text)
    __ARM_fpclassifyf                        0x0800945b   Thumb Code    38  fpclassifyf.o(i.__ARM_fpclassifyf)
    __ieee754_rem_pio2                       0x08009481   Thumb Code   828  rred.o(i.__ieee754_rem_pio2)
    __kernel_cos                             0x08009809   Thumb Code   230  cos_i.o(i.__kernel_cos)
    __kernel_poly                            0x08009905   Thumb Code   170  poly.o(i.__kernel_poly)
    __kernel_sin                             0x080099b1   Thumb Code   224  sin_i.o(i.__kernel_sin)
    __kernel_tan                             0x08009a9d   Thumb Code   586  tan_i.o(i.__kernel_tan)
    __mathlib_dbl_divzero                    0x08009d19   Thumb Code    12  dunder.o(i.__mathlib_dbl_divzero)
    __mathlib_dbl_infnan                     0x08009d29   Thumb Code     6  dunder.o(i.__mathlib_dbl_infnan)
    __mathlib_dbl_infnan2                    0x08009d2f   Thumb Code     4  dunder.o(i.__mathlib_dbl_infnan2)
    __mathlib_dbl_invalid                    0x08009d33   Thumb Code    12  dunder.o(i.__mathlib_dbl_invalid)
    __mathlib_dbl_overflow                   0x08009d3f   Thumb Code    14  dunder.o(i.__mathlib_dbl_overflow)
    __mathlib_dbl_underflow                  0x08009d4d   Thumb Code    10  dunder.o(i.__mathlib_dbl_underflow)
    __mathlib_flt_infnan                     0x08009d5d   Thumb Code     6  funder.o(i.__mathlib_flt_infnan)
    __mathlib_flt_invalid                    0x08009d63   Thumb Code     8  funder.o(i.__mathlib_flt_invalid)
    __mathlib_flt_underflow                  0x08009d6b   Thumb Code    10  funder.o(i.__mathlib_flt_underflow)
    __mathlib_rredf2                         0x08009d75   Thumb Code   344  rredf.o(i.__mathlib_rredf2)
    asinf                                    0x08009edd   Thumb Code   254  asinf.o(i.asinf)
    atan                                     0x0800a001   Thumb Code   474  atan.o(i.atan)
    atan2                                    0x0800a221   Thumb Code   346  atan2.o(i.atan2)
    cos                                      0x0800a3a1   Thumb Code   148  cos.o(i.cos)
    cosf                                     0x0800a43d   Thumb Code   328  cosf.o(i.cosf)
    pow                                      0x0800a5b9   Thumb Code  2512  pow.o(i.pow)
    sin                                      0x0800af91   Thumb Code   150  sin.o(i.sin)
    sinf                                     0x0800b031   Thumb Code   338  sinf.o(i.sinf)
    sqrt                                     0x0800b1b9   Thumb Code    76  sqrt.o(i.sqrt)
    sqrtf                                    0x0800b205   Thumb Code    44  sqrtf.o(i.sqrtf)
    tan                                      0x0800b231   Thumb Code    90  tan.o(i.tan)
    __aeabi_d2f                              0x0800b295   Thumb Code     0  d2f.o(x$fpl$d2f)
    _d2f                                     0x0800b295   Thumb Code    98  d2f.o(x$fpl$d2f)
    __aeabi_dadd                             0x0800b2f9   Thumb Code     0  daddsub_clz.o(x$fpl$dadd)
    _dadd                                    0x0800b2f9   Thumb Code   332  daddsub_clz.o(x$fpl$dadd)
    __fpl_dcheck_NaN1                        0x0800b449   Thumb Code    10  dcheck1.o(x$fpl$dcheck1)
    __fpl_dcmp_Inf                           0x0800b459   Thumb Code    24  dcmpi.o(x$fpl$dcmpinf)
    __aeabi_ddiv                             0x0800b471   Thumb Code     0  ddiv.o(x$fpl$ddiv)
    _ddiv                                    0x0800b471   Thumb Code   552  ddiv.o(x$fpl$ddiv)
    __aeabi_d2iz                             0x0800b721   Thumb Code     0  dfix.o(x$fpl$dfix)
    _dfix                                    0x0800b721   Thumb Code    94  dfix.o(x$fpl$dfix)
    __aeabi_i2d                              0x0800b77f   Thumb Code     0  dflt_clz.o(x$fpl$dflt)
    _dflt                                    0x0800b77f   Thumb Code    46  dflt_clz.o(x$fpl$dflt)
    __aeabi_ui2d                             0x0800b7ad   Thumb Code     0  dflt_clz.o(x$fpl$dfltu)
    _dfltu                                   0x0800b7ad   Thumb Code    38  dflt_clz.o(x$fpl$dfltu)
    __aeabi_cdcmple                          0x0800b7d5   Thumb Code     0  dleqf.o(x$fpl$dleqf)
    _dcmple                                  0x0800b7d5   Thumb Code   120  dleqf.o(x$fpl$dleqf)
    __fpl_dcmple_InfNaN                      0x0800b837   Thumb Code     0  dleqf.o(x$fpl$dleqf)
    __aeabi_dmul                             0x0800b84d   Thumb Code     0  dmul.o(x$fpl$dmul)
    _dmul                                    0x0800b84d   Thumb Code   332  dmul.o(x$fpl$dmul)
    __fpl_dnaninf                            0x0800b9a1   Thumb Code   156  dnaninf.o(x$fpl$dnaninf)
    __fpl_dretinf                            0x0800ba3d   Thumb Code    12  dretinf.o(x$fpl$dretinf)
    __aeabi_cdrcmple                         0x0800ba49   Thumb Code     0  drleqf.o(x$fpl$drleqf)
    _drcmple                                 0x0800ba49   Thumb Code   108  drleqf.o(x$fpl$drleqf)
    __aeabi_drsub                            0x0800bab5   Thumb Code     0  daddsub_clz.o(x$fpl$drsb)
    _drsb                                    0x0800bab5   Thumb Code    22  daddsub_clz.o(x$fpl$drsb)
    _dsqrt                                   0x0800bacd   Thumb Code   404  dsqrt_umaal.o(x$fpl$dsqrt)
    __aeabi_dsub                             0x0800bc65   Thumb Code     0  daddsub_clz.o(x$fpl$dsub)
    _dsub                                    0x0800bc65   Thumb Code   464  daddsub_clz.o(x$fpl$dsub)
    __aeabi_f2d                              0x0800be39   Thumb Code     0  f2d.o(x$fpl$f2d)
    _f2d                                     0x0800be39   Thumb Code    86  f2d.o(x$fpl$f2d)
    __aeabi_fadd                             0x0800be91   Thumb Code     0  faddsub_clz.o(x$fpl$fadd)
    _fadd                                    0x0800be91   Thumb Code   196  faddsub_clz.o(x$fpl$fadd)
    __fpl_fcheck_NaN1                        0x0800bf55   Thumb Code     6  fcheck1.o(x$fpl$fcheck1)
    __fpl_fcmp_Inf                           0x0800bf61   Thumb Code    24  fcmpi.o(x$fpl$fcmpinf)
    __aeabi_fdiv                             0x0800bf79   Thumb Code     0  fdiv.o(x$fpl$fdiv)
    _fdiv                                    0x0800bf79   Thumb Code   384  fdiv.o(x$fpl$fdiv)
    __aeabi_cfcmpeq                          0x0800c0fd   Thumb Code     0  feqf.o(x$fpl$feqf)
    _fcmpeq                                  0x0800c0fd   Thumb Code   104  feqf.o(x$fpl$feqf)
    __aeabi_f2iz                             0x0800c165   Thumb Code     0  ffix.o(x$fpl$ffix)
    _ffix                                    0x0800c165   Thumb Code    54  ffix.o(x$fpl$ffix)
    __aeabi_i2f                              0x0800c19d   Thumb Code     0  fflt_clz.o(x$fpl$fflt)
    _fflt                                    0x0800c19d   Thumb Code    48  fflt_clz.o(x$fpl$fflt)
    __aeabi_ui2f                             0x0800c1cd   Thumb Code     0  fflt_clz.o(x$fpl$ffltu)
    _ffltu                                   0x0800c1cd   Thumb Code    38  fflt_clz.o(x$fpl$ffltu)
    __aeabi_cfcmple                          0x0800c1f5   Thumb Code     0  fleqf.o(x$fpl$fleqf)
    _fcmple                                  0x0800c1f5   Thumb Code   104  fleqf.o(x$fpl$fleqf)
    __fpl_fcmple_InfNaN                      0x0800c247   Thumb Code     0  fleqf.o(x$fpl$fleqf)
    __aeabi_fmul                             0x0800c25d   Thumb Code     0  fmul.o(x$fpl$fmul)
    _fmul                                    0x0800c25d   Thumb Code   258  fmul.o(x$fpl$fmul)
    __fpl_fnaninf                            0x0800c35f   Thumb Code   140  fnaninf.o(x$fpl$fnaninf)
    __fpl_fretinf                            0x0800c3eb   Thumb Code    10  fretinf.o(x$fpl$fretinf)
    __aeabi_cfrcmple                         0x0800c3f5   Thumb Code     0  frleqf.o(x$fpl$frleqf)
    _frcmple                                 0x0800c3f5   Thumb Code    98  frleqf.o(x$fpl$frleqf)
    _frnd                                    0x0800c459   Thumb Code    96  frnd.o(x$fpl$frnd)
    __aeabi_frsub                            0x0800c4b9   Thumb Code     0  faddsub_clz.o(x$fpl$frsb)
    _frsb                                    0x0800c4b9   Thumb Code    20  faddsub_clz.o(x$fpl$frsb)
    _fsqrt                                   0x0800c4cd   Thumb Code   272  fsqrt.o(x$fpl$fsqrt)
    __aeabi_fsub                             0x0800c5dd   Thumb Code     0  faddsub_clz.o(x$fpl$fsub)
    _fsub                                    0x0800c5dd   Thumb Code   234  faddsub_clz.o(x$fpl$fsub)
    __fpl_return_NaN                         0x0800c6c7   Thumb Code   100  retnan.o(x$fpl$retnan)
    __ARM_scalbn                             0x0800c72b   Thumb Code    92  scalbn.o(x$fpl$scalbn)
    __ARM_scalbnf                            0x0800c787   Thumb Code    76  scalbnf.o(x$fpl$scalbnf)
    __fpl_cmpreturn                          0x0800c7d3   Thumb Code    48  trapv.o(x$fpl$trapveneer)
    __I$use$fp                               0x0800c802   Number         0  usenofp.o(x$fpl$usenofp)
    __mathlib_zero                           0x0800ca68   Data           8  qnan.o(.constdata)
    Region$$Table$$Base                      0x0800cbe0   Number         0  anon$$obj.o(Region$$Table)
    Region$$Table$$Limit                     0x0800cc00   Number         0  anon$$obj.o(Region$$Table)
    CPUUsage                                 0x20000000   Data           4  main.o(.data)
    Key1                                     0x20000004   Data           4  main.o(.data)
    Key2                                     0x20000008   Data           4  main.o(.data)
    posX                                     0x2000027c   Data           4  stm32f4xx_it.o(.data)
    posY                                     0x20000280   Data           4  stm32f4xx_it.o(.data)
    stopUSARTsignal                          0x20000284   Data           4  stm32f4xx_it.o(.data)
    nowShootVel                              0x20000288   Data           4  stm32f4xx_it.o(.data)
    Ball_counter                             0x2000028c   Data           4  stm32f4xx_it.o(.data)
    tmp                                      0x20000290   Data           1  stm32f4xx_it.o(.data)
    t_FindBall                               0x200002d4   Data           4  timer.o(.data)
    SystemCoreClock                          0x20000324   Data           4  system_stm32f4xx.o(.data)
    AHBPrescTable                            0x20000328   Data          16  system_stm32f4xx.o(.data)
    gRobot                                   0x20000338   Data          68  main.o(.bss)
    __libspace_start                         0x20000444   Data          96  libspace.o(.bss)
    __temporary_stack_top$libspace           0x200004a4   Data           0  libspace.o(.bss)



==============================================================================

Memory Map of the image

  Image Entry point : 0x08000189

  Load Region LR_IROM1 (Base: 0x08000000, Size: 0x0000cf38, Max: 0x00080000, ABSOLUTE, COMPRESSED[0x0000cc6c])

    Execution Region ER_IROM1 (Base: 0x08000000, Size: 0x0000cc00, Max: 0x00080000, ABSOLUTE)

    Base Addr    Size         Type   Attr      Idx    E Section Name        Object

    0x08000000   0x00000188   Data   RO         1391    RESET               startup_stm32f4xx.o
    0x08000188   0x00000008   Code   RO         1402  * !!!main             c_w.l(__main.o)
    0x08000190   0x00000034   Code   RO         1815    !!!scatter          c_w.l(__scatter.o)
    0x080001c4   0x0000005a   Code   RO         1813    !!dczerorl2         c_w.l(__dczerorl2.o)
    0x0800021e   0x00000002   PAD
    0x08000220   0x0000001c   Code   RO         1817    !!handler_zi        c_w.l(__scatter_zi.o)
    0x0800023c   0x00000002   Code   RO         1682    .ARM.Collect$$libinit$$00000000  c_w.l(libinit.o)
    0x0800023e   0x00000000   Code   RO         1688    .ARM.Collect$$libinit$$00000002  c_w.l(libinit2.o)
    0x0800023e   0x00000000   Code   RO         1690    .ARM.Collect$$libinit$$00000004  c_w.l(libinit2.o)
    0x0800023e   0x00000000   Code   RO         1693    .ARM.Collect$$libinit$$0000000A  c_w.l(libinit2.o)
    0x0800023e   0x00000000   Code   RO         1695    .ARM.Collect$$libinit$$0000000C  c_w.l(libinit2.o)
    0x0800023e   0x00000000   Code   RO         1697    .ARM.Collect$$libinit$$0000000E  c_w.l(libinit2.o)
    0x0800023e   0x00000000   Code   RO         1700    .ARM.Collect$$libinit$$00000011  c_w.l(libinit2.o)
    0x0800023e   0x00000000   Code   RO         1702    .ARM.Collect$$libinit$$00000013  c_w.l(libinit2.o)
    0x0800023e   0x00000000   Code   RO         1704    .ARM.Collect$$libinit$$00000015  c_w.l(libinit2.o)
    0x0800023e   0x00000000   Code   RO         1706    .ARM.Collect$$libinit$$00000017  c_w.l(libinit2.o)
    0x0800023e   0x00000000   Code   RO         1708    .ARM.Collect$$libinit$$00000019  c_w.l(libinit2.o)
    0x0800023e   0x00000000   Code   RO         1710    .ARM.Collect$$libinit$$0000001B  c_w.l(libinit2.o)
    0x0800023e   0x00000000   Code   RO         1712    .ARM.Collect$$libinit$$0000001D  c_w.l(libinit2.o)
    0x0800023e   0x00000000   Code   RO         1714    .ARM.Collect$$libinit$$0000001F  c_w.l(libinit2.o)
    0x0800023e   0x00000000   Code   RO         1716    .ARM.Collect$$libinit$$00000021  c_w.l(libinit2.o)
    0x0800023e   0x00000000   Code   RO         1718    .ARM.Collect$$libinit$$00000023  c_w.l(libinit2.o)
    0x0800023e   0x00000000   Code   RO         1720    .ARM.Collect$$libinit$$00000025  c_w.l(libinit2.o)
    0x0800023e   0x00000000   Code   RO         1724    .ARM.Collect$$libinit$$0000002C  c_w.l(libinit2.o)
    0x0800023e   0x00000000   Code   RO         1726    .ARM.Collect$$libinit$$0000002E  c_w.l(libinit2.o)
    0x0800023e   0x00000000   Code   RO         1728    .ARM.Collect$$libinit$$00000030  c_w.l(libinit2.o)
    0x0800023e   0x00000000   Code   RO         1730    .ARM.Collect$$libinit$$00000032  c_w.l(libinit2.o)
    0x0800023e   0x00000002   Code   RO         1731    .ARM.Collect$$libinit$$00000033  c_w.l(libinit2.o)
    0x08000240   0x00000002   Code   RO         1753    .ARM.Collect$$libshutdown$$00000000  c_w.l(libshutdown.o)
    0x08000242   0x00000000   Code   RO         1766    .ARM.Collect$$libshutdown$$00000002  c_w.l(libshutdown2.o)
    0x08000242   0x00000000   Code   RO         1768    .ARM.Collect$$libshutdown$$00000004  c_w.l(libshutdown2.o)
    0x08000242   0x00000000   Code   RO         1771    .ARM.Collect$$libshutdown$$00000007  c_w.l(libshutdown2.o)
    0x08000242   0x00000000   Code   RO         1774    .ARM.Collect$$libshutdown$$0000000A  c_w.l(libshutdown2.o)
    0x08000242   0x00000000   Code   RO         1776    .ARM.Collect$$libshutdown$$0000000C  c_w.l(libshutdown2.o)
    0x08000242   0x00000000   Code   RO         1779    .ARM.Collect$$libshutdown$$0000000F  c_w.l(libshutdown2.o)
    0x08000242   0x00000002   Code   RO         1780    .ARM.Collect$$libshutdown$$00000010  c_w.l(libshutdown2.o)
    0x08000244   0x00000000   Code   RO         1554    .ARM.Collect$$rtentry$$00000000  c_w.l(__rtentry.o)
    0x08000244   0x00000000   Code   RO         1645    .ARM.Collect$$rtentry$$00000002  c_w.l(__rtentry2.o)
    0x08000244   0x00000006   Code   RO         1657    .ARM.Collect$$rtentry$$00000004  c_w.l(__rtentry4.o)
    0x0800024a   0x00000000   Code   RO         1647    .ARM.Collect$$rtentry$$00000009  c_w.l(__rtentry2.o)
    0x0800024a   0x00000004   Code   RO         1648    .ARM.Collect$$rtentry$$0000000A  c_w.l(__rtentry2.o)
    0x0800024e   0x00000000   Code   RO         1650    .ARM.Collect$$rtentry$$0000000C  c_w.l(__rtentry2.o)
    0x0800024e   0x00000008   Code   RO         1651    .ARM.Collect$$rtentry$$0000000D  c_w.l(__rtentry2.o)
    0x08000256   0x00000002   Code   RO         1685    .ARM.Collect$$rtexit$$00000000  c_w.l(rtexit.o)
    0x08000258   0x00000000   Code   RO         1735    .ARM.Collect$$rtexit$$00000002  c_w.l(rtexit2.o)
    0x08000258   0x00000004   Code   RO         1736    .ARM.Collect$$rtexit$$00000003  c_w.l(rtexit2.o)
    0x0800025c   0x00000006   Code   RO         1737    .ARM.Collect$$rtexit$$00000004  c_w.l(rtexit2.o)
    0x08000262   0x00000002   PAD
    0x08000264   0x000000fc   Code   RO            4    .text               main.o
    0x08000360   0x00002514   Code   RO          162    .text               sweep.o
    0x08002874   0x00000470   Code   RO          236    .text               shoot.o
    0x08002ce4   0x0000046c   Code   RO          268    .text               fix.o
    0x08003150   0x0000184c   Code   RO          294    .text               circle.o
    0x0800499c   0x00000450   Code   RO          322    .text               can.o
    0x08004dec   0x0000046c   Code   RO          346    .text               stm32f4xx_it.o
    0x08005258   0x00000358   Code   RO          375    .text               timer.o
    0x080055b0   0x000006d4   Code   RO          402    .text               elmo.o
    0x08005c84   0x000000dc   Code   RO          427    .text               adc.o
    0x08005d60   0x00000138   Code   RO          460    .text               gpio.o
    0x08005e98   0x000005dc   Code   RO          484    .text               usart.o
    0x08006474   0x00000104   Code   RO          515    .text               motor.o
    0x08006578   0x00000384   Code   RO          539    .text               tools.o
    0x080068fc   0x000000e0   Code   RO          565    .text               misc.o
    0x080069dc   0x00000464   Code   RO          589    .text               stm32f4xx_adc.o
    0x08006e40   0x000009f0   Code   RO          613    .text               stm32f4xx_can.o
    0x08007830   0x0000025c   Code   RO          946    .text               stm32f4xx_gpio.o
    0x08007a8c   0x00000588   Code   RO         1126    .text               stm32f4xx_rcc.o
    0x08008014   0x00000ca2   Code   RO         1287    .text               stm32f4xx_tim.o
    0x08008cb6   0x00000002   PAD
    0x08008cb8   0x0000043e   Code   RO         1311    .text               stm32f4xx_usart.o
    0x080090f6   0x00000002   PAD
    0x080090f8   0x00000200   Code   RO         1362    .text               system_stm32f4xx.o
    0x080092f8   0x00000040   Code   RO         1392    .text               startup_stm32f4xx.o
    0x08009338   0x00000064   Code   RO         1398    .text               c_w.l(rt_memcpy_w.o)
    0x0800939c   0x00000006   Code   RO         1400    .text               c_w.l(heapauxi.o)
    0x080093a2   0x00000016   Code   RO         1555    .text               c_w.l(_rserrno.o)
    0x080093b8   0x00000008   Code   RO         1662    .text               c_w.l(rt_errno_addr_intlibspace.o)
    0x080093c0   0x00000008   Code   RO         1670    .text               c_w.l(libspace.o)
    0x080093c8   0x0000004a   Code   RO         1673    .text               c_w.l(sys_stackheap_outer.o)
    0x08009412   0x00000012   Code   RO         1675    .text               c_w.l(exit.o)
    0x08009424   0x0000000c   Code   RO         1745    .text               c_w.l(sys_exit.o)
    0x08009430   0x00000002   Code   RO         1756    .text               c_w.l(use_no_semi.o)
    0x08009432   0x00000000   Code   RO         1758    .text               c_w.l(indicate_semi.o)
    0x08009432   0x00000028   Code   RO         1595    i.__ARM_fpclassify  m_ws.l(fpclassify.o)
    0x0800945a   0x00000026   Code   RO         1597    i.__ARM_fpclassifyf  m_ws.l(fpclassifyf.o)
    0x08009480   0x00000388   Code   RO         1616    i.__ieee754_rem_pio2  m_ws.l(rred.o)
    0x08009808   0x000000fc   Code   RO         1578    i.__kernel_cos      m_ws.l(cos_i.o)
    0x08009904   0x000000aa   Code   RO         1613    i.__kernel_poly     m_ws.l(poly.o)
    0x080099ae   0x00000002   PAD
    0x080099b0   0x000000ec   Code   RO         1624    i.__kernel_sin      m_ws.l(sin_i.o)
    0x08009a9c   0x0000027c   Code   RO         1638    i.__kernel_tan      m_ws.l(tan_i.o)
    0x08009d18   0x00000010   Code   RO         1581    i.__mathlib_dbl_divzero  m_ws.l(dunder.o)
    0x08009d28   0x00000006   Code   RO         1582    i.__mathlib_dbl_infnan  m_ws.l(dunder.o)
    0x08009d2e   0x00000004   Code   RO         1583    i.__mathlib_dbl_infnan2  m_ws.l(dunder.o)
    0x08009d32   0x0000000c   Code   RO         1584    i.__mathlib_dbl_invalid  m_ws.l(dunder.o)
    0x08009d3e   0x0000000e   Code   RO         1585    i.__mathlib_dbl_overflow  m_ws.l(dunder.o)
    0x08009d4c   0x00000010   Code   RO         1587    i.__mathlib_dbl_underflow  m_ws.l(dunder.o)
    0x08009d5c   0x00000006   Code   RO         1600    i.__mathlib_flt_infnan  m_ws.l(funder.o)
    0x08009d62   0x00000008   Code   RO         1602    i.__mathlib_flt_invalid  m_ws.l(funder.o)
    0x08009d6a   0x0000000a   Code   RO         1605    i.__mathlib_flt_underflow  m_ws.l(funder.o)
    0x08009d74   0x00000168   Code   RO         1621    i.__mathlib_rredf2  m_ws.l(rredf.o)
    0x08009edc   0x00000124   Code   RO         1463    i.asinf             m_ws.l(asinf.o)
    0x0800a000   0x00000220   Code   RO         1471    i.atan              m_ws.l(atan.o)
    0x0800a220   0x00000180   Code   RO         1481    i.atan2             m_ws.l(atan2.o)
    0x0800a3a0   0x0000009c   Code   RO         1489    i.cos               m_ws.l(cos.o)
    0x0800a43c   0x0000017c   Code   RO         1497    i.cosf              m_ws.l(cosf.o)
    0x0800a5b8   0x000009d8   Code   RO         1505    i.pow               m_ws.l(pow.o)
    0x0800af90   0x000000a0   Code   RO         1515    i.sin               m_ws.l(sin.o)
    0x0800b030   0x00000188   Code   RO         1523    i.sinf              m_ws.l(sinf.o)
    0x0800b1b8   0x0000004c   Code   RO         1531    i.sqrt              m_ws.l(sqrt.o)
    0x0800b204   0x0000002c   Code   RO         1631    i.sqrtf             m_ws.l(sqrtf.o)
    0x0800b230   0x00000064   Code   RO         1539    i.tan               m_ws.l(tan.o)
    0x0800b294   0x00000062   Code   RO         1404    x$fpl$d2f           fz_ws.l(d2f.o)
    0x0800b2f6   0x00000002   PAD
    0x0800b2f8   0x00000150   Code   RO         1406    x$fpl$dadd          fz_ws.l(daddsub_clz.o)
    0x0800b448   0x00000010   Code   RO         1664    x$fpl$dcheck1       fz_ws.l(dcheck1.o)
    0x0800b458   0x00000018   Code   RO         1557    x$fpl$dcmpinf       fz_ws.l(dcmpi.o)
    0x0800b470   0x000002b0   Code   RO         1413    x$fpl$ddiv          fz_ws.l(ddiv.o)
    0x0800b720   0x0000005e   Code   RO         1416    x$fpl$dfix          fz_ws.l(dfix.o)
    0x0800b77e   0x0000002e   Code   RO         1421    x$fpl$dflt          fz_ws.l(dflt_clz.o)
    0x0800b7ac   0x00000026   Code   RO         1420    x$fpl$dfltu         fz_ws.l(dflt_clz.o)
    0x0800b7d2   0x00000002   PAD
    0x0800b7d4   0x00000078   Code   RO         1426    x$fpl$dleqf         fz_ws.l(dleqf.o)
    0x0800b84c   0x00000154   Code   RO         1428    x$fpl$dmul          fz_ws.l(dmul.o)
    0x0800b9a0   0x0000009c   Code   RO         1559    x$fpl$dnaninf       fz_ws.l(dnaninf.o)
    0x0800ba3c   0x0000000c   Code   RO         1561    x$fpl$dretinf       fz_ws.l(dretinf.o)
    0x0800ba48   0x0000006c   Code   RO         1430    x$fpl$drleqf        fz_ws.l(drleqf.o)
    0x0800bab4   0x00000016   Code   RO         1407    x$fpl$drsb          fz_ws.l(daddsub_clz.o)
    0x0800baca   0x00000002   PAD
    0x0800bacc   0x00000198   Code   RO         1563    x$fpl$dsqrt         fz_ws.l(dsqrt_umaal.o)
    0x0800bc64   0x000001d4   Code   RO         1408    x$fpl$dsub          fz_ws.l(daddsub_clz.o)
    0x0800be38   0x00000056   Code   RO         1432    x$fpl$f2d           fz_ws.l(f2d.o)
    0x0800be8e   0x00000002   PAD
    0x0800be90   0x000000c4   Code   RO         1434    x$fpl$fadd          fz_ws.l(faddsub_clz.o)
    0x0800bf54   0x0000000c   Code   RO         1666    x$fpl$fcheck1       fz_ws.l(fcheck1.o)
    0x0800bf60   0x00000018   Code   RO         1565    x$fpl$fcmpinf       fz_ws.l(fcmpi.o)
    0x0800bf78   0x00000184   Code   RO         1441    x$fpl$fdiv          fz_ws.l(fdiv.o)
    0x0800c0fc   0x00000068   Code   RO         1444    x$fpl$feqf          fz_ws.l(feqf.o)
    0x0800c164   0x00000036   Code   RO         1446    x$fpl$ffix          fz_ws.l(ffix.o)
    0x0800c19a   0x00000002   PAD
    0x0800c19c   0x00000030   Code   RO         1451    x$fpl$fflt          fz_ws.l(fflt_clz.o)
    0x0800c1cc   0x00000026   Code   RO         1450    x$fpl$ffltu         fz_ws.l(fflt_clz.o)
    0x0800c1f2   0x00000002   PAD
    0x0800c1f4   0x00000068   Code   RO         1456    x$fpl$fleqf         fz_ws.l(fleqf.o)
    0x0800c25c   0x00000102   Code   RO         1458    x$fpl$fmul          fz_ws.l(fmul.o)
    0x0800c35e   0x0000008c   Code   RO         1567    x$fpl$fnaninf       fz_ws.l(fnaninf.o)
    0x0800c3ea   0x0000000a   Code   RO         1569    x$fpl$fretinf       fz_ws.l(fretinf.o)
    0x0800c3f4   0x00000062   Code   RO         1460    x$fpl$frleqf        fz_ws.l(frleqf.o)
    0x0800c456   0x00000002   PAD
    0x0800c458   0x00000060   Code   RO         1571    x$fpl$frnd          fz_ws.l(frnd.o)
    0x0800c4b8   0x00000014   Code   RO         1435    x$fpl$frsb          fz_ws.l(faddsub_clz.o)
    0x0800c4cc   0x00000110   Code   RO         1668    x$fpl$fsqrt         fz_ws.l(fsqrt.o)
    0x0800c5dc   0x000000ea   Code   RO         1436    x$fpl$fsub          fz_ws.l(faddsub_clz.o)
    0x0800c6c6   0x00000064   Code   RO         1683    x$fpl$retnan        fz_ws.l(retnan.o)
    0x0800c72a   0x0000005c   Code   RO         1573    x$fpl$scalbn        fz_ws.l(scalbn.o)
    0x0800c786   0x0000004c   Code   RO         1575    x$fpl$scalbnf       fz_ws.l(scalbnf.o)
    0x0800c7d2   0x00000030   Code   RO         1732    x$fpl$trapveneer    fz_ws.l(trapv.o)
    0x0800c802   0x00000000   Code   RO         1577    x$fpl$usenofp       fz_ws.l(usenofp.o)
    0x0800c802   0x00000002   PAD
    0x0800c804   0x00000110   Data   RO          403    .constdata          elmo.o
    0x0800c914   0x00000004   PAD
    0x0800c918   0x00000098   Data   RO         1472    .constdata          m_ws.l(atan.o)
    0x0800c9b0   0x00000088   Data   RO         1506    .constdata          m_ws.l(pow.o)
    0x0800ca38   0x00000030   Data   RO         1579    .constdata          m_ws.l(cos_i.o)
    0x0800ca68   0x00000008   Data   RO         1615    .constdata          m_ws.l(qnan.o)
    0x0800ca70   0x000000c8   Data   RO         1618    .constdata          m_ws.l(rred.o)
    0x0800cb38   0x00000020   Data   RO         1622    .constdata          m_ws.l(rredf.o)
    0x0800cb58   0x00000028   Data   RO         1625    .constdata          m_ws.l(sin_i.o)
    0x0800cb80   0x00000060   Data   RO         1639    .constdata          m_ws.l(tan_i.o)
    0x0800cbe0   0x00000020   Data   RO         1811    Region$$Table       anon$$obj.o


    Execution Region RW_IRAM1 (Base: 0x20000000, Size: 0x00000aa8, Max: 0x00020000, ABSOLUTE, COMPRESSED[0x0000006c])

    Base Addr    Size         Type   Attr      Idx    E Section Name        Object

    0x20000000   0x0000000c   Data   RW            6    .data               main.o
    0x2000000c   0x00000114   Data   RW          163    .data               sweep.o
    0x20000120   0x00000054   Data   RW          237    .data               shoot.o
    0x20000174   0x00000018   Data   RW          269    .data               fix.o
    0x2000018c   0x000000f0   Data   RW          296    .data               circle.o
    0x2000027c   0x00000054   Data   RW          348    .data               stm32f4xx_it.o
    0x200002d0   0x00000014   Data   RW          376    .data               timer.o
    0x200002e4   0x00000030   Data   RW          540    .data               tools.o
    0x20000314   0x00000010   Data   RW         1127    .data               stm32f4xx_rcc.o
    0x20000324   0x00000014   Data   RW         1363    .data               system_stm32f4xx.o
    0x20000338   0x00000044   Zero   RW            5    .bss                main.o
    0x2000037c   0x000000b0   Zero   RW          295    .bss                circle.o
    0x2000042c   0x00000018   Zero   RW          347    .bss                stm32f4xx_it.o
    0x20000444   0x00000060   Zero   RW         1671    .bss                c_w.l(libspace.o)
    0x200004a4   0x00000004   PAD
    0x200004a8   0x00000200   Zero   RW         1390    HEAP                startup_stm32f4xx.o
    0x200006a8   0x00000400   Zero   RW         1389    STACK               startup_stm32f4xx.o


==============================================================================

Image component sizes


      Code (inc. data)   RO Data    RW Data    ZI Data      Debug   Object Name

       220         10          0          0          0       1103   adc.o
      1104         14          0          0          0       2917   can.o
      6220        604          0        240        176       6404   circle.o
      1748         20        272          0          0       5215   elmo.o
      1132        120          0         24          0       2695   fix.o
       312         22          0          0          0       1630   gpio.o
       252         22          0         12         68     269692   main.o
       224         20          0          0          0       1857   misc.o
       260         12          0          0          0       1675   motor.o
      1136        184          0         84          0       2272   shoot.o
        64         26        392          0       1536        808   startup_stm32f4xx.o
      1124         24          0          0          0      10530   stm32f4xx_adc.o
      2544         38          0          0          0       8032   stm32f4xx_can.o
       604         36          0          0          0       4013   stm32f4xx_gpio.o
      1132        150          0         84         24       3744   stm32f4xx_it.o
      1416         48          0         16          0      11003   stm32f4xx_rcc.o
      3234         60          0          0          0      22900   stm32f4xx_tim.o
      1086         26          0          0          0       7812   stm32f4xx_usart.o
      9492        934          0        276          0      21509   sweep.o
       512         44          0         20          0       1695   system_stm32f4xx.o
       856         52          0         20          0       3233   timer.o
       900         84          0         48          0       4218   tools.o
      1500         46          0          0          0       6243   usart.o

    ----------------------------------------------------------------------
     37076       2596        700        824       1804     401200   Object Totals
         0          0         32          0          0          0   (incl. Generated)
         4          0          4          0          0          0   (incl. Padding)

    ----------------------------------------------------------------------

      Code (inc. data)   RO Data    RW Data    ZI Data      Debug   Library Member Name

        90          0          0          0          0          0   __dczerorl2.o
         8          0          0          0          0         68   __main.o
         0          0          0          0          0          0   __rtentry.o
        12          0          0          0          0          0   __rtentry2.o
         6          0          0          0          0          0   __rtentry4.o
        52          8          0          0          0          0   __scatter.o
        28          0          0          0          0          0   __scatter_zi.o
        22          0          0          0          0        100   _rserrno.o
        18          0          0          0          0         80   exit.o
         6          0          0          0          0        152   heapauxi.o
         0          0          0          0          0          0   indicate_semi.o
         2          0          0          0          0          0   libinit.o
         2          0          0          0          0          0   libinit2.o
         2          0          0          0          0          0   libshutdown.o
         2          0          0          0          0          0   libshutdown2.o
         8          4          0          0         96         68   libspace.o
         8          4          0          0          0         68   rt_errno_addr_intlibspace.o
       100          0          0          0          0         80   rt_memcpy_w.o
         2          0          0          0          0          0   rtexit.o
        10          0          0          0          0          0   rtexit2.o
        12          4          0          0          0         68   sys_exit.o
        74          0          0          0          0         80   sys_stackheap_outer.o
         2          0          0          0          0         68   use_no_semi.o
        98          4          0          0          0         92   d2f.o
       826         16          0          0          0        348   daddsub_clz.o
        16          4          0          0          0         68   dcheck1.o
        24          0          0          0          0         68   dcmpi.o
       688        140          0          0          0        208   ddiv.o
        94          4          0          0          0         92   dfix.o
        84          0          0          0          0        136   dflt_clz.o
       120          4          0          0          0         92   dleqf.o
       340         12          0          0          0        104   dmul.o
       156          4          0          0          0         92   dnaninf.o
        12          0          0          0          0         68   dretinf.o
       108          0          0          0          0         80   drleqf.o
       408         56          0          0          0        120   dsqrt_umaal.o
        86          4          0          0          0         84   f2d.o
       450          8          0          0          0        236   faddsub_clz.o
        12          4          0          0          0         68   fcheck1.o
        24          0          0          0          0         68   fcmpi.o
       388         76          0          0          0         96   fdiv.o
       104          4          0          0          0         84   feqf.o
        54          4          0          0          0         84   ffix.o
        86          0          0          0          0        136   fflt_clz.o
       104          4          0          0          0         84   fleqf.o
       258          4          0          0          0         84   fmul.o
       140          4          0          0          0         84   fnaninf.o
        10          0          0          0          0         68   fretinf.o
        98          0          0          0          0         68   frleqf.o
        96          4          0          0          0         76   frnd.o
       272        100          0          0          0         88   fsqrt.o
       100          0          0          0          0         68   retnan.o
        92          0          0          0          0         68   scalbn.o
        76          0          0          0          0         68   scalbnf.o
        48          0          0          0          0         68   trapv.o
         0          0          0          0          0          0   usenofp.o
       292         38          0          0          0        120   asinf.o
       544         70        152          0          0        124   atan.o
       384         38          0          0          0        144   atan2.o
       156          8          0          0          0        104   cos.o
       252         22         48          0          0        124   cos_i.o
       380         52          0          0          0        124   cosf.o
        68         10          0          0          0        408   dunder.o
        40          0          0          0          0         68   fpclassify.o
        38          0          0          0          0         68   fpclassifyf.o
        24          0          0          0          0        204   funder.o
       170          0          0          0          0         96   poly.o
      2520        190        136          0          0        324   pow.o
         0          0          8          0          0          0   qnan.o
       904         76        200          0          0        140   rred.o
       360         16         32          0          0         88   rredf.o
       160         10          0          0          0        108   sin.o
       236         12         40          0          0        128   sin_i.o
       392         54          0          0          0        124   sinf.o
        76          0          0          0          0         84   sqrt.o
        44          0          0          0          0         80   sqrtf.o
       100         10          0          0          0         96   tan.o
       636         50         96          0          0        168   tan_i.o

    ----------------------------------------------------------------------
     13736       1136        712          0        100       7004   Library Totals
        22          0          0          0          4          0   (incl. Padding)

    ----------------------------------------------------------------------

      Code (inc. data)   RO Data    RW Data    ZI Data      Debug   Library Name

       466         20          0          0         96        832   c_w.l
      5472        460          0          0          0       3248   fz_ws.l
      7776        656        712          0          0       2924   m_ws.l

    ----------------------------------------------------------------------
     13736       1136        712          0        100       7004   Library Totals

    ----------------------------------------------------------------------

==============================================================================


      Code (inc. data)   RO Data    RW Data    ZI Data      Debug   

     50812       3732       1412        824       1904     402324   Grand Totals
     50812       3732       1412        108       1904     402324   ELF Image Totals (compressed)
     50812       3732       1412        108          0          0   ROM Totals

==============================================================================

    Total RO  Size (Code + RO Data)                52224 (  51.00kB)
    Total RW  Size (RW Data + ZI Data)              2728 (   2.66kB)
    Total ROM Size (Code + RO Data + RW Data)      52332 (  51.11kB)

==============================================================================

